165.225.92.210 - - [11/Apr/2022:03:40:21 -0700] "GET /wp-content/uploads/2022/03/synciq_bandwidth_reservation_3-300x124.png HTTP/1.1" 200 16440 "http://www.unstructureddatatips.com/onefs-replication-bandwidth-management/" "Mozilla/5.0 (Windows NT 10.0; Win64; x64) AppleWebKit/537.36 (KHTML, like Gecko) Chrome/100.0.4896.75 Safari/537.36" 
165.225.92.210 - - [11/Apr/2022:03:40:21 -0700] "GET /wp-content/uploads/2022/03/synciq_bandwidth_reservation_4-300x228.png HTTP/1.1" 200 22502 "http://www.unstructureddatatips.com/onefs-replication-bandwidth-management/" "Mozilla/5.0 (Windows NT 10.0; Win64; x64) AppleWebKit/537.36 (KHTML, like Gecko) Chrome/100.0.4896.75 Safari/537.36" 
165.225.92.210 - - [11/Apr/2022:03:40:21 -0700] "GET /wp-includes/js/wp-emoji-release.min.js?ver=5.9.3 HTTP/1.1" 200 5439 "http://www.unstructureddatatips.com/onefs-replication-bandwidth-management/" "Mozilla/5.0 (Windows NT 10.0; Win64; x64) AppleWebKit/537.36 (KHTML, like Gecko) Chrome/100.0.4896.75 Safari/537.36" 
165.225.92.210 - - [11/Apr/2022:03:40:21 -0700] "GET /wp-content/uploads/2022/03/synciq_bandwidth_reservation_5-300x222.png HTTP/1.1" 200 22839 "http://www.unstructureddatatips.com/onefs-replication-bandwidth-management/" "Mozilla/5.0 (Windows NT 10.0; Win64; x64) AppleWebKit/537.36 (KHTML, like Gecko) Chrome/100.0.4896.75 Safari/537.36" 
165.225.92.210 - - [11/Apr/2022:03:40:22 -0700] "GET /favicon.ico HTTP/1.1" 200 368 "http://www.unstructureddatatips.com/onefs-replication-bandwidth-management/" "Mozilla/5.0 (Windows NT 10.0; Win64; x64) AppleWebKit/537.36 (KHTML, like Gecko) Chrome/100.0.4896.75 Safari/537.36" 
2.59.133.147 - - [11/Apr/2022:03:41:30 -0700] "GET /feed/ HTTP/1.1" 200 148871 "-" "NextCloud-News/1.0" 
208.113.197.84 - - [11/Apr/2022:03:41:31 -0700] "POST /wp-cron.php?doing_wp_cron=1649673691.6919479370117187500000 HTTP/1.1" 200 258 "http://www.unstructureddatatips.com/wp-cron.php?doing_wp_cron=1649673691.6919479370117187500000" "WordPress/5.9.3; http://www.unstructureddatatips.com" 
62.173.144.190 - - [11/Apr/2022:03:43:48 -0700] "GET /onefs-s3-protocol-support/ HTTP/1.1" 200 12583 "https://www.google.com/" "Mozilla/5.0 (Windows NT 10.0; Win64; x64) AppleWebKit/537.36 (KHTML, like Gecko) Chrome/100.0.4896.75 Safari/537.36" 
62.173.144.190 - - [11/Apr/2022:03:43:50 -0700] "GET /wp-content/plugins/jetpack/modules/theme-tools/compat/twentysixteen.css?ver=10.6 HTTP/1.1" 200 3610 "http://www.unstructureddatatips.com/onefs-s3-protocol-support/" "Mozilla/5.0 (Windows NT 10.0; Win64; x64) AppleWebKit/537.36 (KHTML, like Gecko) Chrome/100.0.4896.75 Safari/537.36" 
62.173.144.190 - - [11/Apr/2022:03:43:50 -0700] "GET /wp-includes/css/dist/block-library/style.min.css?ver=5.9.3 HTTP/1.1" 200 12123 "http://www.unstructureddatatips.com/onefs-s3-protocol-support/" "Mozilla/5.0 (Windows NT 10.0; Win64; x64) AppleWebKit/537.36 (KHTML, like Gecko) Chrome/100.0.4896.75 Safari/537.36" 
62.173.144.190 - - [11/Apr/2022:03:43:50 -0700] "GET /wp-includes/js/mediaelement/wp-mediaelement.min.css?ver=5.9.3 HTTP/1.1" 200 1588 "http://www.unstructureddatatips.com/onefs-s3-protocol-support/" "Mozilla/5.0 (Windows NT 10.0; Win64; x64) AppleWebKit/537.36 (KHTML, like Gecko) Chrome/100.0.4896.75 Safari/537.36" 
62.173.144.190 - - [11/Apr/2022:03:43:50 -0700] "GET /wp-includes/js/mediaelement/mediaelementplayer-legacy.min.css?ver=4.2.16 HTTP/1.1" 200 3019 "http://www.unstructureddatatips.com/onefs-s3-protocol-support/" "Mozilla/5.0 (Windows NT 10.0; Win64; x64) AppleWebKit/537.36 (KHTML, like Gecko) Chrome/100.0.4896.75 Safari/537.36" 
62.173.144.190 - - [11/Apr/2022:03:43:50 -0700] "GET /wp-content/themes/twentysixteen/css/blocks.css?ver=20181230 HTTP/1.1" 200 2248 "http://www.unstructureddatatips.com/onefs-s3-protocol-support/" "Mozilla/5.0 (Windows NT 10.0; Win64; x64) AppleWebKit/537.36 (KHTML, like Gecko) Chrome/100.0.4896.75 Safari/537.36" 
62.173.144.190 - - [11/Apr/2022:03:43:50 -0700] "GET /wp-content/themes/twentysixteen/style.css?ver=5.9.3 HTTP/1.1" 200 14032 "http://www.unstructureddatatips.com/onefs-s3-protocol-support/" "Mozilla/5.0 (Windows NT 10.0; Win64; x64) AppleWebKit/537.36 (KHTML, like Gecko) Chrome/100.0.4896.75 Safari/537.36" 
62.173.144.190 - - [11/Apr/2022:03:43:50 -0700] "GET /wp-content/plugins/jetpack/_inc/genericons/genericons/genericons.css?ver=3.1 HTTP/1.1" 200 16754 "http://www.unstructureddatatips.com/onefs-s3-protocol-support/" "Mozilla/5.0 (Windows NT 10.0; Win64; x64) AppleWebKit/537.36 (KHTML, like Gecko) Chrome/100.0.4896.75 Safari/537.36" 
62.173.144.190 - - [11/Apr/2022:03:43:50 -0700] "GET /wp-content/plugins/jetpack/css/jetpack.css?ver=10.6 HTTP/1.1" 200 17457 "http://www.unstructureddatatips.com/onefs-s3-protocol-support/" "Mozilla/5.0 (Windows NT 10.0; Win64; x64) AppleWebKit/537.36 (KHTML, like Gecko) Chrome/100.0.4896.75 Safari/537.36" 
62.173.144.190 - - [11/Apr/2022:03:43:50 -0700] "GET /wp-includes/js/jquery/jquery-migrate.min.js?ver=3.3.2 HTTP/1.1" 200 4622 "http://www.unstructureddatatips.com/onefs-s3-protocol-support/" "Mozilla/5.0 (Windows NT 10.0; Win64; x64) AppleWebKit/537.36 (KHTML, like Gecko) Chrome/100.0.4896.75 Safari/537.36" 
62.173.144.190 - - [11/Apr/2022:03:43:50 -0700] "GET /wp-includes/js/jquery/jquery.min.js?ver=3.6.0 HTTP/1.1" 200 31860 "http://www.unstructureddatatips.com/onefs-s3-protocol-support/" "Mozilla/5.0 (Windows NT 10.0; Win64; x64) AppleWebKit/537.36 (KHTML, like Gecko) Chrome/100.0.4896.75 Safari/537.36" 
62.173.144.190 - - [11/Apr/2022:03:43:51 -0700] "GET /wp-content/themes/twentysixteen/js/skip-link-focus-fix.js?ver=20160816 HTTP/1.1" 200 1004 "http://www.unstructureddatatips.com/onefs-s3-protocol-support/" "Mozilla/5.0 (Windows NT 10.0; Win64; x64) AppleWebKit/537.36 (KHTML, like Gecko) Chrome/100.0.4896.75 Safari/537.36" 
62.173.144.190 - - [11/Apr/2022:03:43:51 -0700] "GET /wp-includes/js/comment-reply.min.js?ver=5.9.3 HTTP/1.1" 200 1762 "http://www.unstructureddatatips.com/onefs-s3-protocol-support/" "Mozilla/5.0 (Windows NT 10.0; Win64; x64) AppleWebKit/537.36 (KHTML, like Gecko) Chrome/100.0.4896.75 Safari/537.36" 
62.173.144.190 - - [11/Apr/2022:03:43:51 -0700] "GET /wp-content/themes/twentysixteen/js/functions.js?ver=20181230 HTTP/1.1" 200 2513 "http://www.unstructureddatatips.com/onefs-s3-protocol-support/" "Mozilla/5.0 (Windows NT 10.0; Win64; x64) AppleWebKit/537.36 (KHTML, like Gecko) Chrome/100.0.4896.75 Safari/537.36" 
62.173.144.190 - - [11/Apr/2022:03:43:51 -0700] "GET /wp-content/uploads/2020/06/s3_1.png HTTP/1.1" 200 49885 "http://www.unstructureddatatips.com/onefs-s3-protocol-support/" "Mozilla/5.0 (Windows NT 10.0; Win64; x64) AppleWebKit/537.36 (KHTML, like Gecko) Chrome/100.0.4896.75 Safari/537.36" 
208.113.197.84 - - [11/Apr/2022:03:43:49 -0700] "POST /wp-cron.php?doing_wp_cron=1649673829.2589828968048095703125 HTTP/1.1" 200 258 "http://www.unstructureddatatips.com/wp-cron.php?doing_wp_cron=1649673829.2589828968048095703125" "WordPress/5.9.3; http://www.unstructureddatatips.com" 
62.173.144.190 - - [11/Apr/2022:03:43:51 -0700] "GET /wp-includes/js/wp-emoji-release.min.js?ver=5.9.3 HTTP/1.1" 200 5416 "http://www.unstructureddatatips.com/onefs-s3-protocol-support/" "Mozilla/5.0 (Windows NT 10.0; Win64; x64) AppleWebKit/537.36 (KHTML, like Gecko) Chrome/100.0.4896.75 Safari/537.36" 
62.173.144.190 - - [11/Apr/2022:03:43:51 -0700] "GET /wp-content/uploads/2020/06/s3_2-300x129.png HTTP/1.1" 200 11622 "http://www.unstructureddatatips.com/onefs-s3-protocol-support/" "Mozilla/5.0 (Windows NT 10.0; Win64; x64) AppleWebKit/537.36 (KHTML, like Gecko) Chrome/100.0.4896.75 Safari/537.36" 
62.173.144.190 - - [11/Apr/2022:03:43:51 -0700] "GET /wp-content/uploads/2020/06/s3_3-300x165.png HTTP/1.1" 200 17064 "http://www.unstructureddatatips.com/onefs-s3-protocol-support/" "Mozilla/5.0 (Windows NT 10.0; Win64; x64) AppleWebKit/537.36 (KHTML, like Gecko) Chrome/100.0.4896.75 Safari/537.36" 
62.173.144.190 - - [11/Apr/2022:03:43:51 -0700] "GET /wp-content/uploads/2020/06/s3_4-300x163.png HTTP/1.1" 200 14420 "http://www.unstructureddatatips.com/onefs-s3-protocol-support/" "Mozilla/5.0 (Windows NT 10.0; Win64; x64) AppleWebKit/537.36 (KHTML, like Gecko) Chrome/100.0.4896.75 Safari/537.36" 
62.173.144.190 - - [11/Apr/2022:03:43:51 -0700] "GET /favicon.ico HTTP/1.1" 200 368 "http://www.unstructureddatatips.com/onefs-s3-protocol-support/" "Mozilla/5.0 (Windows NT 10.0; Win64; x64) AppleWebKit/537.36 (KHTML, like Gecko) Chrome/100.0.4896.75 Safari/537.36" 
8.29.198.26 - - [11/Apr/2022:03:47:51 -0700] "GET /feed/ HTTP/1.1" 200 38359 "-" "Feedly/1.0 (+http://www.feedly.com/fetcher.html; 8 subscribers; like FeedFetcher-Google)" 
208.113.197.84 - - [11/Apr/2022:03:47:52 -0700] "POST /wp-cron.php?doing_wp_cron=1649674071.9923539161682128906250 HTTP/1.1" 200 258 "http://www.unstructureddatatips.com/wp-cron.php?doing_wp_cron=1649674071.9923539161682128906250" "WordPress/5.9.3; http://www.unstructureddatatips.com" 
34.76.100.13 - - [11/Apr/2022:03:48:09 -0700] "GET / HTTP/1.1" 200 183804 "-" "Mozilla/5.0 (Windows NT 10.0; Win64; x64) AppleWebKit/537.36 (KHTML, like Gecko) Chrome/99.0.4844.84 Safari/537.36" 
185.31.13.1 - - [11/Apr/2022:03:48:10 -0700] "GET / HTTP/1.1" 200 44785 "http://www.unstructureddatatips.com/" "Mozilla/5.0 (Windows NT 10.0; Win64; x64) AppleWebKit/537.36 (KHTML, like Gecko) Chrome/99.0.4844.84 Safari/537.36" 
185.31.13.1 - - [11/Apr/2022:03:48:12 -0700] "GET /wp-content/uploads/2022/03/metadata_1.png HTTP/1.1" 200 12733 "http://www.unstructureddatatips.com/" "Mozilla/5.0 (Windows NT 10.0; Win64; x64) AppleWebKit/537.36 (KHTML, like Gecko) Chrome/99.0.4844.84 Safari/537.36" 
185.31.13.1 - - [11/Apr/2022:03:48:12 -0700] "GET /wp-content/uploads/2022/03/metadata_2-768x282.png HTTP/1.1" 200 42195 "http://www.unstructureddatatips.com/" "Mozilla/5.0 (Windows NT 10.0; Win64; x64) AppleWebKit/537.36 (KHTML, like Gecko) Chrome/99.0.4844.84 Safari/537.36" 
35.205.159.124 - - [11/Apr/2022:03:48:12 -0700] "GET / HTTP/1.1" 200 183804 "-" "Mozilla/5.0 (Windows NT 10.0; Win64; x64) AppleWebKit/537.36 (KHTML, like Gecko) Chrome/99.0.4844.84 Safari/537.36" 
185.31.13.1 - - [11/Apr/2022:03:48:12 -0700] "GET /wp-content/uploads/2022/03/neighborhood_3.png HTTP/1.1" 200 96059 "http://www.unstructureddatatips.com/" "Mozilla/5.0 (Windows NT 10.0; Win64; x64) AppleWebKit/537.36 (KHTML, like Gecko) Chrome/99.0.4844.84 Safari/537.36" 
185.31.13.1 - - [11/Apr/2022:03:48:12 -0700] "GET /wp-content/uploads/2022/03/neighborhood_4.png HTTP/1.1" 200 193710 "http://www.unstructureddatatips.com/" "Mozilla/5.0 (Windows NT 10.0; Win64; x64) AppleWebKit/537.36 (KHTML, like Gecko) Chrome/99.0.4844.84 Safari/537.36" 
185.31.13.1 - - [11/Apr/2022:03:48:12 -0700] "GET /wp-content/uploads/2022/03/neighborhood_5.png HTTP/1.1" 200 210957 "http://www.unstructureddatatips.com/" "Mozilla/5.0 (Windows NT 10.0; Win64; x64) AppleWebKit/537.36 (KHTML, like Gecko) Chrome/99.0.4844.84 Safari/537.36" 
185.31.13.1 - - [11/Apr/2022:03:48:13 -0700] "GET /wp-content/uploads/2022/03/tiers_0_1.png HTTP/1.1" 200 5205 "http://www.unstructureddatatips.com/" "Mozilla/5.0 (Windows NT 10.0; Win64; x64) AppleWebKit/537.36 (KHTML, like Gecko) Chrome/99.0.4844.84 Safari/537.36" 
185.31.13.1 - - [11/Apr/2022:03:48:13 -0700] "GET /wp-content/uploads/2022/03/tiers_pools_5.png HTTP/1.1" 200 23505 "http://www.unstructureddatatips.com/" "Mozilla/5.0 (Windows NT 10.0; Win64; x64) AppleWebKit/537.36 (KHTML, like Gecko) Chrome/99.0.4844.84 Safari/537.36" 
185.31.13.1 - - [11/Apr/2022:03:48:13 -0700] "GET /wp-content/uploads/2022/03/metadata_3.png HTTP/1.1" 200 24910 "http://www.unstructureddatatips.com/" "Mozilla/5.0 (Windows NT 10.0; Win64; x64) AppleWebKit/537.36 (KHTML, like Gecko) Chrome/99.0.4844.84 Safari/537.36" 
209.120.227.2 - - [11/Apr/2022:03:48:12 -0700] "GET / HTTP/1.1" 200 183804 "-" "Mozilla/5.0 (Windows NT 10.0; Win64; x64) AppleWebKit/537.36 (KHTML, like Gecko) Chrome/99.0.4844.84 Safari/537.36" 
185.31.13.1 - - [11/Apr/2022:03:48:13 -0700] "GET /wp-content/uploads/2022/01/hdfs_1.png HTTP/1.1" 200 59563 "http://www.unstructureddatatips.com/" "Mozilla/5.0 (Windows NT 10.0; Win64; x64) AppleWebKit/537.36 (KHTML, like Gecko) Chrome/99.0.4844.84 Safari/537.36" 
185.31.13.1 - - [11/Apr/2022:03:48:13 -0700] "GET /wp-content/uploads/2022/02/smartlock_1.png HTTP/1.1" 200 62158 "http://www.unstructureddatatips.com/" "Mozilla/5.0 (Windows NT 10.0; Win64; x64) AppleWebKit/537.36 (KHTML, like Gecko) Chrome/99.0.4844.84 Safari/537.36" 
185.31.13.1 - - [11/Apr/2022:03:48:13 -0700] "GET /wp-content/uploads/2022/03/metadata_2.png HTTP/1.1" 200 22249 "http://www.unstructureddatatips.com/" "Mozilla/5.0 (Windows NT 10.0; Win64; x64) AppleWebKit/537.36 (KHTML, like Gecko) Chrome/99.0.4844.84 Safari/537.36" 
185.31.13.1 - - [11/Apr/2022:03:48:13 -0700] "GET /wp-content/uploads/2022/03/neighborhood_1.png HTTP/1.1" 200 4994 "http://www.unstructureddatatips.com/" "Mozilla/5.0 (Windows NT 10.0; Win64; x64) AppleWebKit/537.36 (KHTML, like Gecko) Chrome/99.0.4844.84 Safari/537.36" 
185.31.13.1 - - [11/Apr/2022:03:48:13 -0700] "GET /wp-content/uploads/2022/04/onefs_9-4-768x412.png HTTP/1.1" 200 222935 "http://www.unstructureddatatips.com/" "Mozilla/5.0 (Windows NT 10.0; Win64; x64) AppleWebKit/537.36 (KHTML, like Gecko) Chrome/99.0.4844.84 Safari/537.36" 
185.31.13.1 - - [11/Apr/2022:03:48:13 -0700] "GET /wp-content/uploads/2022/03/tiers_pools_1-1.png HTTP/1.1" 200 46204 "http://www.unstructureddatatips.com/" "Mozilla/5.0 (Windows NT 10.0; Win64; x64) AppleWebKit/537.36 (KHTML, like Gecko) Chrome/99.0.4844.84 Safari/537.36" 
185.31.13.1 - - [11/Apr/2022:03:48:14 -0700] "GET /wp-content/uploads/2022/03/tiers_pools_2.png HTTP/1.1" 200 31337 "http://www.unstructureddatatips.com/" "Mozilla/5.0 (Windows NT 10.0; Win64; x64) AppleWebKit/537.36 (KHTML, like Gecko) Chrome/99.0.4844.84 Safari/537.36" 
185.31.13.1 - - [11/Apr/2022:03:48:14 -0700] "GET /wp-content/uploads/2022/03/tiers_pools_4.png HTTP/1.1" 200 52129 "http://www.unstructureddatatips.com/" "Mozilla/5.0 (Windows NT 10.0; Win64; x64) AppleWebKit/537.36 (KHTML, like Gecko) Chrome/99.0.4844.84 Safari/537.36" 
185.31.13.1 - - [11/Apr/2022:03:48:14 -0700] "GET /wp-content/uploads/2022/02/antivirus_1.png HTTP/1.1" 200 96926 "http://www.unstructureddatatips.com/" "Mozilla/5.0 (Windows NT 10.0; Win64; x64) AppleWebKit/537.36 (KHTML, like Gecko) Chrome/99.0.4844.84 Safari/537.36" 
185.31.13.1 - - [11/Apr/2022:03:48:14 -0700] "GET /wp-content/uploads/2022/01/hdfs_2.png HTTP/1.1" 200 137934 "http://www.unstructureddatatips.com/" "Mozilla/5.0 (Windows NT 10.0; Win64; x64) AppleWebKit/537.36 (KHTML, like Gecko) Chrome/99.0.4844.84 Safari/537.36" 
185.31.13.1 - - [11/Apr/2022:03:48:14 -0700] "GET /favicon.ico HTTP/1.1" 200 313 "http://www.unstructureddatatips.com/" "Mozilla/5.0 (Windows NT 10.0; Win64; x64) AppleWebKit/537.36 (KHTML, like Gecko) Chrome/99.0.4844.84 Safari/537.36" 
49.7.21.95 - - [11/Apr/2022:03:48:28 -0700] "GET / HTTP/1.1" 200 44792 "-" "Sogou web spider/4.0(+http://www.sogou.com/docs/help/webmasters.htm#07)" 
185.192.243.243 - - [11/Apr/2022:03:48:45 -0700] "GET /onefs-protection-domains/ HTTP/1.1" 200 13327 "https://www.google.com/" "Mozilla/5.0 (Windows NT 10.0; Win64; x64) AppleWebKit/537.36 (KHTML, like Gecko) Chrome/100.0.4896.75 Safari/537.36" 
185.192.243.243 - - [11/Apr/2022:03:48:47 -0700] "GET /wp-includes/css/dist/block-library/style.min.css?ver=5.9.3 HTTP/1.1" 200 12123 "http://www.unstructureddatatips.com/onefs-protection-domains/" "Mozilla/5.0 (Windows NT 10.0; Win64; x64) AppleWebKit/537.36 (KHTML, like Gecko) Chrome/100.0.4896.75 Safari/537.36" 
185.192.243.243 - - [11/Apr/2022:03:48:47 -0700] "GET /wp-content/plugins/jetpack/modules/theme-tools/compat/twentysixteen.css?ver=10.6 HTTP/1.1" 200 3633 "http://www.unstructureddatatips.com/onefs-protection-domains/" "Mozilla/5.0 (Windows NT 10.0; Win64; x64) AppleWebKit/537.36 (KHTML, like Gecko) Chrome/100.0.4896.75 Safari/537.36" 
185.31.13.1 - - [11/Apr/2022:03:48:47 -0700] "GET /wp-content/uploads/2022/03/metadata_3-768x498.png HTTP/1.1" 200 63903 "http://www.unstructureddatatips.com/" "Mozilla/5.0 (Windows NT 10.0; Win64; x64) AppleWebKit/537.36 (KHTML, like Gecko) Chrome/99.0.4844.84 Safari/537.36" 
185.192.243.243 - - [11/Apr/2022:03:48:47 -0700] "GET /wp-includes/js/mediaelement/mediaelementplayer-legacy.min.css?ver=4.2.16 HTTP/1.1" 200 2996 "http://www.unstructureddatatips.com/onefs-protection-domains/" "Mozilla/5.0 (Windows NT 10.0; Win64; x64) AppleWebKit/537.36 (KHTML, like Gecko) Chrome/100.0.4896.75 Safari/537.36" 
185.192.243.243 - - [11/Apr/2022:03:48:47 -0700] "GET /wp-includes/js/mediaelement/wp-mediaelement.min.css?ver=5.9.3 HTTP/1.1" 200 1565 "http://www.unstructureddatatips.com/onefs-protection-domains/" "Mozilla/5.0 (Windows NT 10.0; Win64; x64) AppleWebKit/537.36 (KHTML, like Gecko) Chrome/100.0.4896.75 Safari/537.36" 
185.192.243.243 - - [11/Apr/2022:03:48:47 -0700] "GET /wp-content/plugins/jetpack/_inc/genericons/genericons/genericons.css?ver=3.1 HTTP/1.1" 200 16731 "http://www.unstructureddatatips.com/onefs-protection-domains/" "Mozilla/5.0 (Windows NT 10.0; Win64; x64) AppleWebKit/537.36 (KHTML, like Gecko) Chrome/100.0.4896.75 Safari/537.36" 
185.192.243.243 - - [11/Apr/2022:03:48:47 -0700] "GET /wp-content/themes/twentysixteen/css/blocks.css?ver=20181230 HTTP/1.1" 200 2248 "http://www.unstructureddatatips.com/onefs-protection-domains/" "Mozilla/5.0 (Windows NT 10.0; Win64; x64) AppleWebKit/537.36 (KHTML, like Gecko) Chrome/100.0.4896.75 Safari/537.36" 
185.192.243.243 - - [11/Apr/2022:03:48:47 -0700] "GET /wp-content/themes/twentysixteen/style.css?ver=5.9.3 HTTP/1.1" 200 14009 "http://www.unstructureddatatips.com/onefs-protection-domains/" "Mozilla/5.0 (Windows NT 10.0; Win64; x64) AppleWebKit/537.36 (KHTML, like Gecko) Chrome/100.0.4896.75 Safari/537.36" 
208.113.197.84 - - [11/Apr/2022:03:48:45 -0700] "POST /wp-cron.php?doing_wp_cron=1649674125.7237761020660400390625 HTTP/1.1" 200 258 "http://www.unstructureddatatips.com/wp-cron.php?doing_wp_cron=1649674125.7237761020660400390625" "WordPress/5.9.3; http://www.unstructureddatatips.com" 
185.192.243.243 - - [11/Apr/2022:03:48:47 -0700] "GET /wp-content/plugins/jetpack/css/jetpack.css?ver=10.6 HTTP/1.1" 200 17457 "http://www.unstructureddatatips.com/onefs-protection-domains/" "Mozilla/5.0 (Windows NT 10.0; Win64; x64) AppleWebKit/537.36 (KHTML, like Gecko) Chrome/100.0.4896.75 Safari/537.36" 
185.192.243.243 - - [11/Apr/2022:03:48:47 -0700] "GET /wp-includes/js/jquery/jquery.min.js?ver=3.6.0 HTTP/1.1" 200 31860 "http://www.unstructureddatatips.com/onefs-protection-domains/" "Mozilla/5.0 (Windows NT 10.0; Win64; x64) AppleWebKit/537.36 (KHTML, like Gecko) Chrome/100.0.4896.75 Safari/537.36" 
185.192.243.243 - - [11/Apr/2022:03:48:48 -0700] "GET /wp-includes/js/jquery/jquery-migrate.min.js?ver=3.3.2 HTTP/1.1" 200 4622 "http://www.unstructureddatatips.com/onefs-protection-domains/" "Mozilla/5.0 (Windows NT 10.0; Win64; x64) AppleWebKit/537.36 (KHTML, like Gecko) Chrome/100.0.4896.75 Safari/537.36" 
185.192.243.243 - - [11/Apr/2022:03:48:48 -0700] "GET /wp-content/themes/twentysixteen/js/functions.js?ver=20181230 HTTP/1.1" 200 2513 "http://www.unstructureddatatips.com/onefs-protection-domains/" "Mozilla/5.0 (Windows NT 10.0; Win64; x64) AppleWebKit/537.36 (KHTML, like Gecko) Chrome/100.0.4896.75 Safari/537.36" 
185.192.243.243 - - [11/Apr/2022:03:48:48 -0700] "GET /wp-content/themes/twentysixteen/js/skip-link-focus-fix.js?ver=20160816 HTTP/1.1" 200 1004 "http://www.unstructureddatatips.com/onefs-protection-domains/" "Mozilla/5.0 (Windows NT 10.0; Win64; x64) AppleWebKit/537.36 (KHTML, like Gecko) Chrome/100.0.4896.75 Safari/537.36" 
185.192.243.243 - - [11/Apr/2022:03:48:48 -0700] "GET /wp-includes/js/comment-reply.min.js?ver=5.9.3 HTTP/1.1" 200 1762 "http://www.unstructureddatatips.com/onefs-protection-domains/" "Mozilla/5.0 (Windows NT 10.0; Win64; x64) AppleWebKit/537.36 (KHTML, like Gecko) Chrome/100.0.4896.75 Safari/537.36" 
185.192.243.243 - - [11/Apr/2022:03:48:48 -0700] "GET /wp-content/uploads/2021/01/protection_domains_1-300x205.png HTTP/1.1" 200 18354 "http://www.unstructureddatatips.com/onefs-protection-domains/" "Mozilla/5.0 (Windows NT 10.0; Win64; x64) AppleWebKit/537.36 (KHTML, like Gecko) Chrome/100.0.4896.75 Safari/537.36" 
185.192.243.243 - - [11/Apr/2022:03:48:48 -0700] "GET /wp-content/uploads/2021/01/protection_domains_1-5.png HTTP/1.1" 200 31364 "http://www.unstructureddatatips.com/onefs-protection-domains/" "Mozilla/5.0 (Windows NT 10.0; Win64; x64) AppleWebKit/537.36 (KHTML, like Gecko) Chrome/100.0.4896.75 Safari/537.36" 
185.192.243.243 - - [11/Apr/2022:03:48:48 -0700] "GET /wp-content/uploads/2021/01/protection_domains_2-300x211.png HTTP/1.1" 200 21844 "http://www.unstructureddatatips.com/onefs-protection-domains/" "Mozilla/5.0 (Windows NT 10.0; Win64; x64) AppleWebKit/537.36 (KHTML, like Gecko) Chrome/100.0.4896.75 Safari/537.36" 
185.192.243.243 - - [11/Apr/2022:03:48:48 -0700] "GET /wp-includes/js/wp-emoji-release.min.js?ver=5.9.3 HTTP/1.1" 200 5416 "http://www.unstructureddatatips.com/onefs-protection-domains/" "Mozilla/5.0 (Windows NT 10.0; Win64; x64) AppleWebKit/537.36 (KHTML, like Gecko) Chrome/100.0.4896.75 Safari/537.36" 
185.192.243.243 - - [11/Apr/2022:03:48:48 -0700] "GET /wp-content/uploads/2021/01/protection_domains_3-300x211.png HTTP/1.1" 200 22328 "http://www.unstructureddatatips.com/onefs-protection-domains/" "Mozilla/5.0 (Windows NT 10.0; Win64; x64) AppleWebKit/537.36 (KHTML, like Gecko) Chrome/100.0.4896.75 Safari/537.36" 
185.192.243.243 - - [11/Apr/2022:03:48:49 -0700] "GET /favicon.ico HTTP/1.1" 200 368 "http://www.unstructureddatatips.com/onefs-protection-domains/" "Mozilla/5.0 (Windows NT 10.0; Win64; x64) AppleWebKit/537.36 (KHTML, like Gecko) Chrome/100.0.4896.75 Safari/537.36" 
3.235.95.4 - - [11/Apr/2022:03:49:52 -0700] "GET /powerscale-onefs-9-4/ HTTP/1.1" 200 10295 "-" "Slackbot-LinkExpanding 1.0 (+https://api.slack.com/robots)" 
208.113.197.84 - - [11/Apr/2022:03:49:53 -0700] "POST /wp-cron.php?doing_wp_cron=1649674193.6128969192504882812500 HTTP/1.1" 200 258 "http://www.unstructureddatatips.com/wp-cron.php?doing_wp_cron=1649674193.6128969192504882812500" "WordPress/5.9.3; http://www.unstructureddatatips.com" 
34.228.166.192 - - [11/Apr/2022:03:49:54 -0700] "GET /wp-json/oembed/1.0/embed?url=http%3A%2F%2Fwww.unstructureddatatips.com%2Fpowerscale-onefs-9-4%2F&maxheight=150 HTTP/1.1" 200 3134 "-" "Slackbot-LinkExpanding 1.0 (+https://api.slack.com/robots)" 
3.86.192.179 - - [11/Apr/2022:03:49:56 -0700] "GET /favicon.ico HTTP/1.1" 200 391 "-" "Slackbot 1.0 (+https://api.slack.com/robots)" 
66.249.70.7 - - [11/Apr/2022:03:51:01 -0700] "GET / HTTP/1.1" 200 44830 "-" "Mozilla/5.0 (compatible; Googlebot/2.1; +http://www.google.com/bot.html)" 
208.113.197.84 - - [11/Apr/2022:03:51:02 -0700] "POST /wp-cron.php?doing_wp_cron=1649674262.3850569725036621093750 HTTP/1.1" 200 258 "http://www.unstructureddatatips.com/wp-cron.php?doing_wp_cron=1649674262.3850569725036621093750" "WordPress/5.9.3; http://www.unstructureddatatips.com" 
66.249.70.7 - - [11/Apr/2022:03:53:17 -0700] "GET /onefs-files-per-directory/ HTTP/1.1" 200 11361 "-" "Mozilla/5.0 (Linux; Android 6.0.1; Nexus 5X Build/MMB29P) AppleWebKit/537.36 (KHTML, like Gecko) Chrome/99.0.4844.84 Mobile Safari/537.36 (compatible; Googlebot/2.1; +http://www.google.com/bot.html)" 
208.113.197.84 - - [11/Apr/2022:03:53:18 -0700] "POST /wp-cron.php?doing_wp_cron=1649674397.9936840534210205078125 HTTP/1.1" 200 258 "http://www.unstructureddatatips.com/wp-cron.php?doing_wp_cron=1649674397.9936840534210205078125" "WordPress/5.9.3; http://www.unstructureddatatips.com" 
208.113.197.84 - - [11/Apr/2022:03:53:48 -0700] "POST /wp-cron.php?doing_wp_cron=1649674428.4661600589752197265625 HTTP/1.1" 200 258 "http://www.unstructureddatatips.com/wp-cron.php?doing_wp_cron=1649674428.4661600589752197265625" "WordPress/5.9.3; http://www.unstructureddatatips.com" 
147.161.166.176 - - [11/Apr/2022:03:53:48 -0700] "GET /onefs-hardware-fault-tolerance/ HTTP/1.1" 200 11904 "https://www.google.com/" "Mozilla/5.0 (Windows NT 10.0; Win64; x64) AppleWebKit/537.36 (KHTML, like Gecko) Chrome/100.0.4896.75 Safari/537.36" 
147.161.166.176 - - [11/Apr/2022:03:53:49 -0700] "GET /wp-content/plugins/jetpack/modules/theme-tools/compat/twentysixteen.css?ver=10.6 HTTP/1.1" 200 3610 "http://www.unstructureddatatips.com/onefs-hardware-fault-tolerance/" "Mozilla/5.0 (Windows NT 10.0; Win64; x64) AppleWebKit/537.36 (KHTML, like Gecko) Chrome/100.0.4896.75 Safari/537.36" 
147.161.166.176 - - [11/Apr/2022:03:53:49 -0700] "GET /wp-includes/js/mediaelement/mediaelementplayer-legacy.min.css?ver=4.2.16 HTTP/1.1" 200 2996 "http://www.unstructureddatatips.com/onefs-hardware-fault-tolerance/" "Mozilla/5.0 (Windows NT 10.0; Win64; x64) AppleWebKit/537.36 (KHTML, like Gecko) Chrome/100.0.4896.75 Safari/537.36" 
147.161.166.176 - - [11/Apr/2022:03:53:49 -0700] "GET /wp-includes/css/dist/block-library/style.min.css?ver=5.9.3 HTTP/1.1" 200 12123 "http://www.unstructureddatatips.com/onefs-hardware-fault-tolerance/" "Mozilla/5.0 (Windows NT 10.0; Win64; x64) AppleWebKit/537.36 (KHTML, like Gecko) Chrome/100.0.4896.75 Safari/537.36" 
147.161.166.176 - - [11/Apr/2022:03:53:49 -0700] "GET /wp-includes/js/mediaelement/wp-mediaelement.min.css?ver=5.9.3 HTTP/1.1" 200 1565 "http://www.unstructureddatatips.com/onefs-hardware-fault-tolerance/" "Mozilla/5.0 (Windows NT 10.0; Win64; x64) AppleWebKit/537.36 (KHTML, like Gecko) Chrome/100.0.4896.75 Safari/537.36" 
147.161.166.176 - - [11/Apr/2022:03:53:49 -0700] "GET /wp-content/plugins/jetpack/_inc/genericons/genericons/genericons.css?ver=3.1 HTTP/1.1" 200 16731 "http://www.unstructureddatatips.com/onefs-hardware-fault-tolerance/" "Mozilla/5.0 (Windows NT 10.0; Win64; x64) AppleWebKit/537.36 (KHTML, like Gecko) Chrome/100.0.4896.75 Safari/537.36" 
147.161.166.176 - - [11/Apr/2022:03:53:49 -0700] "GET /wp-content/themes/twentysixteen/style.css?ver=5.9.3 HTTP/1.1" 200 14009 "http://www.unstructureddatatips.com/onefs-hardware-fault-tolerance/" "Mozilla/5.0 (Windows NT 10.0; Win64; x64) AppleWebKit/537.36 (KHTML, like Gecko) Chrome/100.0.4896.75 Safari/537.36" 
147.161.166.176 - - [11/Apr/2022:03:53:49 -0700] "GET /wp-content/themes/twentysixteen/css/blocks.css?ver=20181230 HTTP/1.1" 200 2248 "http://www.unstructureddatatips.com/onefs-hardware-fault-tolerance/" "Mozilla/5.0 (Windows NT 10.0; Win64; x64) AppleWebKit/537.36 (KHTML, like Gecko) Chrome/100.0.4896.75 Safari/537.36" 
147.161.166.176 - - [11/Apr/2022:03:53:49 -0700] "GET /wp-content/plugins/jetpack/css/jetpack.css?ver=10.6 HTTP/1.1" 200 17457 "http://www.unstructureddatatips.com/onefs-hardware-fault-tolerance/" "Mozilla/5.0 (Windows NT 10.0; Win64; x64) AppleWebKit/537.36 (KHTML, like Gecko) Chrome/100.0.4896.75 Safari/537.36" 
147.161.166.176 - - [11/Apr/2022:03:53:49 -0700] "GET /wp-includes/js/jquery/jquery.min.js?ver=3.6.0 HTTP/1.1" 200 31883 "http://www.unstructureddatatips.com/onefs-hardware-fault-tolerance/" "Mozilla/5.0 (Windows NT 10.0; Win64; x64) AppleWebKit/537.36 (KHTML, like Gecko) Chrome/100.0.4896.75 Safari/537.36" 
147.161.166.176 - - [11/Apr/2022:03:53:50 -0700] "GET /wp-includes/js/jquery/jquery-migrate.min.js?ver=3.3.2 HTTP/1.1" 200 4622 "http://www.unstructureddatatips.com/onefs-hardware-fault-tolerance/" "Mozilla/5.0 (Windows NT 10.0; Win64; x64) AppleWebKit/537.36 (KHTML, like Gecko) Chrome/100.0.4896.75 Safari/537.36" 
147.161.166.176 - - [11/Apr/2022:03:53:50 -0700] "GET /wp-content/themes/twentysixteen/js/skip-link-focus-fix.js?ver=20160816 HTTP/1.1" 200 1004 "http://www.unstructureddatatips.com/onefs-hardware-fault-tolerance/" "Mozilla/5.0 (Windows NT 10.0; Win64; x64) AppleWebKit/537.36 (KHTML, like Gecko) Chrome/100.0.4896.75 Safari/537.36" 
147.161.166.176 - - [11/Apr/2022:03:53:50 -0700] "GET /wp-includes/js/comment-reply.min.js?ver=5.9.3 HTTP/1.1" 200 1762 "http://www.unstructureddatatips.com/onefs-hardware-fault-tolerance/" "Mozilla/5.0 (Windows NT 10.0; Win64; x64) AppleWebKit/537.36 (KHTML, like Gecko) Chrome/100.0.4896.75 Safari/537.36" 
147.161.166.176 - - [11/Apr/2022:03:53:50 -0700] "GET /wp-content/themes/twentysixteen/js/functions.js?ver=20181230 HTTP/1.1" 200 2513 "http://www.unstructureddatatips.com/onefs-hardware-fault-tolerance/" "Mozilla/5.0 (Windows NT 10.0; Win64; x64) AppleWebKit/537.36 (KHTML, like Gecko) Chrome/100.0.4896.75 Safari/537.36" 
147.161.166.176 - - [11/Apr/2022:03:53:50 -0700] "GET /wp-includes/js/wp-emoji-release.min.js?ver=5.9.3 HTTP/1.1" 200 5416 "http://www.unstructureddatatips.com/onefs-hardware-fault-tolerance/" "Mozilla/5.0 (Windows NT 10.0; Win64; x64) AppleWebKit/537.36 (KHTML, like Gecko) Chrome/100.0.4896.75 Safari/537.36" 
147.161.166.176 - - [11/Apr/2022:03:53:51 -0700] "GET /favicon.ico HTTP/1.1" 200 368 "http://www.unstructureddatatips.com/onefs-hardware-fault-tolerance/" "Mozilla/5.0 (Windows NT 10.0; Win64; x64) AppleWebKit/537.36 (KHTML, like Gecko) Chrome/100.0.4896.75 Safari/537.36" 
8.29.198.27 - - [11/Apr/2022:03:56:21 -0700] "GET /feed/ HTTP/1.1" 200 38359 "-" "Feedly/1.0 (+http://www.feedly.com/fetcher.html; 8 subscribers; like FeedFetcher-Google)" 
208.113.197.84 - - [11/Apr/2022:03:56:22 -0700] "POST /wp-cron.php?doing_wp_cron=1649674582.6570990085601806640625 HTTP/1.1" 200 258 "http://www.unstructureddatatips.com/wp-cron.php?doing_wp_cron=1649674582.6570990085601806640625" "WordPress/5.9.3; http://www.unstructureddatatips.com" 
66.249.70.23 - - [11/Apr/2022:03:58:10 -0700] "GET / HTTP/1.1" 200 44830 "-" "Mozilla/5.0 (compatible; Googlebot/2.1; +http://www.google.com/bot.html)" 
208.113.197.84 - - [11/Apr/2022:03:58:11 -0700] "POST /wp-cron.php?doing_wp_cron=1649674691.3426589965820312500000 HTTP/1.1" 200 258 "http://www.unstructureddatatips.com/wp-cron.php?doing_wp_cron=1649674691.3426589965820312500000" "WordPress/5.9.3; http://www.unstructureddatatips.com" 
85.203.34.24 - - [11/Apr/2022:03:58:24 -0700] "GET /onefs-mediascan/ HTTP/1.1" 200 12222 "https://www.google.com/" "Mozilla/5.0 (Macintosh; Intel Mac OS X 10_15_7) AppleWebKit/537.36 (KHTML, like Gecko) Chrome/100.0.4896.75 Safari/537.36" 
85.203.34.24 - - [11/Apr/2022:03:58:24 -0700] "GET /wp-content/plugins/jetpack/modules/theme-tools/compat/twentysixteen.css?ver=10.6 HTTP/1.1" 200 3610 "http://www.unstructureddatatips.com/onefs-mediascan/" "Mozilla/5.0 (Macintosh; Intel Mac OS X 10_15_7) AppleWebKit/537.36 (KHTML, like Gecko) Chrome/100.0.4896.75 Safari/537.36" 
85.203.34.24 - - [11/Apr/2022:03:58:24 -0700] "GET /wp-includes/css/dist/block-library/style.min.css?ver=5.9.3 HTTP/1.1" 200 12123 "http://www.unstructureddatatips.com/onefs-mediascan/" "Mozilla/5.0 (Macintosh; Intel Mac OS X 10_15_7) AppleWebKit/537.36 (KHTML, like Gecko) Chrome/100.0.4896.75 Safari/537.36" 
85.203.34.24 - - [11/Apr/2022:03:58:24 -0700] "GET /wp-includes/js/mediaelement/wp-mediaelement.min.css?ver=5.9.3 HTTP/1.1" 200 1588 "http://www.unstructureddatatips.com/onefs-mediascan/" "Mozilla/5.0 (Macintosh; Intel Mac OS X 10_15_7) AppleWebKit/537.36 (KHTML, like Gecko) Chrome/100.0.4896.75 Safari/537.36" 
85.203.34.24 - - [11/Apr/2022:03:58:24 -0700] "GET /wp-includes/js/mediaelement/mediaelementplayer-legacy.min.css?ver=4.2.16 HTTP/1.1" 200 3019 "http://www.unstructureddatatips.com/onefs-mediascan/" "Mozilla/5.0 (Macintosh; Intel Mac OS X 10_15_7) AppleWebKit/537.36 (KHTML, like Gecko) Chrome/100.0.4896.75 Safari/537.36" 
85.203.34.24 - - [11/Apr/2022:03:58:24 -0700] "GET /wp-content/plugins/jetpack/_inc/genericons/genericons/genericons.css?ver=3.1 HTTP/1.1" 200 16754 "http://www.unstructureddatatips.com/onefs-mediascan/" "Mozilla/5.0 (Macintosh; Intel Mac OS X 10_15_7) AppleWebKit/537.36 (KHTML, like Gecko) Chrome/100.0.4896.75 Safari/537.36" 
85.203.34.24 - - [11/Apr/2022:03:58:24 -0700] "GET /wp-content/themes/twentysixteen/style.css?ver=5.9.3 HTTP/1.1" 200 14032 "http://www.unstructureddatatips.com/onefs-mediascan/" "Mozilla/5.0 (Macintosh; Intel Mac OS X 10_15_7) AppleWebKit/537.36 (KHTML, like Gecko) Chrome/100.0.4896.75 Safari/537.36" 
85.203.34.24 - - [11/Apr/2022:03:58:24 -0700] "GET /wp-content/themes/twentysixteen/css/blocks.css?ver=20181230 HTTP/1.1" 200 2248 "http://www.unstructureddatatips.com/onefs-mediascan/" "Mozilla/5.0 (Macintosh; Intel Mac OS X 10_15_7) AppleWebKit/537.36 (KHTML, like Gecko) Chrome/100.0.4896.75 Safari/537.36" 
85.203.34.24 - - [11/Apr/2022:03:58:24 -0700] "GET /wp-content/plugins/jetpack/css/jetpack.css?ver=10.6 HTTP/1.1" 200 17457 "http://www.unstructureddatatips.com/onefs-mediascan/" "Mozilla/5.0 (Macintosh; Intel Mac OS X 10_15_7) AppleWebKit/537.36 (KHTML, like Gecko) Chrome/100.0.4896.75 Safari/537.36" 
85.203.34.24 - - [11/Apr/2022:03:58:24 -0700] "GET /wp-includes/js/jquery/jquery-migrate.min.js?ver=3.3.2 HTTP/1.1" 200 4622 "http://www.unstructureddatatips.com/onefs-mediascan/" "Mozilla/5.0 (Macintosh; Intel Mac OS X 10_15_7) AppleWebKit/537.36 (KHTML, like Gecko) Chrome/100.0.4896.75 Safari/537.36" 
85.203.34.24 - - [11/Apr/2022:03:58:24 -0700] "GET /wp-includes/js/jquery/jquery.min.js?ver=3.6.0 HTTP/1.1" 200 31860 "http://www.unstructureddatatips.com/onefs-mediascan/" "Mozilla/5.0 (Macintosh; Intel Mac OS X 10_15_7) AppleWebKit/537.36 (KHTML, like Gecko) Chrome/100.0.4896.75 Safari/537.36" 
85.203.34.24 - - [11/Apr/2022:03:58:24 -0700] "GET /wp-content/themes/twentysixteen/js/skip-link-focus-fix.js?ver=20160816 HTTP/1.1" 200 1004 "http://www.unstructureddatatips.com/onefs-mediascan/" "Mozilla/5.0 (Macintosh; Intel Mac OS X 10_15_7) AppleWebKit/537.36 (KHTML, like Gecko) Chrome/100.0.4896.75 Safari/537.36" 
85.203.34.24 - - [11/Apr/2022:03:58:25 -0700] "GET /wp-includes/js/comment-reply.min.js?ver=5.9.3 HTTP/1.1" 200 1762 "http://www.unstructureddatatips.com/onefs-mediascan/" "Mozilla/5.0 (Macintosh; Intel Mac OS X 10_15_7) AppleWebKit/537.36 (KHTML, like Gecko) Chrome/100.0.4896.75 Safari/537.36" 
85.203.34.24 - - [11/Apr/2022:03:58:25 -0700] "GET /wp-includes/js/wp-emoji-release.min.js?ver=5.9.3 HTTP/1.1" 200 5416 "http://www.unstructureddatatips.com/onefs-mediascan/" "Mozilla/5.0 (Macintosh; Intel Mac OS X 10_15_7) AppleWebKit/537.36 (KHTML, like Gecko) Chrome/100.0.4896.75 Safari/537.36" 
85.203.34.24 - - [11/Apr/2022:03:58:25 -0700] "GET /wp-content/themes/twentysixteen/js/functions.js?ver=20181230 HTTP/1.1" 200 2513 "http://www.unstructureddatatips.com/onefs-mediascan/" "Mozilla/5.0 (Macintosh; Intel Mac OS X 10_15_7) AppleWebKit/537.36 (KHTML, like Gecko) Chrome/100.0.4896.75 Safari/537.36" 
85.203.34.24 - - [11/Apr/2022:03:58:25 -0700] "GET /wp-content/uploads/2020/11/mediascan_1.png HTTP/1.1" 200 74581 "http://www.unstructureddatatips.com/onefs-mediascan/" "Mozilla/5.0 (Macintosh; Intel Mac OS X 10_15_7) AppleWebKit/537.36 (KHTML, like Gecko) Chrome/100.0.4896.75 Safari/537.36" 
85.203.34.24 - - [11/Apr/2022:03:58:26 -0700] "GET /favicon.ico HTTP/1.1" 200 368 "http://www.unstructureddatatips.com/onefs-mediascan/" "Mozilla/5.0 (Macintosh; Intel Mac OS X 10_15_7) AppleWebKit/537.36 (KHTML, like Gecko) Chrome/100.0.4896.75 Safari/537.36" 
185.166.87.164 - - [11/Apr/2022:03:59:53 -0700] "GET /wp-login.php HTTP/1.1" 200 4790 "http://www.unstructureddatatips.com/" "Mozilla/5.0 (Macintosh; Intel Mac OS X 10.11; rv:60.0) Gecko/20100101 Firefox/60.0" 
185.166.87.164 - - [11/Apr/2022:03:59:54 -0700] "GET /wp-login.php HTTP/1.1" 200 4790 "http://www.unstructureddatatips.com/" "Mozilla/5.0 (Macintosh; Intel Mac OS X 10.11; rv:60.0) Gecko/20100101 Firefox/60.0" 
185.166.87.164 - - [11/Apr/2022:03:59:55 -0700] "GET /wp-login.php HTTP/1.1" 200 4790 "http://www.unstructureddatatips.com/wp-login.php" "Mozilla/5.0 (Macintosh; Intel Mac OS X 10.11; rv:60.0) Gecko/20100101 Firefox/60.0" 
66.249.70.27 - - [11/Apr/2022:04:01:46 -0700] "GET /onefs-and-long-filenames/ HTTP/1.1" 200 11560 "-" "Mozilla/5.0 (compatible; Googlebot/2.1; +http://www.google.com/bot.html)" 
208.113.197.84 - - [11/Apr/2022:04:01:47 -0700] "POST /wp-cron.php?doing_wp_cron=1649674906.9131040573120117187500 HTTP/1.1" 200 258 "http://www.unstructureddatatips.com/wp-cron.php?doing_wp_cron=1649674906.9131040573120117187500" "WordPress/5.9.3; http://www.unstructureddatatips.com" 
66.249.70.25 - - [11/Apr/2022:04:05:16 -0700] "GET /feed/ HTTP/1.1" 200 38396 "-" "Mozilla/5.0 (compatible; Googlebot/2.1; +http://www.google.com/bot.html)" 
208.113.197.84 - - [11/Apr/2022:04:05:17 -0700] "POST /wp-cron.php?doing_wp_cron=1649675117.3626770973205566406250 HTTP/1.1" 200 258 "http://www.unstructureddatatips.com/wp-cron.php?doing_wp_cron=1649675117.3626770973205566406250" "WordPress/5.9.3; http://www.unstructureddatatips.com" 
66.249.70.23 - - [11/Apr/2022:04:05:30 -0700] "GET /tag/onefs/ HTTP/1.1" 200 19947 "-" "Mozilla/5.0 (compatible; Googlebot/2.1; +http://www.google.com/bot.html)" 
208.113.197.84 - - [11/Apr/2022:04:05:37 -0700] "POST /wp-cron.php?doing_wp_cron=1649675137.2089419364929199218750 HTTP/1.1" 200 258 "http://www.unstructureddatatips.com/wp-cron.php?doing_wp_cron=1649675137.2089419364929199218750" "WordPress/5.9.3; http://www.unstructureddatatips.com" 
8.29.198.25 - - [11/Apr/2022:04:05:36 -0700] "GET /feed/ HTTP/1.1" 200 38359 "-" "Feedly/1.0 (+http://www.feedly.com/fetcher.html; 8 subscribers; like FeedFetcher-Google)" 
34.105.219.249 - - [11/Apr/2022:04:05:49 -0700] "GET / HTTP/1.1" 200 183804 "-" "Mozilla/5.0 (Windows NT 10.0; Win64; x64) AppleWebKit/537.36 (KHTML, like Gecko) Chrome/91.0.4472.77 Safari/537.36" 
159.89.50.156 - - [11/Apr/2022:04:06:02 -0700] "GET /feed/ HTTP/1.1" 200 38362 "-" "NewsBlur Feed Fetcher - 1 subscriber - https://www.newsblur.com/site/8399841/unstructured-data-quick-tips (\"Mozilla/5.0 (Macintosh; Intel Mac OS X 10_15_7) AppleWebKit/605.1.15 (KHTML, like Gecko) Version/14.0.1 Safari/605.1.15\")" 
159.89.50.156 - - [11/Apr/2022:04:06:04 -0700] "GET / HTTP/1.1" 200 44829 "-" "NewsBlur Page Fetcher - 1 subscriber - https://www.newsblur.com/site/8399841/unstructured-data-quick-tips (\"Mozilla/5.0 (Macintosh; Intel Mac OS X 10_15_7) AppleWebKit/605.1.15 (KHTML, like Gecko) Version/14.0.1 Safari/605.1.15\")" 
51.222.253.20 - - [11/Apr/2022:04:08:04 -0700] "GET /onefs-and-smb-encryption/ HTTP/1.1" 200 11069 "-" "Mozilla/5.0 (compatible; AhrefsBot/7.0; +http://ahrefs.com/robot/)" 
208.113.197.84 - - [11/Apr/2022:04:08:05 -0700] "POST /wp-cron.php?doing_wp_cron=1649675285.7453899383544921875000 HTTP/1.1" 200 258 "http://www.unstructureddatatips.com/wp-cron.php?doing_wp_cron=1649675285.7453899383544921875000" "WordPress/5.9.3; http://www.unstructureddatatips.com" 
196.245.160.204 - - [11/Apr/2022:04:08:25 -0700] "GET /exploring-hive-llap-using-testbench-on-onefs/ HTTP/1.1" 200 11694 "http://www.unstructureddatatips.com/" "Mozilla/5.0 (Macintosh; Intel Mac OS X 10_11_6) AppleWebKit/605.1.15 (KHTML, like Gecko) Version/11.1 Safari/605.1.15" 
196.245.160.204 - - [11/Apr/2022:04:08:26 -0700] "POST /xmlrpc.php HTTP/1.1" 200 514 "http://www.unstructureddatatips.com/" "PHP/5.3.89" 
64.71.157.116 - - [11/Apr/2022:04:09:10 -0700] "GET /feed/ HTTP/1.1" 200 38359 "-" "Feedbin feed-id:2121452 - 1 subscribers" 
208.113.197.84 - - [11/Apr/2022:04:09:11 -0700] "POST /wp-cron.php?doing_wp_cron=1649675351.1041429042816162109375 HTTP/1.1" 200 258 "http://www.unstructureddatatips.com/wp-cron.php?doing_wp_cron=1649675351.1041429042816162109375" "WordPress/5.9.3; http://www.unstructureddatatips.com" 
23.108.252.83 - - [11/Apr/2022:04:09:38 -0700] "GET /how-to-configure-nfs-over-rdma/ HTTP/1.1" 200 13337 "http://www.unstructureddatatips.com/" "Mozilla/5.0 (compatible; MSIE 10.0; Windows NT 6.1; WOW64; Trident/6.0; SLCC2; .NET CLR 2.0.50727; .NET CLR 3.5.30729; .NET CLR 3.0.30729; .NET4.0C; .NET4.0E; InfoPath.2; 360SE)" 
208.113.197.84 - - [11/Apr/2022:04:09:39 -0700] "POST /wp-cron.php?doing_wp_cron=1649675379.5059530735015869140625 HTTP/1.1" 200 258 "http://www.unstructureddatatips.com/wp-cron.php?doing_wp_cron=1649675379.5059530735015869140625" "WordPress/5.9.3; http://www.unstructureddatatips.com" 
23.108.252.83 - - [11/Apr/2022:04:09:41 -0700] "GET /wp-login.php HTTP/1.1" 200 2509 "http://www.unstructureddatatips.com/" "Mozilla/5.0 (compatible; MSIE 10.0; Windows NT 6.1; WOW64; Trident/6.0; SLCC2; .NET CLR 2.0.50727; .NET CLR 3.5.30729; .NET CLR 3.0.30729; .NET4.0C; .NET4.0E; InfoPath.2; 360SE)" 
23.108.252.83 - - [11/Apr/2022:04:09:44 -0700] "GET /wp-login.php HTTP/1.1" 200 2509 "http://www.unstructureddatatips.com/wp-login.php" "Mozilla/5.0 (compatible; MSIE 10.0; Windows NT 6.1; WOW64; Trident/6.0; SLCC2; .NET CLR 2.0.50727; .NET CLR 3.5.30729; .NET CLR 3.0.30729; .NET4.0C; .NET4.0E; InfoPath.2; 360SE)" 
66.249.70.9 - - [11/Apr/2022:04:10:14 -0700] "GET /onefs-and-long-filenames/ HTTP/1.1" 200 11560 "-" "Mozilla/5.0 (Linux; Android 6.0.1; Nexus 5X Build/MMB29P) AppleWebKit/537.36 (KHTML, like Gecko) Chrome/99.0.4844.84 Mobile Safari/537.36 (compatible; Googlebot/2.1; +http://www.google.com/bot.html)" 
66.249.70.5 - - [11/Apr/2022:04:14:00 -0700] "GET /onefs-nfs-performance-resource-monitoring/ HTTP/1.1" 200 15035 "-" "Mozilla/5.0 (compatible; Googlebot/2.1; +http://www.google.com/bot.html)" 
208.113.197.84 - - [11/Apr/2022:04:14:01 -0700] "POST /wp-cron.php?doing_wp_cron=1649675641.6836249828338623046875 HTTP/1.1" 200 258 "http://www.unstructureddatatips.com/wp-cron.php?doing_wp_cron=1649675641.6836249828338623046875" "WordPress/5.9.3; http://www.unstructureddatatips.com" 
208.113.197.84 - - [11/Apr/2022:04:14:05 -0700] "POST /wp-cron.php?doing_wp_cron=1649675645.6969659328460693359375 HTTP/1.1" 200 258 "http://www.unstructureddatatips.com/wp-cron.php?doing_wp_cron=1649675645.6969659328460693359375" "WordPress/5.9.3; http://www.unstructureddatatips.com" 
8.29.198.25 - - [11/Apr/2022:04:14:05 -0700] "GET /feed/ HTTP/1.1" 200 38359 "-" "Feedly/1.0 (+http://www.feedly.com/fetcher.html; 8 subscribers; like FeedFetcher-Google)" 
3.109.251.189 - - [11/Apr/2022:04:14:57 -0700] "GET / HTTP/1.1" 301 445 "-" "Mozilla/5.0 (Windows NT 10.0; Win64; x64) AppleWebKit/537.36 (KHTML, like Gecko) Chrome/59.0.3071.115 Safari/537.36" 
3.109.251.189 - - [11/Apr/2022:04:14:57 -0700] "GET / HTTP/1.1" 200 183760 "-" "Mozilla/5.0 (Windows NT 10.0; Win64; x64) AppleWebKit/537.36 (KHTML, like Gecko) Chrome/59.0.3071.115 Safari/537.36" 
208.113.197.84 - - [11/Apr/2022:04:14:58 -0700] "POST /wp-cron.php?doing_wp_cron=1649675698.6226830482482910156250 HTTP/1.1" 200 258 "http://www.unstructureddatatips.com/wp-cron.php?doing_wp_cron=1649675698.6226830482482910156250" "WordPress/5.9.3; http://www.unstructureddatatips.com" 
49.7.21.95 - - [11/Apr/2022:04:16:02 -0700] "GET / HTTP/1.1" 200 44792 "-" "Sogou web spider/4.0(+http://www.sogou.com/docs/help/webmasters.htm#07)" 
208.113.197.84 - - [11/Apr/2022:04:16:03 -0700] "POST /wp-cron.php?doing_wp_cron=1649675763.3252160549163818359375 HTTP/1.1" 200 258 "http://www.unstructureddatatips.com/wp-cron.php?doing_wp_cron=1649675763.3252160549163818359375" "WordPress/5.9.3; http://www.unstructureddatatips.com" 
66.249.70.5 - - [11/Apr/2022:04:17:54 -0700] "GET /author/nicktrimbee/ HTTP/1.1" 200 45015 "-" "Mozilla/5.0 (compatible; Googlebot/2.1; +http://www.google.com/bot.html)" 
208.113.197.84 - - [11/Apr/2022:04:17:55 -0700] "POST /wp-cron.php?doing_wp_cron=1649675875.2415690422058105468750 HTTP/1.1" 200 258 "http://www.unstructureddatatips.com/wp-cron.php?doing_wp_cron=1649675875.2415690422058105468750" "WordPress/5.9.3; http://www.unstructureddatatips.com" 
23.231.34.205 - - [11/Apr/2022:04:19:14 -0700] "GET /?p= HTTP/1.1" 301 384 "-" "Mozilla/5.0 (X11; Linux x86_64) AppleWebKit/537.36 (KHTML, like Gecko) Ubuntu Chromium/66.0.3359.181 Chrome/66.0.3359.181 Safari/537.36" 
208.113.197.84 - - [11/Apr/2022:04:19:15 -0700] "POST /wp-cron.php?doing_wp_cron=1649675955.6675620079040527343750 HTTP/1.1" 200 258 "http://www.unstructureddatatips.com/wp-cron.php?doing_wp_cron=1649675955.6675620079040527343750" "WordPress/5.9.3; http://www.unstructureddatatips.com" 
23.231.34.205 - - [11/Apr/2022:04:19:17 -0700] "GET / HTTP/1.1" 200 44829 "-" "Mozilla/5.0 (X11; Linux x86_64) AppleWebKit/537.36 (KHTML, like Gecko) Ubuntu Chromium/66.0.3359.181 Chrome/66.0.3359.181 Safari/537.36" 
80.179.138.10 - - [11/Apr/2022:04:21:35 -0700] "GET /onefs-smartfail/ HTTP/1.1" 200 12668 "https://www.google.com/" "Mozilla/5.0 (Windows NT 10.0; Win64; x64) AppleWebKit/537.36 (KHTML, like Gecko) Chrome/99.0.4844.82 Safari/537.36" 
80.179.138.10 - - [11/Apr/2022:04:21:37 -0700] "GET /wp-content/plugins/jetpack/modules/theme-tools/compat/twentysixteen.css?ver=10.6 HTTP/1.1" 200 3610 "http://www.unstructureddatatips.com/onefs-smartfail/" "Mozilla/5.0 (Windows NT 10.0; Win64; x64) AppleWebKit/537.36 (KHTML, like Gecko) Chrome/99.0.4844.82 Safari/537.36" 
80.179.138.10 - - [11/Apr/2022:04:21:37 -0700] "GET /wp-includes/js/mediaelement/mediaelementplayer-legacy.min.css?ver=4.2.16 HTTP/1.1" 200 3019 "http://www.unstructureddatatips.com/onefs-smartfail/" "Mozilla/5.0 (Windows NT 10.0; Win64; x64) AppleWebKit/537.36 (KHTML, like Gecko) Chrome/99.0.4844.82 Safari/537.36" 
80.179.138.10 - - [11/Apr/2022:04:21:37 -0700] "GET /wp-includes/css/dist/block-library/style.min.css?ver=5.9.3 HTTP/1.1" 200 12123 "http://www.unstructureddatatips.com/onefs-smartfail/" "Mozilla/5.0 (Windows NT 10.0; Win64; x64) AppleWebKit/537.36 (KHTML, like Gecko) Chrome/99.0.4844.82 Safari/537.36" 
80.179.138.10 - - [11/Apr/2022:04:21:37 -0700] "GET /wp-includes/js/mediaelement/wp-mediaelement.min.css?ver=5.9.3 HTTP/1.1" 200 1565 "http://www.unstructureddatatips.com/onefs-smartfail/" "Mozilla/5.0 (Windows NT 10.0; Win64; x64) AppleWebKit/537.36 (KHTML, like Gecko) Chrome/99.0.4844.82 Safari/537.36" 
80.179.138.10 - - [11/Apr/2022:04:21:37 -0700] "GET /wp-content/plugins/jetpack/_inc/genericons/genericons/genericons.css?ver=3.1 HTTP/1.1" 200 16731 "http://www.unstructureddatatips.com/onefs-smartfail/" "Mozilla/5.0 (Windows NT 10.0; Win64; x64) AppleWebKit/537.36 (KHTML, like Gecko) Chrome/99.0.4844.82 Safari/537.36" 
80.179.138.10 - - [11/Apr/2022:04:21:37 -0700] "GET /wp-content/themes/twentysixteen/css/blocks.css?ver=20181230 HTTP/1.1" 200 2248 "http://www.unstructureddatatips.com/onefs-smartfail/" "Mozilla/5.0 (Windows NT 10.0; Win64; x64) AppleWebKit/537.36 (KHTML, like Gecko) Chrome/99.0.4844.82 Safari/537.36" 
80.179.138.10 - - [11/Apr/2022:04:21:37 -0700] "GET /wp-content/plugins/jetpack/css/jetpack.css?ver=10.6 HTTP/1.1" 200 17457 "http://www.unstructureddatatips.com/onefs-smartfail/" "Mozilla/5.0 (Windows NT 10.0; Win64; x64) AppleWebKit/537.36 (KHTML, like Gecko) Chrome/99.0.4844.82 Safari/537.36" 
80.179.138.10 - - [11/Apr/2022:04:21:37 -0700] "GET /wp-content/themes/twentysixteen/style.css?ver=5.9.3 HTTP/1.1" 200 14009 "http://www.unstructureddatatips.com/onefs-smartfail/" "Mozilla/5.0 (Windows NT 10.0; Win64; x64) AppleWebKit/537.36 (KHTML, like Gecko) Chrome/99.0.4844.82 Safari/537.36" 
80.179.138.10 - - [11/Apr/2022:04:21:37 -0700] "GET /wp-includes/js/jquery/jquery.min.js?ver=3.6.0 HTTP/1.1" 200 31860 "http://www.unstructureddatatips.com/onefs-smartfail/" "Mozilla/5.0 (Windows NT 10.0; Win64; x64) AppleWebKit/537.36 (KHTML, like Gecko) Chrome/99.0.4844.82 Safari/537.36" 
80.179.138.10 - - [11/Apr/2022:04:21:37 -0700] "GET /wp-includes/js/jquery/jquery-migrate.min.js?ver=3.3.2 HTTP/1.1" 200 4622 "http://www.unstructureddatatips.com/onefs-smartfail/" "Mozilla/5.0 (Windows NT 10.0; Win64; x64) AppleWebKit/537.36 (KHTML, like Gecko) Chrome/99.0.4844.82 Safari/537.36" 
80.179.138.10 - - [11/Apr/2022:04:21:37 -0700] "GET /wp-content/themes/twentysixteen/js/skip-link-focus-fix.js?ver=20160816 HTTP/1.1" 200 1004 "http://www.unstructureddatatips.com/onefs-smartfail/" "Mozilla/5.0 (Windows NT 10.0; Win64; x64) AppleWebKit/537.36 (KHTML, like Gecko) Chrome/99.0.4844.82 Safari/537.36" 
208.113.197.84 - - [11/Apr/2022:04:21:36 -0700] "POST /wp-cron.php?doing_wp_cron=1649676096.0102179050445556640625 HTTP/1.1" 200 258 "http://www.unstructureddatatips.com/wp-cron.php?doing_wp_cron=1649676096.0102179050445556640625" "WordPress/5.9.3; http://www.unstructureddatatips.com" 
80.179.138.10 - - [11/Apr/2022:04:21:38 -0700] "GET /wp-includes/js/comment-reply.min.js?ver=5.9.3 HTTP/1.1" 200 1762 "http://www.unstructureddatatips.com/onefs-smartfail/" "Mozilla/5.0 (Windows NT 10.0; Win64; x64) AppleWebKit/537.36 (KHTML, like Gecko) Chrome/99.0.4844.82 Safari/537.36" 
80.179.138.10 - - [11/Apr/2022:04:21:38 -0700] "GET /wp-content/themes/twentysixteen/js/functions.js?ver=20181230 HTTP/1.1" 200 2513 "http://www.unstructureddatatips.com/onefs-smartfail/" "Mozilla/5.0 (Windows NT 10.0; Win64; x64) AppleWebKit/537.36 (KHTML, like Gecko) Chrome/99.0.4844.82 Safari/537.36" 
80.179.138.10 - - [11/Apr/2022:04:21:38 -0700] "GET /wp-content/uploads/2021/06/smartfail_1-300x230.png HTTP/1.1" 200 23134 "http://www.unstructureddatatips.com/onefs-smartfail/" "Mozilla/5.0 (Windows NT 10.0; Win64; x64) AppleWebKit/537.36 (KHTML, like Gecko) Chrome/99.0.4844.82 Safari/537.36" 
80.179.138.10 - - [11/Apr/2022:04:21:38 -0700] "GET /wp-includes/js/wp-emoji-release.min.js?ver=5.9.3 HTTP/1.1" 200 5416 "http://www.unstructureddatatips.com/onefs-smartfail/" "Mozilla/5.0 (Windows NT 10.0; Win64; x64) AppleWebKit/537.36 (KHTML, like Gecko) Chrome/99.0.4844.82 Safari/537.36" 
80.179.138.10 - - [11/Apr/2022:04:21:38 -0700] "GET /favicon.ico HTTP/1.1" 200 368 "http://www.unstructureddatatips.com/onefs-smartfail/" "Mozilla/5.0 (Windows NT 10.0; Win64; x64) AppleWebKit/537.36 (KHTML, like Gecko) Chrome/99.0.4844.82 Safari/537.36" 
8.29.198.27 - - [11/Apr/2022:04:22:14 -0700] "GET /feed/ HTTP/1.1" 200 38359 "-" "Feedly/1.0 (+http://www.feedly.com/fetcher.html; 8 subscribers; like FeedFetcher-Google)" 
207.46.13.5 - - [11/Apr/2022:04:24:07 -0700] "GET /category/isilon/page/4/ HTTP/1.1" 200 34043 "-" "Mozilla/5.0 (compatible; bingbot/2.0; +http://www.bing.com/bingbot.htm)" 
