208.113.197.84 - - [11/Apr/2022:02:41:52 -0700] "POST /wp-cron.php?doing_wp_cron=1649670111.8698759078979492187500 HTTP/1.1" 200 258 "http://www.unstructureddatatips.com/wp-cron.php?doing_wp_cron=1649670111.8698759078979492187500" "WordPress/5.9.3; http://www.unstructureddatatips.com" 
89.187.185.49 - - [11/Apr/2022:02:41:55 -0700] "POST /wp-comments-post.php HTTP/1.1" 302 918 "http://www.unstructureddatatips.com" "Mozilla/5.0 (Windows NT 10.0; Win64; x64) AppleWebKit/537.36 (KHTML, like Gecko) Chrome/62.0.3202.94 Safari/537.36" 
89.187.185.49 - - [11/Apr/2022:02:41:59 -0700] "GET /hadoop-rest-api-webhdfs-on-onefs/ HTTP/1.1" 200 12005 "http://www.unstructureddatatips.com" "Mozilla/4.0 (compatible; MSIE 6.0; Windows NT 5.1; en) Opera 8.50" 
192.0.89.215 - - [11/Apr/2022:02:43:31 -0700] "GET /feed/ HTTP/1.1" 200 38383 "-" "wp.com feedbot/1.0 (+https://wp.com;subscribers=1;feed-id=101267370)" 
23.104.161.35 - - [11/Apr/2022:02:46:48 -0700] "GET /?p= HTTP/1.1" 301 384 "-" "Mozilla/5.0 (X11; Linux x86_64) AppleWebKit/537.36 (KHTML, like Gecko) Ubuntu Chromium/66.0.3359.181 Chrome/66.0.3359.181 Safari/537.36" 
208.113.197.84 - - [11/Apr/2022:02:46:50 -0700] "POST /wp-cron.php?doing_wp_cron=1649670409.9403939247131347656250 HTTP/1.1" 200 258 "http://www.unstructureddatatips.com/wp-cron.php?doing_wp_cron=1649670409.9403939247131347656250" "WordPress/5.9.3; http://www.unstructureddatatips.com" 
23.104.161.35 - - [11/Apr/2022:02:46:51 -0700] "GET / HTTP/1.1" 200 44829 "-" "Mozilla/5.0 (X11; Linux x86_64) AppleWebKit/537.36 (KHTML, like Gecko) Ubuntu Chromium/66.0.3359.181 Chrome/66.0.3359.181 Safari/537.36" 
8.29.198.25 - - [11/Apr/2022:02:49:02 -0700] "GET /feed/ HTTP/1.1" 200 38359 "-" "Feedly/1.0 (+http://www.feedly.com/fetcher.html; 8 subscribers; like FeedFetcher-Google)" 
208.113.197.84 - - [11/Apr/2022:02:49:03 -0700] "POST /wp-cron.php?doing_wp_cron=1649670543.2173240184783935546875 HTTP/1.1" 200 258 "http://www.unstructureddatatips.com/wp-cron.php?doing_wp_cron=1649670543.2173240184783935546875" "WordPress/5.9.3; http://www.unstructureddatatips.com" 
51.222.253.20 - - [11/Apr/2022:02:49:32 -0700] "GET /onefs-capacity-management/ HTTP/1.1" 200 13660 "-" "Mozilla/5.0 (compatible; AhrefsBot/7.0; +http://ahrefs.com/robot/)" 
66.249.70.7 - - [11/Apr/2022:02:50:52 -0700] "GET / HTTP/1.1" 200 44829 "-" "Mozilla/5.0 (compatible; Googlebot/2.1; +http://www.google.com/bot.html)" 
208.113.197.84 - - [11/Apr/2022:02:50:53 -0700] "POST /wp-cron.php?doing_wp_cron=1649670653.4941399097442626953125 HTTP/1.1" 200 258 "http://www.unstructureddatatips.com/wp-cron.php?doing_wp_cron=1649670653.4941399097442626953125" "WordPress/5.9.3; http://www.unstructureddatatips.com" 
49.7.21.95 - - [11/Apr/2022:02:51:57 -0700] "GET / HTTP/1.1" 200 44792 "-" "Sogou web spider/4.0(+http://www.sogou.com/docs/help/webmasters.htm#07)" 
208.113.197.84 - - [11/Apr/2022:02:51:58 -0700] "POST /wp-cron.php?doing_wp_cron=1649670718.3195900917053222656250 HTTP/1.1" 200 258 "http://www.unstructureddatatips.com/wp-cron.php?doing_wp_cron=1649670718.3195900917053222656250" "WordPress/5.9.3; http://www.unstructureddatatips.com" 
66.249.70.9 - - [11/Apr/2022:02:53:55 -0700] "GET /593-2/ HTTP/1.1" 200 14027 "-" "Mozilla/5.0 (Linux; Android 6.0.1; Nexus 5X Build/MMB29P) AppleWebKit/537.36 (KHTML, like Gecko) Chrome/99.0.4844.84 Mobile Safari/537.36 (compatible; Googlebot/2.1; +http://www.google.com/bot.html)" 
208.113.197.84 - - [11/Apr/2022:02:53:55 -0700] "POST /wp-cron.php?doing_wp_cron=1649670835.9316849708557128906250 HTTP/1.1" 200 258 "http://www.unstructureddatatips.com/wp-cron.php?doing_wp_cron=1649670835.9316849708557128906250" "WordPress/5.9.3; http://www.unstructureddatatips.com" 
17.121.112.121 - - [11/Apr/2022:02:53:59 -0700] "GET /author/unstructureddatatips_5tdz5m/ HTTP/1.1" 200 18092 "-" "Mozilla/5.0 (Macintosh; Intel Mac OS X 10_15_5) AppleWebKit/605.1.15 (KHTML, like Gecko) Version/13.1.1 Safari/605.1.15 (Applebot/0.1; +http://www.apple.com/go/applebot)" 
8.29.198.27 - - [11/Apr/2022:02:56:43 -0700] "GET /feed/ HTTP/1.1" 200 38362 "-" "Feedly/1.0 (+http://www.feedly.com/fetcher.html; 8 subscribers; like FeedFetcher-Google)" 
208.113.197.84 - - [11/Apr/2022:02:56:44 -0700] "POST /wp-cron.php?doing_wp_cron=1649671004.5576798915863037109375 HTTP/1.1" 200 258 "http://www.unstructureddatatips.com/wp-cron.php?doing_wp_cron=1649671004.5576798915863037109375" "WordPress/5.9.3; http://www.unstructureddatatips.com" 
37.26.92.93 - - [11/Apr/2022:02:57:39 -0700] "GET /593-2/ HTTP/1.1" 200 14028 "https://www.google.com/" "Mozilla/5.0 (Windows NT 10.0; Win64; x64; rv:95.0) Gecko/20100101 Firefox/95.0" 
37.26.92.93 - - [11/Apr/2022:02:57:41 -0700] "GET /wp-content/themes/twentysixteen/js/skip-link-focus-fix.js?ver=20160816 HTTP/1.1" 200 1004 "http://www.unstructureddatatips.com/593-2/" "Mozilla/5.0 (Windows NT 10.0; Win64; x64; rv:95.0) Gecko/20100101 Firefox/95.0" 
37.26.92.93 - - [11/Apr/2022:02:57:41 -0700] "GET /wp-content/themes/twentysixteen/style.css?ver=5.9.3 HTTP/1.1" 200 14032 "http://www.unstructureddatatips.com/593-2/" "Mozilla/5.0 (Windows NT 10.0; Win64; x64; rv:95.0) Gecko/20100101 Firefox/95.0" 
37.26.92.93 - - [11/Apr/2022:02:57:41 -0700] "GET /wp-content/plugins/jetpack/_inc/genericons/genericons/genericons.css?ver=3.1 HTTP/1.1" 200 16754 "http://www.unstructureddatatips.com/593-2/" "Mozilla/5.0 (Windows NT 10.0; Win64; x64; rv:95.0) Gecko/20100101 Firefox/95.0" 
37.26.92.93 - - [11/Apr/2022:02:57:41 -0700] "GET /wp-content/plugins/jetpack/css/jetpack.css?ver=10.6 HTTP/1.1" 200 17457 "http://www.unstructureddatatips.com/593-2/" "Mozilla/5.0 (Windows NT 10.0; Win64; x64; rv:95.0) Gecko/20100101 Firefox/95.0" 
37.26.92.93 - - [11/Apr/2022:02:57:41 -0700] "GET /wp-includes/js/mediaelement/mediaelementplayer-legacy.min.css?ver=4.2.16 HTTP/1.1" 200 3019 "http://www.unstructureddatatips.com/593-2/" "Mozilla/5.0 (Windows NT 10.0; Win64; x64; rv:95.0) Gecko/20100101 Firefox/95.0" 
37.26.92.93 - - [11/Apr/2022:02:57:41 -0700] "GET /wp-includes/js/mediaelement/wp-mediaelement.min.css?ver=5.9.3 HTTP/1.1" 200 1588 "http://www.unstructureddatatips.com/593-2/" "Mozilla/5.0 (Windows NT 10.0; Win64; x64; rv:95.0) Gecko/20100101 Firefox/95.0" 
37.26.92.93 - - [11/Apr/2022:02:57:41 -0700] "GET /wp-includes/js/wp-emoji-release.min.js?ver=5.9.3 HTTP/1.1" 200 5416 "http://www.unstructureddatatips.com/593-2/" "Mozilla/5.0 (Windows NT 10.0; Win64; x64; rv:95.0) Gecko/20100101 Firefox/95.0" 
37.26.92.93 - - [11/Apr/2022:02:57:41 -0700] "GET /wp-includes/js/jquery/jquery.min.js?ver=3.6.0 HTTP/1.1" 200 31860 "http://www.unstructureddatatips.com/593-2/" "Mozilla/5.0 (Windows NT 10.0; Win64; x64; rv:95.0) Gecko/20100101 Firefox/95.0" 
37.26.92.93 - - [11/Apr/2022:02:57:41 -0700] "GET /wp-includes/js/jquery/jquery-migrate.min.js?ver=3.3.2 HTTP/1.1" 200 4622 "http://www.unstructureddatatips.com/593-2/" "Mozilla/5.0 (Windows NT 10.0; Win64; x64; rv:95.0) Gecko/20100101 Firefox/95.0" 
37.26.92.93 - - [11/Apr/2022:02:57:41 -0700] "GET /wp-content/plugins/jetpack/modules/theme-tools/compat/twentysixteen.css?ver=10.6 HTTP/1.1" 200 3633 "http://www.unstructureddatatips.com/593-2/" "Mozilla/5.0 (Windows NT 10.0; Win64; x64; rv:95.0) Gecko/20100101 Firefox/95.0" 
37.26.92.93 - - [11/Apr/2022:02:57:41 -0700] "GET /wp-includes/css/dist/block-library/style.min.css?ver=5.9.3 HTTP/1.1" 200 12100 "http://www.unstructureddatatips.com/593-2/" "Mozilla/5.0 (Windows NT 10.0; Win64; x64; rv:95.0) Gecko/20100101 Firefox/95.0" 
37.26.92.93 - - [11/Apr/2022:02:57:41 -0700] "GET /wp-content/themes/twentysixteen/css/blocks.css?ver=20181230 HTTP/1.1" 200 2248 "http://www.unstructureddatatips.com/593-2/" "Mozilla/5.0 (Windows NT 10.0; Win64; x64; rv:95.0) Gecko/20100101 Firefox/95.0" 
37.26.92.93 - - [11/Apr/2022:02:57:41 -0700] "GET /wp-includes/js/comment-reply.min.js?ver=5.9.3 HTTP/1.1" 200 1762 "http://www.unstructureddatatips.com/593-2/" "Mozilla/5.0 (Windows NT 10.0; Win64; x64; rv:95.0) Gecko/20100101 Firefox/95.0" 
37.26.92.93 - - [11/Apr/2022:02:57:41 -0700] "GET /wp-content/themes/twentysixteen/js/functions.js?ver=20181230 HTTP/1.1" 200 2513 "http://www.unstructureddatatips.com/593-2/" "Mozilla/5.0 (Windows NT 10.0; Win64; x64; rv:95.0) Gecko/20100101 Firefox/95.0" 
37.26.92.93 - - [11/Apr/2022:02:57:41 -0700] "GET /wp-content/uploads/2021/03/treedelete_2-300x206.png HTTP/1.1" 200 45315 "http://www.unstructureddatatips.com/593-2/" "Mozilla/5.0 (Windows NT 10.0; Win64; x64; rv:95.0) Gecko/20100101 Firefox/95.0" 
37.26.92.93 - - [11/Apr/2022:02:57:41 -0700] "GET /wp-content/uploads/2021/03/treedelete_1-300x112.png HTTP/1.1" 200 10554 "http://www.unstructureddatatips.com/593-2/" "Mozilla/5.0 (Windows NT 10.0; Win64; x64; rv:95.0) Gecko/20100101 Firefox/95.0" 
208.113.197.84 - - [11/Apr/2022:02:57:40 -0700] "POST /wp-cron.php?doing_wp_cron=1649671060.0231769084930419921875 HTTP/1.1" 200 258 "http://www.unstructureddatatips.com/wp-cron.php?doing_wp_cron=1649671060.0231769084930419921875" "WordPress/5.9.3; http://www.unstructureddatatips.com" 
37.26.92.93 - - [11/Apr/2022:02:57:42 -0700] "GET /favicon.ico HTTP/1.1" 200 368 "http://www.unstructureddatatips.com/593-2/" "Mozilla/5.0 (Windows NT 10.0; Win64; x64; rv:95.0) Gecko/20100101 Firefox/95.0" 
66.249.70.23 - - [11/Apr/2022:03:00:08 -0700] "GET / HTTP/1.1" 200 44830 "-" "Mozilla/5.0 (compatible; Googlebot/2.1; +http://www.google.com/bot.html)" 
208.113.197.84 - - [11/Apr/2022:03:00:09 -0700] "POST /wp-cron.php?doing_wp_cron=1649671209.5142509937286376953125 HTTP/1.1" 200 258 "http://www.unstructureddatatips.com/wp-cron.php?doing_wp_cron=1649671209.5142509937286376953125" "WordPress/5.9.3; http://www.unstructureddatatips.com" 
66.249.70.27 - - [11/Apr/2022:03:02:02 -0700] "GET /wp-content/uploads/2020/06/s3_3.png HTTP/1.1" 200 32240 "-" "Googlebot-Image/1.0" 
66.249.70.23 - - [11/Apr/2022:03:03:14 -0700] "GET /feed/ HTTP/1.1" 200 38427 "-" "Mozilla/5.0 (compatible; Googlebot/2.1; +http://www.google.com/bot.html)" 
208.113.197.84 - - [11/Apr/2022:03:03:15 -0700] "POST /wp-cron.php?doing_wp_cron=1649671395.6994609832763671875000 HTTP/1.1" 200 258 "http://www.unstructureddatatips.com/wp-cron.php?doing_wp_cron=1649671395.6994609832763671875000" "WordPress/5.9.3; http://www.unstructureddatatips.com" 
66.249.70.23 - - [11/Apr/2022:03:03:32 -0700] "GET /feed/ HTTP/1.1" 200 38399 "-" "Mozilla/5.0 (compatible; Googlebot/2.1; +http://www.google.com/bot.html)" 
8.29.198.25 - - [11/Apr/2022:03:04:35 -0700] "GET /feed/ HTTP/1.1" 200 38390 "-" "Feedly/1.0 (+http://www.feedly.com/fetcher.html; 8 subscribers; like FeedFetcher-Google)" 
208.113.197.84 - - [11/Apr/2022:03:04:36 -0700] "POST /wp-cron.php?doing_wp_cron=1649671476.5365428924560546875000 HTTP/1.1" 200 258 "http://www.unstructureddatatips.com/wp-cron.php?doing_wp_cron=1649671476.5365428924560546875000" "WordPress/5.9.3; http://www.unstructureddatatips.com" 
66.249.70.5 - - [11/Apr/2022:03:07:09 -0700] "GET /tag/onefs/ HTTP/1.1" 200 19947 "-" "Mozilla/5.0 (compatible; Googlebot/2.1; +http://www.google.com/bot.html)" 
208.113.197.84 - - [11/Apr/2022:03:07:10 -0700] "POST /wp-cron.php?doing_wp_cron=1649671630.0571238994598388671875 HTTP/1.1" 200 258 "http://www.unstructureddatatips.com/wp-cron.php?doing_wp_cron=1649671630.0571238994598388671875" "WordPress/5.9.3; http://www.unstructureddatatips.com" 
64.71.157.109 - - [11/Apr/2022:03:09:00 -0700] "GET /feed/ HTTP/1.1" 200 38359 "-" "Feedbin feed-id:2121452 - 1 subscribers" 
208.113.197.84 - - [11/Apr/2022:03:09:01 -0700] "POST /wp-cron.php?doing_wp_cron=1649671741.4391438961029052734375 HTTP/1.1" 200 258 "http://www.unstructureddatatips.com/wp-cron.php?doing_wp_cron=1649671741.4391438961029052734375" "WordPress/5.9.3; http://www.unstructureddatatips.com" 
208.113.197.84 - - [11/Apr/2022:03:09:12 -0700] "POST /wp-cron.php?doing_wp_cron=1649671752.5869948863983154296875 HTTP/1.1" 200 258 "http://www.unstructureddatatips.com/wp-cron.php?doing_wp_cron=1649671752.5869948863983154296875" "WordPress/5.9.3; http://www.unstructureddatatips.com" 
51.222.253.2 - - [11/Apr/2022:03:09:12 -0700] "GET /tag/sql-server/ HTTP/1.1" 200 12011 "-" "Mozilla/5.0 (compatible; AhrefsBot/7.0; +http://ahrefs.com/robot/)" 
84.199.123.252 - - [11/Apr/2022:03:11:37 -0700] "GET /onefs-nfsv4-1-trunking/ HTTP/1.1" 200 12280 "http://www.unstructureddatatips.com/onefs-nfsv4-1-and-v4-2-support/" "Mozilla/5.0 (Windows NT 10.0; Win64; x64) AppleWebKit/537.36 (KHTML, like Gecko) Chrome/100.0.4896.75 Safari/537.36 Edg/100.0.1185.36" 
84.199.123.252 - - [11/Apr/2022:03:11:39 -0700] "GET /wp-content/plugins/jetpack/modules/theme-tools/compat/twentysixteen.css?ver=10.6 HTTP/1.1" 200 3610 "http://www.unstructureddatatips.com/onefs-nfsv4-1-trunking/" "Mozilla/5.0 (Windows NT 10.0; Win64; x64) AppleWebKit/537.36 (KHTML, like Gecko) Chrome/100.0.4896.75 Safari/537.36 Edg/100.0.1185.36" 
84.199.123.252 - - [11/Apr/2022:03:11:39 -0700] "GET /wp-includes/css/dist/block-library/style.min.css?ver=5.9.3 HTTP/1.1" 200 12123 "http://www.unstructureddatatips.com/onefs-nfsv4-1-trunking/" "Mozilla/5.0 (Windows NT 10.0; Win64; x64) AppleWebKit/537.36 (KHTML, like Gecko) Chrome/100.0.4896.75 Safari/537.36 Edg/100.0.1185.36" 
84.199.123.252 - - [11/Apr/2022:03:11:39 -0700] "GET /wp-includes/js/mediaelement/mediaelementplayer-legacy.min.css?ver=4.2.16 HTTP/1.1" 200 2996 "http://www.unstructureddatatips.com/onefs-nfsv4-1-trunking/" "Mozilla/5.0 (Windows NT 10.0; Win64; x64) AppleWebKit/537.36 (KHTML, like Gecko) Chrome/100.0.4896.75 Safari/537.36 Edg/100.0.1185.36" 
84.199.123.252 - - [11/Apr/2022:03:11:39 -0700] "GET /wp-includes/js/mediaelement/wp-mediaelement.min.css?ver=5.9.3 HTTP/1.1" 200 1565 "http://www.unstructureddatatips.com/onefs-nfsv4-1-trunking/" "Mozilla/5.0 (Windows NT 10.0; Win64; x64) AppleWebKit/537.36 (KHTML, like Gecko) Chrome/100.0.4896.75 Safari/537.36 Edg/100.0.1185.36" 
84.199.123.252 - - [11/Apr/2022:03:11:39 -0700] "GET /wp-content/plugins/jetpack/_inc/genericons/genericons/genericons.css?ver=3.1 HTTP/1.1" 200 16754 "http://www.unstructureddatatips.com/onefs-nfsv4-1-trunking/" "Mozilla/5.0 (Windows NT 10.0; Win64; x64) AppleWebKit/537.36 (KHTML, like Gecko) Chrome/100.0.4896.75 Safari/537.36 Edg/100.0.1185.36" 
84.199.123.252 - - [11/Apr/2022:03:11:39 -0700] "GET /wp-content/themes/twentysixteen/style.css?ver=5.9.3 HTTP/1.1" 200 14009 "http://www.unstructureddatatips.com/onefs-nfsv4-1-trunking/" "Mozilla/5.0 (Windows NT 10.0; Win64; x64) AppleWebKit/537.36 (KHTML, like Gecko) Chrome/100.0.4896.75 Safari/537.36 Edg/100.0.1185.36" 
84.199.123.252 - - [11/Apr/2022:03:11:39 -0700] "GET /wp-content/themes/twentysixteen/css/blocks.css?ver=20181230 HTTP/1.1" 200 2248 "http://www.unstructureddatatips.com/onefs-nfsv4-1-trunking/" "Mozilla/5.0 (Windows NT 10.0; Win64; x64) AppleWebKit/537.36 (KHTML, like Gecko) Chrome/100.0.4896.75 Safari/537.36 Edg/100.0.1185.36" 
84.199.123.252 - - [11/Apr/2022:03:11:39 -0700] "GET /wp-content/plugins/jetpack/css/jetpack.css?ver=10.6 HTTP/1.1" 200 17457 "http://www.unstructureddatatips.com/onefs-nfsv4-1-trunking/" "Mozilla/5.0 (Windows NT 10.0; Win64; x64) AppleWebKit/537.36 (KHTML, like Gecko) Chrome/100.0.4896.75 Safari/537.36 Edg/100.0.1185.36" 
84.199.123.252 - - [11/Apr/2022:03:11:39 -0700] "GET /wp-includes/js/jquery/jquery.min.js?ver=3.6.0 HTTP/1.1" 200 31860 "http://www.unstructureddatatips.com/onefs-nfsv4-1-trunking/" "Mozilla/5.0 (Windows NT 10.0; Win64; x64) AppleWebKit/537.36 (KHTML, like Gecko) Chrome/100.0.4896.75 Safari/537.36 Edg/100.0.1185.36" 
84.199.123.252 - - [11/Apr/2022:03:11:39 -0700] "GET /wp-includes/js/jquery/jquery-migrate.min.js?ver=3.3.2 HTTP/1.1" 200 4622 "http://www.unstructureddatatips.com/onefs-nfsv4-1-trunking/" "Mozilla/5.0 (Windows NT 10.0; Win64; x64) AppleWebKit/537.36 (KHTML, like Gecko) Chrome/100.0.4896.75 Safari/537.36 Edg/100.0.1185.36" 
84.199.123.252 - - [11/Apr/2022:03:11:40 -0700] "GET /wp-content/themes/twentysixteen/js/skip-link-focus-fix.js?ver=20160816 HTTP/1.1" 200 1004 "http://www.unstructureddatatips.com/onefs-nfsv4-1-trunking/" "Mozilla/5.0 (Windows NT 10.0; Win64; x64) AppleWebKit/537.36 (KHTML, like Gecko) Chrome/100.0.4896.75 Safari/537.36 Edg/100.0.1185.36" 
84.199.123.252 - - [11/Apr/2022:03:11:40 -0700] "GET /wp-includes/js/comment-reply.min.js?ver=5.9.3 HTTP/1.1" 200 1762 "http://www.unstructureddatatips.com/onefs-nfsv4-1-trunking/" "Mozilla/5.0 (Windows NT 10.0; Win64; x64) AppleWebKit/537.36 (KHTML, like Gecko) Chrome/100.0.4896.75 Safari/537.36 Edg/100.0.1185.36" 
84.199.123.252 - - [11/Apr/2022:03:11:40 -0700] "GET /wp-content/themes/twentysixteen/js/functions.js?ver=20181230 HTTP/1.1" 200 2513 "http://www.unstructureddatatips.com/onefs-nfsv4-1-trunking/" "Mozilla/5.0 (Windows NT 10.0; Win64; x64) AppleWebKit/537.36 (KHTML, like Gecko) Chrome/100.0.4896.75 Safari/537.36 Edg/100.0.1185.36" 
84.199.123.252 - - [11/Apr/2022:03:11:40 -0700] "GET /wp-content/uploads/2021/11/nfsv4-1_trunking_1-300x292.png HTTP/1.1" 304 271 "http://www.unstructureddatatips.com/onefs-nfsv4-1-trunking/" "Mozilla/5.0 (Windows NT 10.0; Win64; x64) AppleWebKit/537.36 (KHTML, like Gecko) Chrome/100.0.4896.75 Safari/537.36 Edg/100.0.1185.36" 
84.199.123.252 - - [11/Apr/2022:03:11:40 -0700] "GET /wp-content/uploads/2021/11/nfsv4-1_trunking_2.png HTTP/1.1" 304 271 "http://www.unstructureddatatips.com/onefs-nfsv4-1-trunking/" "Mozilla/5.0 (Windows NT 10.0; Win64; x64) AppleWebKit/537.36 (KHTML, like Gecko) Chrome/100.0.4896.75 Safari/537.36 Edg/100.0.1185.36" 
84.199.123.252 - - [11/Apr/2022:03:11:40 -0700] "GET /wp-content/uploads/2021/11/nfsv4-1_trunking_3-300x290.png HTTP/1.1" 304 271 "http://www.unstructureddatatips.com/onefs-nfsv4-1-trunking/" "Mozilla/5.0 (Windows NT 10.0; Win64; x64) AppleWebKit/537.36 (KHTML, like Gecko) Chrome/100.0.4896.75 Safari/537.36 Edg/100.0.1185.36" 
84.199.123.252 - - [11/Apr/2022:03:11:40 -0700] "GET /wp-includes/js/wp-emoji-release.min.js?ver=5.9.3 HTTP/1.1" 200 5416 "http://www.unstructureddatatips.com/onefs-nfsv4-1-trunking/" "Mozilla/5.0 (Windows NT 10.0; Win64; x64) AppleWebKit/537.36 (KHTML, like Gecko) Chrome/100.0.4896.75 Safari/537.36 Edg/100.0.1185.36" 
208.113.197.84 - - [11/Apr/2022:03:11:38 -0700] "POST /wp-cron.php?doing_wp_cron=1649671898.3501670360565185546875 HTTP/1.1" 200 258 "http://www.unstructureddatatips.com/wp-cron.php?doing_wp_cron=1649671898.3501670360565185546875" "WordPress/5.9.3; http://www.unstructureddatatips.com" 
84.199.123.252 - - [11/Apr/2022:03:11:40 -0700] "GET /favicon.ico HTTP/1.1" 304 251 "http://www.unstructureddatatips.com/onefs-nfsv4-1-trunking/" "Mozilla/5.0 (Windows NT 10.0; Win64; x64) AppleWebKit/537.36 (KHTML, like Gecko) Chrome/100.0.4896.75 Safari/537.36 Edg/100.0.1185.36" 
211.14.2.57 - - [11/Apr/2022:03:12:05 -0700] "GET /onefs-mcp/ HTTP/1.1" 200 11995 "-" "Mozilla/5.0 (Windows NT 10.0; Win64; x64; rv:98.0) Gecko/20100101 Firefox/98.0" 
211.14.2.57 - - [11/Apr/2022:03:12:05 -0700] "GET /wp-content/plugins/jetpack/modules/theme-tools/compat/twentysixteen.css?ver=10.6 HTTP/1.1" 200 3610 "http://www.unstructureddatatips.com/onefs-mcp/" "Mozilla/5.0 (Windows NT 10.0; Win64; x64; rv:98.0) Gecko/20100101 Firefox/98.0" 
211.14.2.57 - - [11/Apr/2022:03:12:06 -0700] "GET /wp-includes/js/comment-reply.min.js?ver=5.9.3 HTTP/1.1" 200 1785 "http://www.unstructureddatatips.com/onefs-mcp/" "Mozilla/5.0 (Windows NT 10.0; Win64; x64; rv:98.0) Gecko/20100101 Firefox/98.0" 
211.14.2.57 - - [11/Apr/2022:03:12:06 -0700] "GET /wp-content/uploads/2021/07/mcp_1-300x224.png HTTP/1.1" 200 21047 "http://www.unstructureddatatips.com/onefs-mcp/" "Mozilla/5.0 (Windows NT 10.0; Win64; x64; rv:98.0) Gecko/20100101 Firefox/98.0" 
211.14.2.57 - - [11/Apr/2022:03:12:06 -0700] "GET /favicon.ico HTTP/1.1" 200 368 "http://www.unstructureddatatips.com/onefs-mcp/" "Mozilla/5.0 (Windows NT 10.0; Win64; x64; rv:98.0) Gecko/20100101 Firefox/98.0" 
211.14.2.57 - - [11/Apr/2022:03:12:24 -0700] "GET /onefs-job-engine-orchestration-and-execution/ HTTP/1.1" 200 14785 "-" "Mozilla/5.0 (Windows NT 10.0; Win64; x64; rv:98.0) Gecko/20100101 Firefox/98.0" 
211.14.2.57 - - [11/Apr/2022:03:12:25 -0700] "GET /wp-content/uploads/2020/11/job_engine_architecture_1-300x215.png HTTP/1.1" 200 33547 "http://www.unstructureddatatips.com/onefs-job-engine-orchestration-and-execution/" "Mozilla/5.0 (Windows NT 10.0; Win64; x64; rv:98.0) Gecko/20100101 Firefox/98.0" 
3.91.1.242 - - [11/Apr/2022:03:13:12 -0700] "GET /wp-includes/js/comment-reply.min.js?ver=5.9.3 HTTP/1.1" 200 3346 "-" "Mozilla/5.0 (Windows NT 6.1; Win64; x64) AppleWebKit/537.36 (KHTML, like Gecko) Chrome/72.0.3626.109 Safari/537.36" 
3.87.55.220 - - [11/Apr/2022:03:14:17 -0700] "GET /onefs-nfsv4-1-trunking/ HTTP/1.1" 200 49397 "-" "Mozilla/5.0 (Windows NT 6.1; Win64; x64) AppleWebKit/537.36 (KHTML, like Gecko) Chrome/72.0.3626.109 Safari/537.36" 
208.113.197.84 - - [11/Apr/2022:03:14:17 -0700] "POST /wp-cron.php?doing_wp_cron=1649672057.9188899993896484375000 HTTP/1.1" 200 258 "http://www.unstructureddatatips.com/wp-cron.php?doing_wp_cron=1649672057.9188899993896484375000" "WordPress/5.9.3; http://www.unstructureddatatips.com" 
3.91.1.242 - - [11/Apr/2022:03:14:34 -0700] "GET /wp-content/themes/twentysixteen/js/skip-link-focus-fix.js?ver=20160816 HTTP/1.1" 200 1426 "-" "Mozilla/5.0 (Windows NT 6.1; Win64; x64) AppleWebKit/537.36 (KHTML, like Gecko) Chrome/72.0.3626.109 Safari/537.36" 
66.249.70.7 - - [11/Apr/2022:03:15:15 -0700] "GET /onefs-nfs-performance-resource-monitoring/ HTTP/1.1" 200 15034 "-" "Mozilla/5.0 (Linux; Android 6.0.1; Nexus 5X Build/MMB29P) AppleWebKit/537.36 (KHTML, like Gecko) Chrome/99.0.4844.84 Mobile Safari/537.36 (compatible; Googlebot/2.1; +http://www.google.com/bot.html)" 
208.113.197.84 - - [11/Apr/2022:03:15:16 -0700] "POST /wp-cron.php?doing_wp_cron=1649672116.5266819000244140625000 HTTP/1.1" 200 258 "http://www.unstructureddatatips.com/wp-cron.php?doing_wp_cron=1649672116.5266819000244140625000" "WordPress/5.9.3; http://www.unstructureddatatips.com" 
208.113.197.84 - - [11/Apr/2022:03:15:48 -0700] "POST /wp-cron.php?doing_wp_cron=1649672148.5994269847869873046875 HTTP/1.1" 200 258 "http://www.unstructureddatatips.com/wp-cron.php?doing_wp_cron=1649672148.5994269847869873046875" "WordPress/5.9.3; http://www.unstructureddatatips.com" 
66.249.70.7 - - [11/Apr/2022:03:15:48 -0700] "GET /author/nicktrimbee/ HTTP/1.1" 200 45019 "-" "Mozilla/5.0 (compatible; Googlebot/2.1; +http://www.google.com/bot.html)" 
8.29.198.25 - - [11/Apr/2022:03:17:21 -0700] "GET /feed/ HTTP/1.1" 200 38359 "-" "Feedly/1.0 (+http://www.feedly.com/fetcher.html; 8 subscribers; like FeedFetcher-Google)" 
208.113.197.84 - - [11/Apr/2022:03:17:22 -0700] "POST /wp-cron.php?doing_wp_cron=1649672242.2748680114746093750000 HTTP/1.1" 200 258 "http://www.unstructureddatatips.com/wp-cron.php?doing_wp_cron=1649672242.2748680114746093750000" "WordPress/5.9.3; http://www.unstructureddatatips.com" 
66.249.70.25 - - [11/Apr/2022:03:19:29 -0700] "GET /onefs-writable-snapshots-coexistence-and-caveats/ HTTP/1.1" 200 13832 "-" "Mozilla/5.0 (Linux; Android 6.0.1; Nexus 5X Build/MMB29P) AppleWebKit/537.36 (KHTML, like Gecko) Chrome/99.0.4844.84 Mobile Safari/537.36 (compatible; Googlebot/2.1; +http://www.google.com/bot.html)" 
208.113.197.84 - - [11/Apr/2022:03:19:30 -0700] "POST /wp-cron.php?doing_wp_cron=1649672370.4889469146728515625000 HTTP/1.1" 200 258 "http://www.unstructureddatatips.com/wp-cron.php?doing_wp_cron=1649672370.4889469146728515625000" "WordPress/5.9.3; http://www.unstructureddatatips.com" 
208.113.197.84 - - [11/Apr/2022:03:19:34 -0700] "POST /wp-cron.php?doing_wp_cron=1649672374.6224040985107421875000 HTTP/1.1" 200 258 "http://www.unstructureddatatips.com/wp-cron.php?doing_wp_cron=1649672374.6224040985107421875000" "WordPress/5.9.3; http://www.unstructureddatatips.com" 
165.225.21.1 - - [11/Apr/2022:03:19:34 -0700] "GET /2021/06/ HTTP/1.1" 200 23346 "https://www.google.com/" "Mozilla/5.0 (Windows NT 10.0; Win64; x64) AppleWebKit/537.36 (KHTML, like Gecko) Chrome/89.0.4389.90 Safari/537.36" 
165.225.21.1 - - [11/Apr/2022:03:19:36 -0700] "GET /wp-content/uploads/2021/06/external_key_mgt_2.png HTTP/1.1" 200 39825 "http://www.unstructureddatatips.com/2021/06/" "Mozilla/5.0 (Windows NT 10.0; Win64; x64) AppleWebKit/537.36 (KHTML, like Gecko) Chrome/89.0.4389.90 Safari/537.36" 
182.57.2.114 - - [11/Apr/2022:03:19:35 -0700] "GET /onefs-capacity-management/ HTTP/1.1" 200 13704 "https://www.google.com/" "Mozilla/5.0 (Windows NT 10.0; Win64; x64) AppleWebKit/537.36 (KHTML, like Gecko) Chrome/100.0.4896.75 Safari/537.36" 
182.57.2.114 - - [11/Apr/2022:03:19:37 -0700] "GET /wp-content/plugins/jetpack/modules/theme-tools/compat/twentysixteen.css?ver=10.6 HTTP/1.1" 200 3633 "http://www.unstructureddatatips.com/onefs-capacity-management/" "Mozilla/5.0 (Windows NT 10.0; Win64; x64) AppleWebKit/537.36 (KHTML, like Gecko) Chrome/100.0.4896.75 Safari/537.36" 
182.57.2.114 - - [11/Apr/2022:03:19:37 -0700] "GET /wp-includes/css/dist/block-library/style.min.css?ver=5.9.3 HTTP/1.1" 200 12100 "http://www.unstructureddatatips.com/onefs-capacity-management/" "Mozilla/5.0 (Windows NT 10.0; Win64; x64) AppleWebKit/537.36 (KHTML, like Gecko) Chrome/100.0.4896.75 Safari/537.36" 
182.57.2.114 - - [11/Apr/2022:03:19:37 -0700] "GET /wp-includes/js/mediaelement/mediaelementplayer-legacy.min.css?ver=4.2.16 HTTP/1.1" 200 3019 "http://www.unstructureddatatips.com/onefs-capacity-management/" "Mozilla/5.0 (Windows NT 10.0; Win64; x64) AppleWebKit/537.36 (KHTML, like Gecko) Chrome/100.0.4896.75 Safari/537.36" 
182.57.2.114 - - [11/Apr/2022:03:19:37 -0700] "GET /wp-includes/js/mediaelement/wp-mediaelement.min.css?ver=5.9.3 HTTP/1.1" 200 1565 "http://www.unstructureddatatips.com/onefs-capacity-management/" "Mozilla/5.0 (Windows NT 10.0; Win64; x64) AppleWebKit/537.36 (KHTML, like Gecko) Chrome/100.0.4896.75 Safari/537.36" 
182.57.2.114 - - [11/Apr/2022:03:19:37 -0700] "GET /wp-content/plugins/jetpack/_inc/genericons/genericons/genericons.css?ver=3.1 HTTP/1.1" 200 16731 "http://www.unstructureddatatips.com/onefs-capacity-management/" "Mozilla/5.0 (Windows NT 10.0; Win64; x64) AppleWebKit/537.36 (KHTML, like Gecko) Chrome/100.0.4896.75 Safari/537.36" 
182.57.2.114 - - [11/Apr/2022:03:19:37 -0700] "GET /wp-content/themes/twentysixteen/style.css?ver=5.9.3 HTTP/1.1" 200 14009 "http://www.unstructureddatatips.com/onefs-capacity-management/" "Mozilla/5.0 (Windows NT 10.0; Win64; x64) AppleWebKit/537.36 (KHTML, like Gecko) Chrome/100.0.4896.75 Safari/537.36" 
182.57.2.114 - - [11/Apr/2022:03:19:37 -0700] "GET /wp-content/plugins/jetpack/css/jetpack.css?ver=10.6 HTTP/1.1" 200 17480 "http://www.unstructureddatatips.com/onefs-capacity-management/" "Mozilla/5.0 (Windows NT 10.0; Win64; x64) AppleWebKit/537.36 (KHTML, like Gecko) Chrome/100.0.4896.75 Safari/537.36" 
182.57.2.114 - - [11/Apr/2022:03:19:37 -0700] "GET /wp-content/themes/twentysixteen/css/blocks.css?ver=20181230 HTTP/1.1" 200 2248 "http://www.unstructureddatatips.com/onefs-capacity-management/" "Mozilla/5.0 (Windows NT 10.0; Win64; x64) AppleWebKit/537.36 (KHTML, like Gecko) Chrome/100.0.4896.75 Safari/537.36" 
182.57.2.114 - - [11/Apr/2022:03:19:37 -0700] "GET /wp-includes/js/jquery/jquery-migrate.min.js?ver=3.3.2 HTTP/1.1" 200 4645 "http://www.unstructureddatatips.com/onefs-capacity-management/" "Mozilla/5.0 (Windows NT 10.0; Win64; x64) AppleWebKit/537.36 (KHTML, like Gecko) Chrome/100.0.4896.75 Safari/537.36" 
182.57.2.114 - - [11/Apr/2022:03:19:37 -0700] "GET /wp-includes/js/jquery/jquery.min.js?ver=3.6.0 HTTP/1.1" 200 31883 "http://www.unstructureddatatips.com/onefs-capacity-management/" "Mozilla/5.0 (Windows NT 10.0; Win64; x64) AppleWebKit/537.36 (KHTML, like Gecko) Chrome/100.0.4896.75 Safari/537.36" 
182.57.2.114 - - [11/Apr/2022:03:19:38 -0700] "GET /wp-content/themes/twentysixteen/js/skip-link-focus-fix.js?ver=20160816 HTTP/1.1" 200 1004 "http://www.unstructureddatatips.com/onefs-capacity-management/" "Mozilla/5.0 (Windows NT 10.0; Win64; x64) AppleWebKit/537.36 (KHTML, like Gecko) Chrome/100.0.4896.75 Safari/537.36" 
182.57.2.114 - - [11/Apr/2022:03:19:38 -0700] "GET /wp-includes/js/comment-reply.min.js?ver=5.9.3 HTTP/1.1" 200 1762 "http://www.unstructureddatatips.com/onefs-capacity-management/" "Mozilla/5.0 (Windows NT 10.0; Win64; x64) AppleWebKit/537.36 (KHTML, like Gecko) Chrome/100.0.4896.75 Safari/537.36" 
182.57.2.114 - - [11/Apr/2022:03:19:38 -0700] "GET /wp-content/themes/twentysixteen/js/functions.js?ver=20181230 HTTP/1.1" 200 2513 "http://www.unstructureddatatips.com/onefs-capacity-management/" "Mozilla/5.0 (Windows NT 10.0; Win64; x64) AppleWebKit/537.36 (KHTML, like Gecko) Chrome/100.0.4896.75 Safari/537.36" 
182.57.2.114 - - [11/Apr/2022:03:19:38 -0700] "GET /wp-content/uploads/2021/04/capacity_management_2-2-300x45.png HTTP/1.1" 200 8507 "http://www.unstructureddatatips.com/onefs-capacity-management/" "Mozilla/5.0 (Windows NT 10.0; Win64; x64) AppleWebKit/537.36 (KHTML, like Gecko) Chrome/100.0.4896.75 Safari/537.36" 
182.57.2.114 - - [11/Apr/2022:03:19:38 -0700] "GET /wp-content/uploads/2021/04/capacity_management_2-1-300x92.png HTTP/1.1" 200 6971 "http://www.unstructureddatatips.com/onefs-capacity-management/" "Mozilla/5.0 (Windows NT 10.0; Win64; x64) AppleWebKit/537.36 (KHTML, like Gecko) Chrome/100.0.4896.75 Safari/537.36" 
182.57.2.114 - - [11/Apr/2022:03:19:38 -0700] "GET /wp-content/uploads/2021/04/capacity_management_1-300x137.png HTTP/1.1" 200 18901 "http://www.unstructureddatatips.com/onefs-capacity-management/" "Mozilla/5.0 (Windows NT 10.0; Win64; x64) AppleWebKit/537.36 (KHTML, like Gecko) Chrome/100.0.4896.75 Safari/537.36" 
182.57.2.114 - - [11/Apr/2022:03:19:38 -0700] "GET /wp-content/uploads/2021/04/capacity_management_2-4-271x300.png HTTP/1.1" 200 45710 "http://www.unstructureddatatips.com/onefs-capacity-management/" "Mozilla/5.0 (Windows NT 10.0; Win64; x64) AppleWebKit/537.36 (KHTML, like Gecko) Chrome/100.0.4896.75 Safari/537.36" 
182.57.2.114 - - [11/Apr/2022:03:19:38 -0700] "GET /wp-content/uploads/2021/04/capacity_management_2-3-300x115.png HTTP/1.1" 200 12190 "http://www.unstructureddatatips.com/onefs-capacity-management/" "Mozilla/5.0 (Windows NT 10.0; Win64; x64) AppleWebKit/537.36 (KHTML, like Gecko) Chrome/100.0.4896.75 Safari/537.36" 
182.57.2.114 - - [11/Apr/2022:03:19:38 -0700] "GET /wp-content/uploads/2021/04/capacity_management_3-300x191.png HTTP/1.1" 200 30786 "http://www.unstructureddatatips.com/onefs-capacity-management/" "Mozilla/5.0 (Windows NT 10.0; Win64; x64) AppleWebKit/537.36 (KHTML, like Gecko) Chrome/100.0.4896.75 Safari/537.36" 
182.57.2.114 - - [11/Apr/2022:03:19:39 -0700] "GET /wp-content/uploads/2021/04/capacity_management_4-300x176.png HTTP/1.1" 200 22616 "http://www.unstructureddatatips.com/onefs-capacity-management/" "Mozilla/5.0 (Windows NT 10.0; Win64; x64) AppleWebKit/537.36 (KHTML, like Gecko) Chrome/100.0.4896.75 Safari/537.36" 
182.57.2.114 - - [11/Apr/2022:03:19:39 -0700] "GET /wp-content/uploads/2021/04/capacity_management_6-300x138.png HTTP/1.1" 200 15439 "http://www.unstructureddatatips.com/onefs-capacity-management/" "Mozilla/5.0 (Windows NT 10.0; Win64; x64) AppleWebKit/537.36 (KHTML, like Gecko) Chrome/100.0.4896.75 Safari/537.36" 
182.57.2.114 - - [11/Apr/2022:03:19:39 -0700] "GET /wp-includes/js/wp-emoji-release.min.js?ver=5.9.3 HTTP/1.1" 200 5416 "http://www.unstructureddatatips.com/onefs-capacity-management/" "Mozilla/5.0 (Windows NT 10.0; Win64; x64) AppleWebKit/537.36 (KHTML, like Gecko) Chrome/100.0.4896.75 Safari/537.36" 
182.57.2.114 - - [11/Apr/2022:03:19:39 -0700] "GET /favicon.ico HTTP/1.1" 200 368 "http://www.unstructureddatatips.com/onefs-capacity-management/" "Mozilla/5.0 (Windows NT 10.0; Win64; x64) AppleWebKit/537.36 (KHTML, like Gecko) Chrome/100.0.4896.75 Safari/537.36" 
165.225.21.1 - - [11/Apr/2022:03:21:24 -0700] "GET /wp-content/uploads/2021/06/drain-based_upgrade_1-300x218.png HTTP/1.1" 200 13427 "http://www.unstructureddatatips.com/2021/06/" "Mozilla/5.0 (Windows NT 10.0; Win64; x64) AppleWebKit/537.36 (KHTML, like Gecko) Chrome/89.0.4389.90 Safari/537.36" 
49.7.21.95 - - [11/Apr/2022:03:21:25 -0700] "GET / HTTP/1.1" 200 44792 "-" "Sogou web spider/4.0(+http://www.sogou.com/docs/help/webmasters.htm#07)" 
208.113.197.84 - - [11/Apr/2022:03:21:26 -0700] "POST /wp-cron.php?doing_wp_cron=1649672486.2051761150360107421875 HTTP/1.1" 200 258 "http://www.unstructureddatatips.com/wp-cron.php?doing_wp_cron=1649672486.2051761150360107421875" "WordPress/5.9.3; http://www.unstructureddatatips.com" 
165.225.21.1 - - [11/Apr/2022:03:22:23 -0700] "GET /wp-content/uploads/2021/06/drain-based_upgrade_2.png-300x225.jpg HTTP/1.1" 200 11737 "http://www.unstructureddatatips.com/2021/06/" "Mozilla/5.0 (Windows NT 10.0; Win64; x64) AppleWebKit/537.36 (KHTML, like Gecko) Chrome/89.0.4389.90 Safari/537.36" 
165.225.21.1 - - [11/Apr/2022:03:22:24 -0700] "GET /wp-content/uploads/2021/06/drain-based_upgrade_3-300x224.png HTTP/1.1" 200 39291 "http://www.unstructureddatatips.com/2021/06/" "Mozilla/5.0 (Windows NT 10.0; Win64; x64) AppleWebKit/537.36 (KHTML, like Gecko) Chrome/89.0.4389.90 Safari/537.36" 
165.225.21.1 - - [11/Apr/2022:03:22:30 -0700] "GET /wp-content/uploads/2021/06/drain-based_upgrade_4-300x217.png HTTP/1.1" 200 24503 "http://www.unstructureddatatips.com/2021/06/" "Mozilla/5.0 (Windows NT 10.0; Win64; x64) AppleWebKit/537.36 (KHTML, like Gecko) Chrome/89.0.4389.90 Safari/537.36" 
165.225.21.1 - - [11/Apr/2022:03:22:31 -0700] "GET /wp-content/uploads/2021/06/drain-based_upgrade_5-300x142.png HTTP/1.1" 200 15186 "http://www.unstructureddatatips.com/2021/06/" "Mozilla/5.0 (Windows NT 10.0; Win64; x64) AppleWebKit/537.36 (KHTML, like Gecko) Chrome/89.0.4389.90 Safari/537.36" 
165.225.21.1 - - [11/Apr/2022:03:22:31 -0700] "GET /wp-content/uploads/2021/06/parallel_upgrade_0-300x149.png HTTP/1.1" 200 18980 "http://www.unstructureddatatips.com/2021/06/" "Mozilla/5.0 (Windows NT 10.0; Win64; x64) AppleWebKit/537.36 (KHTML, like Gecko) Chrome/89.0.4389.90 Safari/537.36" 
165.225.21.1 - - [11/Apr/2022:03:22:32 -0700] "GET /wp-content/uploads/2021/06/parallel_upgrade_1-300x168.png HTTP/1.1" 200 18538 "http://www.unstructureddatatips.com/2021/06/" "Mozilla/5.0 (Windows NT 10.0; Win64; x64) AppleWebKit/537.36 (KHTML, like Gecko) Chrome/89.0.4389.90 Safari/537.36" 
66.249.70.7 - - [11/Apr/2022:03:26:44 -0700] "GET /author/nicktrimbee/ HTTP/1.1" 200 45015 "-" "Mozilla/5.0 (compatible; Googlebot/2.1; +http://www.google.com/bot.html)" 
208.113.197.84 - - [11/Apr/2022:03:26:45 -0700] "POST /wp-cron.php?doing_wp_cron=1649672805.6596579551696777343750 HTTP/1.1" 200 258 "http://www.unstructureddatatips.com/wp-cron.php?doing_wp_cron=1649672805.6596579551696777343750" "WordPress/5.9.3; http://www.unstructureddatatips.com" 
8.29.198.26 - - [11/Apr/2022:03:27:15 -0700] "GET /feed/ HTTP/1.1" 200 38362 "-" "Feedly/1.0 (+http://www.feedly.com/fetcher.html; 8 subscribers; like FeedFetcher-Google)" 
49.207.197.46 - - [11/Apr/2022:03:28:21 -0700] "GET /593-2/ HTTP/1.1" 200 14027 "https://www.google.com/" "Mozilla/5.0 (Linux; Android 10; SM-J610F) AppleWebKit/537.36 (KHTML, like Gecko) Chrome/99.0.4844.73 Mobile Safari/537.36" 
208.113.197.84 - - [11/Apr/2022:03:28:22 -0700] "POST /wp-cron.php?doing_wp_cron=1649672902.2118709087371826171875 HTTP/1.1" 200 258 "http://www.unstructureddatatips.com/wp-cron.php?doing_wp_cron=1649672902.2118709087371826171875" "WordPress/5.9.3; http://www.unstructureddatatips.com" 
49.207.197.46 - - [11/Apr/2022:03:28:24 -0700] "GET /wp-content/plugins/jetpack/modules/theme-tools/compat/twentysixteen.css?ver=10.6 HTTP/1.1" 200 3633 "http://www.unstructureddatatips.com/593-2/" "Mozilla/5.0 (Linux; Android 10; SM-J610F) AppleWebKit/537.36 (KHTML, like Gecko) Chrome/99.0.4844.73 Mobile Safari/537.36" 
49.207.197.46 - - [11/Apr/2022:03:28:24 -0700] "GET /wp-includes/css/dist/block-library/style.min.css?ver=5.9.3 HTTP/1.1" 200 12100 "http://www.unstructureddatatips.com/593-2/" "Mozilla/5.0 (Linux; Android 10; SM-J610F) AppleWebKit/537.36 (KHTML, like Gecko) Chrome/99.0.4844.73 Mobile Safari/537.36" 
49.207.197.46 - - [11/Apr/2022:03:28:24 -0700] "GET /wp-includes/js/mediaelement/mediaelementplayer-legacy.min.css?ver=4.2.16 HTTP/1.1" 200 3019 "http://www.unstructureddatatips.com/593-2/" "Mozilla/5.0 (Linux; Android 10; SM-J610F) AppleWebKit/537.36 (KHTML, like Gecko) Chrome/99.0.4844.73 Mobile Safari/537.36" 
49.207.197.46 - - [11/Apr/2022:03:28:24 -0700] "GET /wp-content/plugins/jetpack/_inc/genericons/genericons/genericons.css?ver=3.1 HTTP/1.1" 200 16754 "http://www.unstructureddatatips.com/593-2/" "Mozilla/5.0 (Linux; Android 10; SM-J610F) AppleWebKit/537.36 (KHTML, like Gecko) Chrome/99.0.4844.73 Mobile Safari/537.36" 
49.207.197.46 - - [11/Apr/2022:03:28:24 -0700] "GET /wp-content/themes/twentysixteen/style.css?ver=5.9.3 HTTP/1.1" 200 14032 "http://www.unstructureddatatips.com/593-2/" "Mozilla/5.0 (Linux; Android 10; SM-J610F) AppleWebKit/537.36 (KHTML, like Gecko) Chrome/99.0.4844.73 Mobile Safari/537.36" 
49.207.197.46 - - [11/Apr/2022:03:28:24 -0700] "GET /wp-includes/js/mediaelement/wp-mediaelement.min.css?ver=5.9.3 HTTP/1.1" 200 1588 "http://www.unstructureddatatips.com/593-2/" "Mozilla/5.0 (Linux; Android 10; SM-J610F) AppleWebKit/537.36 (KHTML, like Gecko) Chrome/99.0.4844.73 Mobile Safari/537.36" 
49.207.197.46 - - [11/Apr/2022:03:28:24 -0700] "GET /wp-content/themes/twentysixteen/css/blocks.css?ver=20181230 HTTP/1.1" 200 2248 "http://www.unstructureddatatips.com/593-2/" "Mozilla/5.0 (Linux; Android 10; SM-J610F) AppleWebKit/537.36 (KHTML, like Gecko) Chrome/99.0.4844.73 Mobile Safari/537.36" 
49.207.197.46 - - [11/Apr/2022:03:28:24 -0700] "GET /wp-content/plugins/jetpack/css/jetpack.css?ver=10.6 HTTP/1.1" 200 17457 "http://www.unstructureddatatips.com/593-2/" "Mozilla/5.0 (Linux; Android 10; SM-J610F) AppleWebKit/537.36 (KHTML, like Gecko) Chrome/99.0.4844.73 Mobile Safari/537.36" 
49.207.197.46 - - [11/Apr/2022:03:28:24 -0700] "GET /wp-includes/js/jquery/jquery-migrate.min.js?ver=3.3.2 HTTP/1.1" 200 4622 "http://www.unstructureddatatips.com/593-2/" "Mozilla/5.0 (Linux; Android 10; SM-J610F) AppleWebKit/537.36 (KHTML, like Gecko) Chrome/99.0.4844.73 Mobile Safari/537.36" 
49.207.197.46 - - [11/Apr/2022:03:28:24 -0700] "GET /wp-includes/js/jquery/jquery.min.js?ver=3.6.0 HTTP/1.1" 200 31860 "http://www.unstructureddatatips.com/593-2/" "Mozilla/5.0 (Linux; Android 10; SM-J610F) AppleWebKit/537.36 (KHTML, like Gecko) Chrome/99.0.4844.73 Mobile Safari/537.36" 
49.207.197.46 - - [11/Apr/2022:03:28:25 -0700] "GET /wp-content/themes/twentysixteen/js/skip-link-focus-fix.js?ver=20160816 HTTP/1.1" 200 1004 "http://www.unstructureddatatips.com/593-2/" "Mozilla/5.0 (Linux; Android 10; SM-J610F) AppleWebKit/537.36 (KHTML, like Gecko) Chrome/99.0.4844.73 Mobile Safari/537.36" 
49.207.197.46 - - [11/Apr/2022:03:28:25 -0700] "GET /wp-includes/js/comment-reply.min.js?ver=5.9.3 HTTP/1.1" 200 1762 "http://www.unstructureddatatips.com/593-2/" "Mozilla/5.0 (Linux; Android 10; SM-J610F) AppleWebKit/537.36 (KHTML, like Gecko) Chrome/99.0.4844.73 Mobile Safari/537.36" 
49.207.197.46 - - [11/Apr/2022:03:28:25 -0700] "GET /wp-content/themes/twentysixteen/js/functions.js?ver=20181230 HTTP/1.1" 200 2513 "http://www.unstructureddatatips.com/593-2/" "Mozilla/5.0 (Linux; Android 10; SM-J610F) AppleWebKit/537.36 (KHTML, like Gecko) Chrome/99.0.4844.73 Mobile Safari/537.36" 
49.207.197.46 - - [11/Apr/2022:03:28:25 -0700] "GET /wp-includes/js/wp-emoji-release.min.js?ver=5.9.3 HTTP/1.1" 200 5416 "http://www.unstructureddatatips.com/593-2/" "Mozilla/5.0 (Linux; Android 10; SM-J610F) AppleWebKit/537.36 (KHTML, like Gecko) Chrome/99.0.4844.73 Mobile Safari/537.36" 
49.207.197.46 - - [11/Apr/2022:03:28:26 -0700] "GET /wp-content/uploads/2021/03/treedelete_1.png HTTP/1.1" 200 14016 "http://www.unstructureddatatips.com/593-2/" "Mozilla/5.0 (Linux; Android 10; SM-J610F) AppleWebKit/537.36 (KHTML, like Gecko) Chrome/99.0.4844.73 Mobile Safari/537.36" 
49.207.197.46 - - [11/Apr/2022:03:28:25 -0700] "GET /wp-content/uploads/2021/03/treedelete_2.png HTTP/1.1" 200 111814 "http://www.unstructureddatatips.com/593-2/" "Mozilla/5.0 (Linux; Android 10; SM-J610F) AppleWebKit/537.36 (KHTML, like Gecko) Chrome/99.0.4844.73 Mobile Safari/537.36" 
49.207.197.46 - - [11/Apr/2022:03:28:27 -0700] "GET /favicon.ico HTTP/1.1" 200 368 "http://www.unstructureddatatips.com/593-2/" "Mozilla/5.0 (Linux; Android 10; SM-J610F) AppleWebKit/537.36 (KHTML, like Gecko) Chrome/99.0.4844.73 Mobile Safari/537.36" 
89.187.164.129 - - [11/Apr/2022:03:30:54 -0700] "GET /onefs-nfs-netgroups/ HTTP/1.1" 200 10751 "http://www.unstructureddatatips.com" "Mozilla/5.0 (Windows NT 10.0; Win64; x64) AppleWebKit/537.36 (KHTML, like Gecko) Chrome/62.0.3202.94 Safari/537.36" 
208.113.197.84 - - [11/Apr/2022:03:30:55 -0700] "POST /wp-cron.php?doing_wp_cron=1649673055.0195419788360595703125 HTTP/1.1" 200 258 "http://www.unstructureddatatips.com/wp-cron.php?doing_wp_cron=1649673055.0195419788360595703125" "WordPress/5.9.3; http://www.unstructureddatatips.com" 
89.187.164.129 - - [11/Apr/2022:03:31:07 -0700] "POST /wp-comments-post.php HTTP/1.1" 302 945 "http://www.unstructureddatatips.com" "Mozilla/5.0 (Windows NT 10.0; Win64; x64) AppleWebKit/537.36 (KHTML, like Gecko) Chrome/62.0.3202.94 Safari/537.36" 
23.231.34.205 - - [11/Apr/2022:03:32:29 -0700] "GET /?p= HTTP/1.1" 301 384 "-" "Mozilla/5.0 (X11; Linux x86_64) AppleWebKit/537.36 (KHTML, like Gecko) Ubuntu Chromium/66.0.3359.181 Chrome/66.0.3359.181 Safari/537.36" 
208.113.197.84 - - [11/Apr/2022:03:32:30 -0700] "POST /wp-cron.php?doing_wp_cron=1649673150.3366260528564453125000 HTTP/1.1" 200 258 "http://www.unstructureddatatips.com/wp-cron.php?doing_wp_cron=1649673150.3366260528564453125000" "WordPress/5.9.3; http://www.unstructureddatatips.com" 
23.231.34.205 - - [11/Apr/2022:03:32:32 -0700] "GET / HTTP/1.1" 200 44830 "-" "Mozilla/5.0 (X11; Linux x86_64) AppleWebKit/537.36 (KHTML, like Gecko) Ubuntu Chromium/66.0.3359.181 Chrome/66.0.3359.181 Safari/537.36" 
192.0.84.108 - - [11/Apr/2022:03:33:25 -0700] "GET /feed/ HTTP/1.1" 200 38383 "-" "wp.com feedbot/1.0 (+https://wp.com;subscribers=1;feed-id=101267370)" 
208.113.197.84 - - [11/Apr/2022:03:33:26 -0700] "POST /wp-cron.php?doing_wp_cron=1649673206.0727128982543945312500 HTTP/1.1" 200 258 "http://www.unstructureddatatips.com/wp-cron.php?doing_wp_cron=1649673206.0727128982543945312500" "WordPress/5.9.3; http://www.unstructureddatatips.com" 
192.0.84.108 - - [11/Apr/2022:03:33:30 -0700] "GET /feed HTTP/1.1" 301 446 "-" "wp.com feedbot/1.0 (+https://wp.com;subscribers=1;feed-id=101267370)" 
192.0.84.108 - - [11/Apr/2022:03:33:30 -0700] "GET /feed/ HTTP/1.1" 200 38321 "-" "wp.com feedbot/1.0 (+https://wp.com;subscribers=1;feed-id=101267370)" 
66.249.70.5 - - [11/Apr/2022:03:36:56 -0700] "GET /category/isilon/ HTTP/1.1" 200 45033 "-" "Mozilla/5.0 (compatible; Googlebot/2.1; +http://www.google.com/bot.html)" 
208.113.197.84 - - [11/Apr/2022:03:36:57 -0700] "POST /wp-cron.php?doing_wp_cron=1649673417.0457980632781982421875 HTTP/1.1" 200 258 "http://www.unstructureddatatips.com/wp-cron.php?doing_wp_cron=1649673417.0457980632781982421875" "WordPress/5.9.3; http://www.unstructureddatatips.com" 
52.96.55.213 - - [11/Apr/2022:03:38:28 -0700] "GET /feed/ HTTP/1.1" 200 148915 "-" "Office 365 Connectors" 
208.113.197.84 - - [11/Apr/2022:03:38:29 -0700] "POST /wp-cron.php?doing_wp_cron=1649673509.2040979862213134765625 HTTP/1.1" 200 258 "http://www.unstructureddatatips.com/wp-cron.php?doing_wp_cron=1649673509.2040979862213134765625" "WordPress/5.9.3; http://www.unstructureddatatips.com" 
208.113.197.84 - - [11/Apr/2022:03:38:40 -0700] "POST /wp-cron.php?doing_wp_cron=1649673520.2081089019775390625000 HTTP/1.1" 200 258 "http://www.unstructureddatatips.com/wp-cron.php?doing_wp_cron=1649673520.2081089019775390625000" "WordPress/5.9.3; http://www.unstructureddatatips.com" 
103.134.111.241 - - [11/Apr/2022:03:38:39 -0700] "GET /593-2/ HTTP/1.1" 200 14027 "http://www.google.com/" "Mozilla/5.0 (Linux; Android 11; SM-A515F) AppleWebKit/537.36 (KHTML, like Gecko) Chrome/100.0.4896.79 Mobile Safari/537.36" 
8.29.198.27 - - [11/Apr/2022:03:38:54 -0700] "GET /feed/ HTTP/1.1" 200 38359 "-" "Feedly/1.0 (+http://www.feedly.com/fetcher.html; 8 subscribers; like FeedFetcher-Google)" 
64.71.157.126 - - [11/Apr/2022:03:39:55 -0700] "GET /feed/ HTTP/1.1" 200 38390 "-" "Feedbin feed-id:2121452 - 1 subscribers" 
208.113.197.84 - - [11/Apr/2022:03:39:56 -0700] "POST /wp-cron.php?doing_wp_cron=1649673596.2002720832824707031250 HTTP/1.1" 200 258 "http://www.unstructureddatatips.com/wp-cron.php?doing_wp_cron=1649673596.2002720832824707031250" "WordPress/5.9.3; http://www.unstructureddatatips.com" 
165.225.92.210 - - [11/Apr/2022:03:40:19 -0700] "GET /onefs-replication-bandwidth-management/ HTTP/1.1" 200 13085 "https://www.google.com/" "Mozilla/5.0 (Windows NT 10.0; Win64; x64) AppleWebKit/537.36 (KHTML, like Gecko) Chrome/100.0.4896.75 Safari/537.36" 
165.225.92.210 - - [11/Apr/2022:03:40:20 -0700] "GET /wp-includes/css/dist/block-library/style.min.css?ver=5.9.3 HTTP/1.1" 200 12100 "http://www.unstructureddatatips.com/onefs-replication-bandwidth-management/" "Mozilla/5.0 (Windows NT 10.0; Win64; x64) AppleWebKit/537.36 (KHTML, like Gecko) Chrome/100.0.4896.75 Safari/537.36" 
165.225.92.210 - - [11/Apr/2022:03:40:20 -0700] "GET /wp-includes/js/mediaelement/wp-mediaelement.min.css?ver=5.9.3 HTTP/1.1" 200 1565 "http://www.unstructureddatatips.com/onefs-replication-bandwidth-management/" "Mozilla/5.0 (Windows NT 10.0; Win64; x64) AppleWebKit/537.36 (KHTML, like Gecko) Chrome/100.0.4896.75 Safari/537.36" 
165.225.92.210 - - [11/Apr/2022:03:40:20 -0700] "GET /wp-content/plugins/jetpack/modules/theme-tools/compat/twentysixteen.css?ver=10.6 HTTP/1.1" 200 3633 "http://www.unstructureddatatips.com/onefs-replication-bandwidth-management/" "Mozilla/5.0 (Windows NT 10.0; Win64; x64) AppleWebKit/537.36 (KHTML, like Gecko) Chrome/100.0.4896.75 Safari/537.36" 
165.225.92.210 - - [11/Apr/2022:03:40:20 -0700] "GET /wp-includes/js/mediaelement/mediaelementplayer-legacy.min.css?ver=4.2.16 HTTP/1.1" 200 3019 "http://www.unstructureddatatips.com/onefs-replication-bandwidth-management/" "Mozilla/5.0 (Windows NT 10.0; Win64; x64) AppleWebKit/537.36 (KHTML, like Gecko) Chrome/100.0.4896.75 Safari/537.36" 
165.225.92.210 - - [11/Apr/2022:03:40:20 -0700] "GET /wp-content/themes/twentysixteen/style.css?ver=5.9.3 HTTP/1.1" 200 14009 "http://www.unstructureddatatips.com/onefs-replication-bandwidth-management/" "Mozilla/5.0 (Windows NT 10.0; Win64; x64) AppleWebKit/537.36 (KHTML, like Gecko) Chrome/100.0.4896.75 Safari/537.36" 
165.225.92.210 - - [11/Apr/2022:03:40:20 -0700] "GET /wp-content/plugins/jetpack/_inc/genericons/genericons/genericons.css?ver=3.1 HTTP/1.1" 200 16731 "http://www.unstructureddatatips.com/onefs-replication-bandwidth-management/" "Mozilla/5.0 (Windows NT 10.0; Win64; x64) AppleWebKit/537.36 (KHTML, like Gecko) Chrome/100.0.4896.75 Safari/537.36" 
165.225.92.210 - - [11/Apr/2022:03:40:20 -0700] "GET /wp-content/themes/twentysixteen/css/blocks.css?ver=20181230 HTTP/1.1" 200 2248 "http://www.unstructureddatatips.com/onefs-replication-bandwidth-management/" "Mozilla/5.0 (Windows NT 10.0; Win64; x64) AppleWebKit/537.36 (KHTML, like Gecko) Chrome/100.0.4896.75 Safari/537.36" 
165.225.92.210 - - [11/Apr/2022:03:40:20 -0700] "GET /wp-content/plugins/jetpack/css/jetpack.css?ver=10.6 HTTP/1.1" 200 17457 "http://www.unstructureddatatips.com/onefs-replication-bandwidth-management/" "Mozilla/5.0 (Windows NT 10.0; Win64; x64) AppleWebKit/537.36 (KHTML, like Gecko) Chrome/100.0.4896.75 Safari/537.36" 
165.225.92.210 - - [11/Apr/2022:03:40:20 -0700] "GET /wp-includes/js/jquery/jquery.min.js?ver=3.6.0 HTTP/1.1" 200 31860 "http://www.unstructureddatatips.com/onefs-replication-bandwidth-management/" "Mozilla/5.0 (Windows NT 10.0; Win64; x64) AppleWebKit/537.36 (KHTML, like Gecko) Chrome/100.0.4896.75 Safari/537.36" 
165.225.92.210 - - [11/Apr/2022:03:40:20 -0700] "GET /wp-includes/js/jquery/jquery-migrate.min.js?ver=3.3.2 HTTP/1.1" 200 4622 "http://www.unstructureddatatips.com/onefs-replication-bandwidth-management/" "Mozilla/5.0 (Windows NT 10.0; Win64; x64) AppleWebKit/537.36 (KHTML, like Gecko) Chrome/100.0.4896.75 Safari/537.36" 
165.225.92.210 - - [11/Apr/2022:03:40:21 -0700] "GET /wp-content/themes/twentysixteen/js/skip-link-focus-fix.js?ver=20160816 HTTP/1.1" 200 1004 "http://www.unstructureddatatips.com/onefs-replication-bandwidth-management/" "Mozilla/5.0 (Windows NT 10.0; Win64; x64) AppleWebKit/537.36 (KHTML, like Gecko) Chrome/100.0.4896.75 Safari/537.36" 
165.225.92.210 - - [11/Apr/2022:03:40:21 -0700] "GET /wp-includes/js/comment-reply.min.js?ver=5.9.3 HTTP/1.1" 200 1762 "http://www.unstructureddatatips.com/onefs-replication-bandwidth-management/" "Mozilla/5.0 (Windows NT 10.0; Win64; x64) AppleWebKit/537.36 (KHTML, like Gecko) Chrome/100.0.4896.75 Safari/537.36" 
165.225.92.210 - - [11/Apr/2022:03:40:21 -0700] "GET /wp-content/themes/twentysixteen/js/functions.js?ver=20181230 HTTP/1.1" 200 2513 "http://www.unstructureddatatips.com/onefs-replication-bandwidth-management/" "Mozilla/5.0 (Windows NT 10.0; Win64; x64) AppleWebKit/537.36 (KHTML, like Gecko) Chrome/100.0.4896.75 Safari/537.36" 
165.225.92.210 - - [11/Apr/2022:03:40:21 -0700] "GET /wp-content/uploads/2022/03/synciq_bandwidth_reservation_1.png HTTP/1.1" 200 118630 "http://www.unstructureddatatips.com/onefs-replication-bandwidth-management/" "Mozilla/5.0 (Windows NT 10.0; Win64; x64) AppleWebKit/537.36 (KHTML, like Gecko) Chrome/100.0.4896.75 Safari/537.36" 
165.225.92.210 - - [11/Apr/2022:03:40:21 -0700] "GET /wp-content/uploads/2022/03/synciq_bandwidth_reservation_2-300x171.png HTTP/1.1" 200 18771 "http://www.unstructureddatatips.com/onefs-replication-bandwidth-management/" "Mozilla/5.0 (Windows NT 10.0; Win64; x64) AppleWebKit/537.36 (KHTML, like Gecko) Chrome/100.0.4896.75 Safari/537.36" 
