208.78.212.5 - - [11/Apr/2022:05:20:49 -0700] "GET /favicon.ico HTTP/1.1" 304 251 "http://www.unstructureddatatips.com/onefs-small-file-storage-efficiency/" "Mozilla/5.0 (Macintosh; Intel Mac OS X 10_15_7) AppleWebKit/537.36 (KHTML, like Gecko) Chrome/100.0.4896.75 Safari/537.36 Edg/100.0.1185.36" 
116.179.32.30 - - [11/Apr/2022:05:22:28 -0700] "GET /onefs-celog-part-2/ HTTP/1.1" 200 13643 "-" "Mozilla/5.0 (compatible; Baiduspider/2.0; +http://www.baidu.com/search/spider.html)" 
208.113.197.84 - - [11/Apr/2022:05:22:28 -0700] "POST /wp-cron.php?doing_wp_cron=1649679748.8172140121459960937500 HTTP/1.1" 200 258 "http://www.unstructureddatatips.com/wp-cron.php?doing_wp_cron=1649679748.8172140121459960937500" "WordPress/5.9.3; http://www.unstructureddatatips.com" 
116.179.37.93 - - [11/Apr/2022:05:22:33 -0700] "GET /wp-content/uploads/2020/10/celog_events_8-300x195.png HTTP/1.1" 200 25362 "http://www.unstructureddatatips.com/onefs-celog-part-2/" "Mozilla/5.0 (compatible; Baiduspider-render/2.0; +http://www.baidu.com/search/spider.html)" 
116.179.37.180 - - [11/Apr/2022:05:22:33 -0700] "GET /wp-content/uploads/2020/10/celog_events_9-300x165.png HTTP/1.1" 200 17514 "http://www.unstructureddatatips.com/onefs-celog-part-2/" "Mozilla/5.0 (compatible; Baiduspider-render/2.0; +http://www.baidu.com/search/spider.html)" 
116.179.37.90 - - [11/Apr/2022:05:22:33 -0700] "GET /wp-includes/js/comment-reply.min.js?ver=5.9.3 HTTP/1.1" 200 1748 "http://www.unstructureddatatips.com/onefs-celog-part-2/" "Mozilla/5.0 (compatible; Baiduspider-render/2.0; +http://www.baidu.com/search/spider.html)" 
116.179.37.205 - - [11/Apr/2022:05:22:47 -0700] "GET /wp-content/uploads/2020/10/celog_events_7-300x185.png HTTP/1.1" 200 14004 "http://www.unstructureddatatips.com/onefs-celog-part-2/" "Mozilla/5.0 (compatible; Baiduspider-render/2.0; +http://www.baidu.com/search/spider.html)" 
66.249.70.23 - - [11/Apr/2022:05:23:32 -0700] "GET /author/nicktrimbee/ HTTP/1.1" 200 45015 "-" "Mozilla/5.0 (compatible; Googlebot/2.1; +http://www.google.com/bot.html)" 
208.113.197.84 - - [11/Apr/2022:05:23:33 -0700] "POST /wp-cron.php?doing_wp_cron=1649679812.9399991035461425781250 HTTP/1.1" 200 258 "http://www.unstructureddatatips.com/wp-cron.php?doing_wp_cron=1649679812.9399991035461425781250" "WordPress/5.9.3; http://www.unstructureddatatips.com" 
66.249.70.25 - - [11/Apr/2022:05:23:41 -0700] "GET /wp-includes/js/mediaelement/wp-mediaelement.min.css?ver=5.9.3 HTTP/1.1" 200 1588 "http://www.unstructureddatatips.com/author/nicktrimbee/" "Mozilla/5.0 AppleWebKit/537.36 (KHTML, like Gecko; compatible; Googlebot/2.1; +http://www.google.com/bot.html) Safari/537.36" 
49.7.21.95 - - [11/Apr/2022:05:25:54 -0700] "GET / HTTP/1.1" 200 44793 "-" "Sogou web spider/4.0(+http://www.sogou.com/docs/help/webmasters.htm#07)" 
208.113.197.84 - - [11/Apr/2022:05:25:55 -0700] "POST /wp-cron.php?doing_wp_cron=1649679955.3277420997619628906250 HTTP/1.1" 200 258 "http://www.unstructureddatatips.com/wp-cron.php?doing_wp_cron=1649679955.3277420997619628906250" "WordPress/5.9.3; http://www.unstructureddatatips.com" 
8.29.198.25 - - [11/Apr/2022:05:27:31 -0700] "GET /feed/ HTTP/1.1" 200 38362 "-" "Feedly/1.0 (+http://www.feedly.com/fetcher.html; 8 subscribers; like FeedFetcher-Google)" 
208.113.197.84 - - [11/Apr/2022:05:27:32 -0700] "POST /wp-cron.php?doing_wp_cron=1649680052.7115440368652343750000 HTTP/1.1" 200 258 "http://www.unstructureddatatips.com/wp-cron.php?doing_wp_cron=1649680052.7115440368652343750000" "WordPress/5.9.3; http://www.unstructureddatatips.com" 
193.27.93.17 - - [11/Apr/2022:05:30:11 -0700] "GET /onefs-job-contention/ HTTP/1.1" 200 12128 "https://www.google.com/" "Mozilla/5.0 (Windows NT 10.0; Win64; x64) AppleWebKit/537.36 (KHTML, like Gecko) Chrome/100.0.4896.75 Safari/537.36" 
193.27.93.17 - - [11/Apr/2022:05:30:13 -0700] "GET /wp-content/plugins/jetpack/modules/theme-tools/compat/twentysixteen.css?ver=10.6 HTTP/1.1" 200 3610 "http://www.unstructureddatatips.com/onefs-job-contention/" "Mozilla/5.0 (Windows NT 10.0; Win64; x64) AppleWebKit/537.36 (KHTML, like Gecko) Chrome/100.0.4896.75 Safari/537.36" 
193.27.93.17 - - [11/Apr/2022:05:30:13 -0700] "GET /wp-includes/css/dist/block-library/style.min.css?ver=5.9.3 HTTP/1.1" 200 12123 "http://www.unstructureddatatips.com/onefs-job-contention/" "Mozilla/5.0 (Windows NT 10.0; Win64; x64) AppleWebKit/537.36 (KHTML, like Gecko) Chrome/100.0.4896.75 Safari/537.36" 
193.27.93.17 - - [11/Apr/2022:05:30:13 -0700] "GET /wp-includes/js/mediaelement/mediaelementplayer-legacy.min.css?ver=4.2.16 HTTP/1.1" 200 3019 "http://www.unstructureddatatips.com/onefs-job-contention/" "Mozilla/5.0 (Windows NT 10.0; Win64; x64) AppleWebKit/537.36 (KHTML, like Gecko) Chrome/100.0.4896.75 Safari/537.36" 
193.27.93.17 - - [11/Apr/2022:05:30:13 -0700] "GET /wp-includes/js/mediaelement/wp-mediaelement.min.css?ver=5.9.3 HTTP/1.1" 200 1588 "http://www.unstructureddatatips.com/onefs-job-contention/" "Mozilla/5.0 (Windows NT 10.0; Win64; x64) AppleWebKit/537.36 (KHTML, like Gecko) Chrome/100.0.4896.75 Safari/537.36" 
193.27.93.17 - - [11/Apr/2022:05:30:13 -0700] "GET /wp-content/plugins/jetpack/_inc/genericons/genericons/genericons.css?ver=3.1 HTTP/1.1" 200 16731 "http://www.unstructureddatatips.com/onefs-job-contention/" "Mozilla/5.0 (Windows NT 10.0; Win64; x64) AppleWebKit/537.36 (KHTML, like Gecko) Chrome/100.0.4896.75 Safari/537.36" 
193.27.93.17 - - [11/Apr/2022:05:30:13 -0700] "GET /wp-content/themes/twentysixteen/css/blocks.css?ver=20181230 HTTP/1.1" 200 2271 "http://www.unstructureddatatips.com/onefs-job-contention/" "Mozilla/5.0 (Windows NT 10.0; Win64; x64) AppleWebKit/537.36 (KHTML, like Gecko) Chrome/100.0.4896.75 Safari/537.36" 
193.27.93.17 - - [11/Apr/2022:05:30:13 -0700] "GET /wp-content/themes/twentysixteen/style.css?ver=5.9.3 HTTP/1.1" 200 14032 "http://www.unstructureddatatips.com/onefs-job-contention/" "Mozilla/5.0 (Windows NT 10.0; Win64; x64) AppleWebKit/537.36 (KHTML, like Gecko) Chrome/100.0.4896.75 Safari/537.36" 
193.27.93.17 - - [11/Apr/2022:05:30:13 -0700] "GET /wp-content/plugins/jetpack/css/jetpack.css?ver=10.6 HTTP/1.1" 200 17457 "http://www.unstructureddatatips.com/onefs-job-contention/" "Mozilla/5.0 (Windows NT 10.0; Win64; x64) AppleWebKit/537.36 (KHTML, like Gecko) Chrome/100.0.4896.75 Safari/537.36" 
193.27.93.17 - - [11/Apr/2022:05:30:13 -0700] "GET /wp-includes/js/jquery/jquery.min.js?ver=3.6.0 HTTP/1.1" 200 31860 "http://www.unstructureddatatips.com/onefs-job-contention/" "Mozilla/5.0 (Windows NT 10.0; Win64; x64) AppleWebKit/537.36 (KHTML, like Gecko) Chrome/100.0.4896.75 Safari/537.36" 
193.27.93.17 - - [11/Apr/2022:05:30:14 -0700] "GET /wp-includes/js/jquery/jquery-migrate.min.js?ver=3.3.2 HTTP/1.1" 200 4622 "http://www.unstructureddatatips.com/onefs-job-contention/" "Mozilla/5.0 (Windows NT 10.0; Win64; x64) AppleWebKit/537.36 (KHTML, like Gecko) Chrome/100.0.4896.75 Safari/537.36" 
193.27.93.17 - - [11/Apr/2022:05:30:14 -0700] "GET /wp-content/themes/twentysixteen/js/skip-link-focus-fix.js?ver=20160816 HTTP/1.1" 200 1004 "http://www.unstructureddatatips.com/onefs-job-contention/" "Mozilla/5.0 (Windows NT 10.0; Win64; x64) AppleWebKit/537.36 (KHTML, like Gecko) Chrome/100.0.4896.75 Safari/537.36" 
193.27.93.17 - - [11/Apr/2022:05:30:14 -0700] "GET /wp-includes/js/comment-reply.min.js?ver=5.9.3 HTTP/1.1" 200 1762 "http://www.unstructureddatatips.com/onefs-job-contention/" "Mozilla/5.0 (Windows NT 10.0; Win64; x64) AppleWebKit/537.36 (KHTML, like Gecko) Chrome/100.0.4896.75 Safari/537.36" 
193.27.93.17 - - [11/Apr/2022:05:30:14 -0700] "GET /wp-content/themes/twentysixteen/js/functions.js?ver=20181230 HTTP/1.1" 200 2513 "http://www.unstructureddatatips.com/onefs-job-contention/" "Mozilla/5.0 (Windows NT 10.0; Win64; x64) AppleWebKit/537.36 (KHTML, like Gecko) Chrome/100.0.4896.75 Safari/537.36" 
193.27.93.17 - - [11/Apr/2022:05:30:14 -0700] "GET /wp-includes/js/wp-emoji-release.min.js?ver=5.9.3 HTTP/1.1" 200 5416 "http://www.unstructureddatatips.com/onefs-job-contention/" "Mozilla/5.0 (Windows NT 10.0; Win64; x64) AppleWebKit/537.36 (KHTML, like Gecko) Chrome/100.0.4896.75 Safari/537.36" 
193.27.93.17 - - [11/Apr/2022:05:30:14 -0700] "GET /wp-content/uploads/2020/11/job_contention_0-1-300x214.png HTTP/1.1" 200 42866 "http://www.unstructureddatatips.com/onefs-job-contention/" "Mozilla/5.0 (Windows NT 10.0; Win64; x64) AppleWebKit/537.36 (KHTML, like Gecko) Chrome/100.0.4896.75 Safari/537.36" 
208.113.197.84 - - [11/Apr/2022:05:30:12 -0700] "POST /wp-cron.php?doing_wp_cron=1649680212.5059840679168701171875 HTTP/1.1" 200 258 "http://www.unstructureddatatips.com/wp-cron.php?doing_wp_cron=1649680212.5059840679168701171875" "WordPress/5.9.3; http://www.unstructureddatatips.com" 
193.27.93.17 - - [11/Apr/2022:05:30:14 -0700] "GET /favicon.ico HTTP/1.1" 200 368 "http://www.unstructureddatatips.com/onefs-job-contention/" "Mozilla/5.0 (Windows NT 10.0; Win64; x64) AppleWebKit/537.36 (KHTML, like Gecko) Chrome/100.0.4896.75 Safari/537.36" 
193.27.93.17 - - [11/Apr/2022:05:30:27 -0700] "GET /wp-content/uploads/2020/11/job_contention_1-300x250.png HTTP/1.1" 200 30326 "http://www.unstructureddatatips.com/onefs-job-contention/" "Mozilla/5.0 (Windows NT 10.0; Win64; x64) AppleWebKit/537.36 (KHTML, like Gecko) Chrome/100.0.4896.75 Safari/537.36" 
123.183.224.31 - - [11/Apr/2022:05:30:27 -0700] "GET / HTTP/1.1" 200 44792 "-" "Sogou web spider/4.0(+http://www.sogou.com/docs/help/webmasters.htm#07)" 
64.71.157.123 - - [11/Apr/2022:05:32:28 -0700] "GET /feed/ HTTP/1.1" 200 38362 "-" "Feedbin feed-id:2121452 - 1 subscribers" 
208.113.197.84 - - [11/Apr/2022:05:32:28 -0700] "POST /wp-cron.php?doing_wp_cron=1649680348.8506500720977783203125 HTTP/1.1" 200 258 "http://www.unstructureddatatips.com/wp-cron.php?doing_wp_cron=1649680348.8506500720977783203125" "WordPress/5.9.3; http://www.unstructureddatatips.com" 
66.249.70.9 - - [11/Apr/2022:05:35:09 -0700] "GET /category/isilon/ HTTP/1.1" 200 45036 "-" "Mozilla/5.0 (compatible; Googlebot/2.1; +http://www.google.com/bot.html)" 
208.113.197.84 - - [11/Apr/2022:05:35:10 -0700] "POST /wp-cron.php?doing_wp_cron=1649680510.6180000305175781250000 HTTP/1.1" 200 258 "http://www.unstructureddatatips.com/wp-cron.php?doing_wp_cron=1649680510.6180000305175781250000" "WordPress/5.9.3; http://www.unstructureddatatips.com" 
208.113.197.84 - - [11/Apr/2022:05:35:35 -0700] "POST /wp-cron.php?doing_wp_cron=1649680535.3117558956146240234375 HTTP/1.1" 200 258 "http://www.unstructureddatatips.com/wp-cron.php?doing_wp_cron=1649680535.3117558956146240234375" "WordPress/5.9.3; http://www.unstructureddatatips.com" 
8.29.198.27 - - [11/Apr/2022:05:35:34 -0700] "GET /feed/ HTTP/1.1" 200 38359 "-" "Feedly/1.0 (+http://www.feedly.com/fetcher.html; 8 subscribers; like FeedFetcher-Google)" 
35.200.233.226 - - [11/Apr/2022:05:39:49 -0700] "GET /setting-up-share-host-acls-isilon-onefs HTTP/1.1" 301 484 "-" "Mozilla/5.0 (Windows NT 10.0; Win64; x64) AppleWebKit/537.36 (KHTML, like Gecko) Chrome/100.0.4896.75 Safari/537.36 Edg/100.0.1185.36" 
208.113.197.84 - - [11/Apr/2022:05:39:50 -0700] "POST /wp-cron.php?doing_wp_cron=1649680790.7343559265136718750000 HTTP/1.1" 200 258 "http://www.unstructureddatatips.com/wp-cron.php?doing_wp_cron=1649680790.7343559265136718750000" "WordPress/5.9.3; http://www.unstructureddatatips.com" 
35.200.233.226 - - [11/Apr/2022:05:39:52 -0700] "GET /setting-up-share-host-acls-isilon-onefs/ HTTP/1.1" 200 49037 "-" "Mozilla/5.0 (Windows NT 10.0; Win64; x64) AppleWebKit/537.36 (KHTML, like Gecko) Chrome/100.0.4896.75 Safari/537.36 Edg/100.0.1185.36" 
69.127.197.14 - - [11/Apr/2022:05:39:53 -0700] "GET /favicon.ico HTTP/1.1" 304 261 "http://www.unstructureddatatips.com/onefs-non-disruptive-upgrades/" "Mozilla/5.0 (Windows NT 10.0; WOW64) AppleWebKit/537.36 (KHTML, like Gecko) Chrome/100.0.4896.75 Safari/537.36" 
168.159.160.201 - - [11/Apr/2022:05:39:53 -0700] "GET /setting-up-share-host-acls-isilon-onefs/ HTTP/1.1" 200 12085 "https://www.google.co.in/" "Mozilla/5.0 (Windows NT 10.0; Win64; x64) AppleWebKit/537.36 (KHTML, like Gecko) Chrome/100.0.4896.75 Safari/537.36 Edg/100.0.1185.36" 
35.200.233.226 - - [11/Apr/2022:05:39:55 -0700] "GET /setting-up-share-host-acls-isilon-onefs HTTP/1.1" 301 484 "-" "Mozilla/5.0 (Windows NT 10.0; Win64; x64) AppleWebKit/537.36 (KHTML, like Gecko) Chrome/100.0.4896.75 Safari/537.36 Edg/100.0.1185.36" 
204.90.98.254 - - [11/Apr/2022:05:39:57 -0700] "GET /onefs-performance-dataset-monitoring/ HTTP/1.1" 200 14611 "https://www.google.com/" "Mozilla/5.0 (Windows NT 10.0; Win64; x64) AppleWebKit/537.36 (KHTML, like Gecko) Chrome/100.0.4896.75 Safari/537.36" 
35.200.233.226 - - [11/Apr/2022:05:39:58 -0700] "GET /setting-up-share-host-acls-isilon-onefs/ HTTP/1.1" 200 49038 "-" "Mozilla/5.0 (Windows NT 10.0; Win64; x64) AppleWebKit/537.36 (KHTML, like Gecko) Chrome/100.0.4896.75 Safari/537.36 Edg/100.0.1185.36" 
204.90.98.254 - - [11/Apr/2022:05:39:58 -0700] "GET /wp-content/uploads/2020/08/nfs_partitioned_perf_1.png HTTP/1.1" 200 54010 "http://www.unstructureddatatips.com/onefs-performance-dataset-monitoring/" "Mozilla/5.0 (Windows NT 10.0; Win64; x64) AppleWebKit/537.36 (KHTML, like Gecko) Chrome/100.0.4896.75 Safari/537.36" 
204.90.98.254 - - [11/Apr/2022:05:39:59 -0700] "GET /favicon.ico HTTP/1.1" 304 251 "http://www.unstructureddatatips.com/onefs-performance-dataset-monitoring/" "Mozilla/5.0 (Windows NT 10.0; Win64; x64) AppleWebKit/537.36 (KHTML, like Gecko) Chrome/100.0.4896.75 Safari/537.36" 
168.159.160.201 - - [11/Apr/2022:05:39:59 -0700] "GET /setting-up-share-host-acls-isilon-onefs/ HTTP/1.1" 200 12084 "https://www.google.co.in/" "Mozilla/5.0 (Windows NT 10.0; Win64; x64) AppleWebKit/537.36 (KHTML, like Gecko) Chrome/100.0.4896.75 Safari/537.36 Edg/100.0.1185.36" 
35.200.233.226 - - [11/Apr/2022:05:40:00 -0700] "GET /wp-content/plugins/jetpack/modules/theme-tools/compat/twentysixteen.css?ver=10.6 HTTP/1.1" 200 17333 "-" "Mozilla/5.0 (Windows NT 10.0; Win64; x64) AppleWebKit/537.36 (KHTML, like Gecko) Chrome/100.0.4896.75 Safari/537.36 Edg/100.0.1185.36" 
35.200.233.226 - - [11/Apr/2022:05:40:01 -0700] "GET /wp-includes/js/mediaelement/mediaelementplayer-legacy.min.css?ver=4.2.16 HTTP/1.1" 200 11655 "-" "Mozilla/5.0 (Windows NT 10.0; Win64; x64) AppleWebKit/537.36 (KHTML, like Gecko) Chrome/100.0.4896.75 Safari/537.36 Edg/100.0.1185.36" 
168.159.160.201 - - [11/Apr/2022:05:40:01 -0700] "GET /wp-content/plugins/jetpack/modules/theme-tools/compat/twentysixteen.css?ver=10.6 HTTP/1.1" 200 3610 "http://www.unstructureddatatips.com/setting-up-share-host-acls-isilon-onefs/" "Mozilla/5.0 (Windows NT 10.0; Win64; x64) AppleWebKit/537.36 (KHTML, like Gecko) Chrome/100.0.4896.75 Safari/537.36 Edg/100.0.1185.36" 
35.200.233.226 - - [11/Apr/2022:05:40:01 -0700] "GET /wp-includes/css/dist/block-library/style.min.css?ver=5.9.3 HTTP/1.1" 200 83819 "-" "Mozilla/5.0 (Windows NT 10.0; Win64; x64) AppleWebKit/537.36 (KHTML, like Gecko) Chrome/100.0.4896.75 Safari/537.36 Edg/100.0.1185.36" 
168.159.160.201 - - [11/Apr/2022:05:40:01 -0700] "GET /wp-includes/css/dist/block-library/style.min.css?ver=5.9.3 HTTP/1.1" 200 12100 "http://www.unstructureddatatips.com/setting-up-share-host-acls-isilon-onefs/" "Mozilla/5.0 (Windows NT 10.0; Win64; x64) AppleWebKit/537.36 (KHTML, like Gecko) Chrome/100.0.4896.75 Safari/537.36 Edg/100.0.1185.36" 
35.200.233.226 - - [11/Apr/2022:05:40:01 -0700] "GET /wp-includes/js/mediaelement/wp-mediaelement.min.css?ver=5.9.3 HTTP/1.1" 200 4584 "-" "Mozilla/5.0 (Windows NT 10.0; Win64; x64) AppleWebKit/537.36 (KHTML, like Gecko) Chrome/100.0.4896.75 Safari/537.36 Edg/100.0.1185.36" 
168.159.160.201 - - [11/Apr/2022:05:40:01 -0700] "GET /wp-includes/js/mediaelement/mediaelementplayer-legacy.min.css?ver=4.2.16 HTTP/1.1" 200 3019 "http://www.unstructureddatatips.com/setting-up-share-host-acls-isilon-onefs/" "Mozilla/5.0 (Windows NT 10.0; Win64; x64) AppleWebKit/537.36 (KHTML, like Gecko) Chrome/100.0.4896.75 Safari/537.36 Edg/100.0.1185.36" 
168.159.160.201 - - [11/Apr/2022:05:40:02 -0700] "GET /wp-includes/js/mediaelement/wp-mediaelement.min.css?ver=5.9.3 HTTP/1.1" 200 1565 "http://www.unstructureddatatips.com/setting-up-share-host-acls-isilon-onefs/" "Mozilla/5.0 (Windows NT 10.0; Win64; x64) AppleWebKit/537.36 (KHTML, like Gecko) Chrome/100.0.4896.75 Safari/537.36 Edg/100.0.1185.36" 
35.200.233.226 - - [11/Apr/2022:05:40:02 -0700] "GET /wp-content/plugins/jetpack/_inc/genericons/genericons/genericons.css?ver=3.1 HTTP/1.1" 200 28665 "-" "Mozilla/5.0 (Windows NT 10.0; Win64; x64) AppleWebKit/537.36 (KHTML, like Gecko) Chrome/100.0.4896.75 Safari/537.36 Edg/100.0.1185.36" 
35.200.233.226 - - [11/Apr/2022:05:40:02 -0700] "GET /wp-content/themes/twentysixteen/style.css?ver=5.9.3 HTTP/1.1" 200 70711 "-" "Mozilla/5.0 (Windows NT 10.0; Win64; x64) AppleWebKit/537.36 (KHTML, like Gecko) Chrome/100.0.4896.75 Safari/537.36 Edg/100.0.1185.36" 
168.159.160.201 - - [11/Apr/2022:05:40:03 -0700] "GET /wp-content/plugins/jetpack/_inc/genericons/genericons/genericons.css?ver=3.1 HTTP/1.1" 200 16731 "http://www.unstructureddatatips.com/setting-up-share-host-acls-isilon-onefs/" "Mozilla/5.0 (Windows NT 10.0; Win64; x64) AppleWebKit/537.36 (KHTML, like Gecko) Chrome/100.0.4896.75 Safari/537.36 Edg/100.0.1185.36" 
168.159.160.201 - - [11/Apr/2022:05:40:03 -0700] "GET /wp-content/themes/twentysixteen/style.css?ver=5.9.3 HTTP/1.1" 200 14009 "http://www.unstructureddatatips.com/setting-up-share-host-acls-isilon-onefs/" "Mozilla/5.0 (Windows NT 10.0; Win64; x64) AppleWebKit/537.36 (KHTML, like Gecko) Chrome/100.0.4896.75 Safari/537.36 Edg/100.0.1185.36" 
35.200.233.226 - - [11/Apr/2022:05:40:03 -0700] "GET /wp-content/themes/twentysixteen/css/blocks.css?ver=20181230 HTTP/1.1" 200 8905 "-" "Mozilla/5.0 (Windows NT 10.0; Win64; x64) AppleWebKit/537.36 (KHTML, like Gecko) Chrome/100.0.4896.75 Safari/537.36 Edg/100.0.1185.36" 
168.159.160.201 - - [11/Apr/2022:05:40:04 -0700] "GET /wp-content/themes/twentysixteen/css/blocks.css?ver=20181230 HTTP/1.1" 200 2248 "http://www.unstructureddatatips.com/setting-up-share-host-acls-isilon-onefs/" "Mozilla/5.0 (Windows NT 10.0; Win64; x64) AppleWebKit/537.36 (KHTML, like Gecko) Chrome/100.0.4896.75 Safari/537.36 Edg/100.0.1185.36" 
35.200.233.226 - - [11/Apr/2022:05:40:04 -0700] "GET /wp-content/plugins/jetpack/css/jetpack.css?ver=10.6 HTTP/1.1" 200 88340 "-" "Mozilla/5.0 (Windows NT 10.0; Win64; x64) AppleWebKit/537.36 (KHTML, like Gecko) Chrome/100.0.4896.75 Safari/537.36 Edg/100.0.1185.36" 
35.200.233.226 - - [11/Apr/2022:05:40:04 -0700] "GET / HTTP/1.1" 200 183804 "-" "Mozilla/5.0 (Windows NT 10.0; Win64; x64) AppleWebKit/537.36 (KHTML, like Gecko) Chrome/100.0.4896.75 Safari/537.36 Edg/100.0.1185.36" 
168.159.160.201 - - [11/Apr/2022:05:40:05 -0700] "GET /wp-content/plugins/jetpack/css/jetpack.css?ver=10.6 HTTP/1.1" 200 17457 "http://www.unstructureddatatips.com/setting-up-share-host-acls-isilon-onefs/" "Mozilla/5.0 (Windows NT 10.0; Win64; x64) AppleWebKit/537.36 (KHTML, like Gecko) Chrome/100.0.4896.75 Safari/537.36 Edg/100.0.1185.36" 
168.159.160.201 - - [11/Apr/2022:05:40:06 -0700] "GET /wp-includes/js/jquery/jquery.min.js?ver=3.6.0 HTTP/1.1" 200 31846 "http://www.unstructureddatatips.com/setting-up-share-host-acls-isilon-onefs/" "Mozilla/5.0 (Windows NT 10.0; Win64; x64) AppleWebKit/537.36 (KHTML, like Gecko) Chrome/100.0.4896.75 Safari/537.36 Edg/100.0.1185.36" 
35.200.233.226 - - [11/Apr/2022:05:40:04 -0700] "GET / HTTP/1.1" 200 183804 "-" "Mozilla/5.0 (Windows NT 10.0; Win64; x64) AppleWebKit/537.36 (KHTML, like Gecko) Chrome/100.0.4896.75 Safari/537.36 Edg/100.0.1185.36" 
168.159.160.201 - - [11/Apr/2022:05:40:06 -0700] "GET /wp-includes/js/jquery/jquery-migrate.min.js?ver=3.3.2 HTTP/1.1" 200 4622 "http://www.unstructureddatatips.com/setting-up-share-host-acls-isilon-onefs/" "Mozilla/5.0 (Windows NT 10.0; Win64; x64) AppleWebKit/537.36 (KHTML, like Gecko) Chrome/100.0.4896.75 Safari/537.36 Edg/100.0.1185.36" 
168.159.160.201 - - [11/Apr/2022:05:40:07 -0700] "GET /wp-includes/js/comment-reply.min.js?ver=5.9.3 HTTP/1.1" 200 1762 "http://www.unstructureddatatips.com/setting-up-share-host-acls-isilon-onefs/" "Mozilla/5.0 (Windows NT 10.0; Win64; x64) AppleWebKit/537.36 (KHTML, like Gecko) Chrome/100.0.4896.75 Safari/537.36 Edg/100.0.1185.36" 
168.159.160.201 - - [11/Apr/2022:05:40:07 -0700] "GET /wp-content/themes/twentysixteen/js/skip-link-focus-fix.js?ver=20160816 HTTP/1.1" 200 1027 "http://www.unstructureddatatips.com/setting-up-share-host-acls-isilon-onefs/" "Mozilla/5.0 (Windows NT 10.0; Win64; x64) AppleWebKit/537.36 (KHTML, like Gecko) Chrome/100.0.4896.75 Safari/537.36 Edg/100.0.1185.36" 
168.159.160.201 - - [11/Apr/2022:05:40:07 -0700] "GET /wp-content/themes/twentysixteen/js/functions.js?ver=20181230 HTTP/1.1" 200 2536 "http://www.unstructureddatatips.com/setting-up-share-host-acls-isilon-onefs/" "Mozilla/5.0 (Windows NT 10.0; Win64; x64) AppleWebKit/537.36 (KHTML, like Gecko) Chrome/100.0.4896.75 Safari/537.36 Edg/100.0.1185.36" 
168.159.160.201 - - [11/Apr/2022:05:40:07 -0700] "GET /wp-content/plugins/jetpack/modules/theme-tools/responsive-videos/responsive-videos.min.js?ver=1.3 HTTP/1.1" 200 822 "http://www.unstructureddatatips.com/setting-up-share-host-acls-isilon-onefs/" "Mozilla/5.0 (Windows NT 10.0; Win64; x64) AppleWebKit/537.36 (KHTML, like Gecko) Chrome/100.0.4896.75 Safari/537.36 Edg/100.0.1185.36" 
168.159.160.201 - - [11/Apr/2022:05:40:07 -0700] "GET /wp-includes/js/wp-emoji-release.min.js?ver=5.9.3 HTTP/1.1" 200 5416 "http://www.unstructureddatatips.com/setting-up-share-host-acls-isilon-onefs/" "Mozilla/5.0 (Windows NT 10.0; Win64; x64) AppleWebKit/537.36 (KHTML, like Gecko) Chrome/100.0.4896.75 Safari/537.36 Edg/100.0.1185.36" 
35.200.233.226 - - [11/Apr/2022:05:40:14 -0700] "GET /favicon.ico HTTP/1.1" 200 391 "-" "Mozilla/5.0 (Windows NT 10.0; Win64; x64) AppleWebKit/537.36 (KHTML, like Gecko) Chrome/100.0.4896.75 Safari/537.36 Edg/100.0.1185.36" 
168.159.160.201 - - [11/Apr/2022:05:40:15 -0700] "GET /favicon.ico HTTP/1.1" 200 391 "http://www.unstructureddatatips.com/setting-up-share-host-acls-isilon-onefs/" "Mozilla/5.0 (Windows NT 10.0; Win64; x64) AppleWebKit/537.36 (KHTML, like Gecko) Chrome/100.0.4896.75 Safari/537.36 Edg/100.0.1185.36" 
8.29.198.27 - - [11/Apr/2022:05:43:08 -0700] "GET /feed/ HTTP/1.1" 200 38359 "-" "Feedly/1.0 (+http://www.feedly.com/fetcher.html; 8 subscribers; like FeedFetcher-Google)" 
208.113.197.84 - - [11/Apr/2022:05:43:09 -0700] "POST /wp-cron.php?doing_wp_cron=1649680989.2137219905853271484375 HTTP/1.1" 200 258 "http://www.unstructureddatatips.com/wp-cron.php?doing_wp_cron=1649680989.2137219905853271484375" "WordPress/5.9.3; http://www.unstructureddatatips.com" 
20.191.45.212 - - [11/Apr/2022:05:43:21 -0700] "GET / HTTP/1.1" 200 44829 "http://www.unstructureddatatips.com/" "Mozilla/5.0 (compatible; DuckDuckGo-Favicons-Bot/1.0; +http://duckduckgo.com)" 
20.191.45.212 - - [11/Apr/2022:05:43:22 -0700] "GET /favicon.ico HTTP/1.1" 200 368 "http://www.unstructureddatatips.com/favicon.ico" "Mozilla/5.0 (compatible; DuckDuckGo-Favicons-Bot/1.0; +http://duckduckgo.com)" 
105.235.71.164 - - [11/Apr/2022:05:43:26 -0700] "GET /dell-emc-ecs-object-lock/ HTTP/1.1" 200 11610 "https://www.google.com/" "Mozilla/5.0 (iPhone; CPU iPhone OS 15_3 like Mac OS X) AppleWebKit/605.1.15 (KHTML, like Gecko) CriOS/98.0.4758.97 Mobile/15E148 Safari/604.1" 
105.235.71.164 - - [11/Apr/2022:05:43:27 -0700] "GET /wp-content/plugins/jetpack/modules/theme-tools/compat/twentysixteen.css?ver=10.6 HTTP/1.1" 200 3610 "http://www.unstructureddatatips.com/dell-emc-ecs-object-lock/" "Mozilla/5.0 (iPhone; CPU iPhone OS 15_3 like Mac OS X) AppleWebKit/605.1.15 (KHTML, like Gecko) CriOS/98.0.4758.97 Mobile/15E148 Safari/604.1" 
105.235.71.164 - - [11/Apr/2022:05:43:27 -0700] "GET /wp-includes/js/wp-emoji-release.min.js?ver=5.9.3 HTTP/1.1" 200 5439 "http://www.unstructureddatatips.com/dell-emc-ecs-object-lock/" "Mozilla/5.0 (iPhone; CPU iPhone OS 15_3 like Mac OS X) AppleWebKit/605.1.15 (KHTML, like Gecko) CriOS/98.0.4758.97 Mobile/15E148 Safari/604.1" 
105.235.71.164 - - [11/Apr/2022:05:43:28 -0700] "GET /wp-content/themes/twentysixteen/css/blocks.css?ver=20181230 HTTP/1.1" 200 2248 "http://www.unstructureddatatips.com/dell-emc-ecs-object-lock/" "Mozilla/5.0 (iPhone; CPU iPhone OS 15_3 like Mac OS X) AppleWebKit/605.1.15 (KHTML, like Gecko) CriOS/98.0.4758.97 Mobile/15E148 Safari/604.1" 
105.235.71.164 - - [11/Apr/2022:05:43:28 -0700] "GET /wp-content/themes/twentysixteen/style.css?ver=5.9.3 HTTP/1.1" 200 14009 "http://www.unstructureddatatips.com/dell-emc-ecs-object-lock/" "Mozilla/5.0 (iPhone; CPU iPhone OS 15_3 like Mac OS X) AppleWebKit/605.1.15 (KHTML, like Gecko) CriOS/98.0.4758.97 Mobile/15E148 Safari/604.1" 
105.235.71.164 - - [11/Apr/2022:05:43:28 -0700] "GET /wp-includes/js/mediaelement/wp-mediaelement.min.css?ver=5.9.3 HTTP/1.1" 200 1588 "http://www.unstructureddatatips.com/dell-emc-ecs-object-lock/" "Mozilla/5.0 (iPhone; CPU iPhone OS 15_3 like Mac OS X) AppleWebKit/605.1.15 (KHTML, like Gecko) CriOS/98.0.4758.97 Mobile/15E148 Safari/604.1" 
105.235.71.164 - - [11/Apr/2022:05:43:28 -0700] "GET /wp-includes/js/mediaelement/mediaelementplayer-legacy.min.css?ver=4.2.16 HTTP/1.1" 200 3019 "http://www.unstructureddatatips.com/dell-emc-ecs-object-lock/" "Mozilla/5.0 (iPhone; CPU iPhone OS 15_3 like Mac OS X) AppleWebKit/605.1.15 (KHTML, like Gecko) CriOS/98.0.4758.97 Mobile/15E148 Safari/604.1" 
105.235.71.164 - - [11/Apr/2022:05:43:28 -0700] "GET /wp-includes/css/dist/block-library/style.min.css?ver=5.9.3 HTTP/1.1" 200 12123 "http://www.unstructureddatatips.com/dell-emc-ecs-object-lock/" "Mozilla/5.0 (iPhone; CPU iPhone OS 15_3 like Mac OS X) AppleWebKit/605.1.15 (KHTML, like Gecko) CriOS/98.0.4758.97 Mobile/15E148 Safari/604.1" 
105.235.71.164 - - [11/Apr/2022:05:43:28 -0700] "GET /wp-content/plugins/jetpack/_inc/genericons/genericons/genericons.css?ver=3.1 HTTP/1.1" 200 16754 "http://www.unstructureddatatips.com/dell-emc-ecs-object-lock/" "Mozilla/5.0 (iPhone; CPU iPhone OS 15_3 like Mac OS X) AppleWebKit/605.1.15 (KHTML, like Gecko) CriOS/98.0.4758.97 Mobile/15E148 Safari/604.1" 
105.235.71.164 - - [11/Apr/2022:05:43:28 -0700] "GET /wp-content/plugins/jetpack/css/jetpack.css?ver=10.6 HTTP/1.1" 200 17457 "http://www.unstructureddatatips.com/dell-emc-ecs-object-lock/" "Mozilla/5.0 (iPhone; CPU iPhone OS 15_3 like Mac OS X) AppleWebKit/605.1.15 (KHTML, like Gecko) CriOS/98.0.4758.97 Mobile/15E148 Safari/604.1" 
105.235.71.164 - - [11/Apr/2022:05:43:28 -0700] "GET /wp-includes/js/jquery/jquery.min.js?ver=3.6.0 HTTP/1.1" 200 31860 "http://www.unstructureddatatips.com/dell-emc-ecs-object-lock/" "Mozilla/5.0 (iPhone; CPU iPhone OS 15_3 like Mac OS X) AppleWebKit/605.1.15 (KHTML, like Gecko) CriOS/98.0.4758.97 Mobile/15E148 Safari/604.1" 
105.235.71.164 - - [11/Apr/2022:05:43:28 -0700] "GET /wp-includes/js/jquery/jquery-migrate.min.js?ver=3.3.2 HTTP/1.1" 200 4622 "http://www.unstructureddatatips.com/dell-emc-ecs-object-lock/" "Mozilla/5.0 (iPhone; CPU iPhone OS 15_3 like Mac OS X) AppleWebKit/605.1.15 (KHTML, like Gecko) CriOS/98.0.4758.97 Mobile/15E148 Safari/604.1" 
105.235.71.164 - - [11/Apr/2022:05:43:28 -0700] "GET /wp-content/themes/twentysixteen/js/skip-link-focus-fix.js?ver=20160816 HTTP/1.1" 200 1004 "http://www.unstructureddatatips.com/dell-emc-ecs-object-lock/" "Mozilla/5.0 (iPhone; CPU iPhone OS 15_3 like Mac OS X) AppleWebKit/605.1.15 (KHTML, like Gecko) CriOS/98.0.4758.97 Mobile/15E148 Safari/604.1" 
105.235.71.164 - - [11/Apr/2022:05:43:28 -0700] "GET /wp-includes/js/comment-reply.min.js?ver=5.9.3 HTTP/1.1" 200 1762 "http://www.unstructureddatatips.com/dell-emc-ecs-object-lock/" "Mozilla/5.0 (iPhone; CPU iPhone OS 15_3 like Mac OS X) AppleWebKit/605.1.15 (KHTML, like Gecko) CriOS/98.0.4758.97 Mobile/15E148 Safari/604.1" 
105.235.71.164 - - [11/Apr/2022:05:43:28 -0700] "GET /wp-content/themes/twentysixteen/js/functions.js?ver=20181230 HTTP/1.1" 200 2513 "http://www.unstructureddatatips.com/dell-emc-ecs-object-lock/" "Mozilla/5.0 (iPhone; CPU iPhone OS 15_3 like Mac OS X) AppleWebKit/605.1.15 (KHTML, like Gecko) CriOS/98.0.4758.97 Mobile/15E148 Safari/604.1" 
105.235.71.164 - - [11/Apr/2022:05:43:28 -0700] "GET /wp-content/plugins/jetpack/_inc/genericons/genericons/Genericons.svg HTTP/1.1" 200 24736 "http://www.unstructureddatatips.com/dell-emc-ecs-object-lock/" "Mozilla/5.0 (iPhone; CPU iPhone OS 15_3 like Mac OS X) AppleWebKit/605.1.15 (KHTML, like Gecko) CriOS/98.0.4758.97 Mobile/15E148 Safari/604.1" 
105.235.71.164 - - [11/Apr/2022:05:43:29 -0700] "GET /favicon.ico HTTP/1.1" 200 391 "-" "Mozilla/5.0 (iPhone; CPU iPhone OS 15_3 like Mac OS X) AppleWebKit/605.1.15 (KHTML, like Gecko) CriOS/98.0.4758.97 Mobile/15E148 Safari/604.1" 
37.0.8.242 - - [11/Apr/2022:05:45:24 -0700] "GET /wp-admin/css/ HTTP/1.1" 301 527 "binance.com" "Mozilla/5.0 (Windows NT 10.0; Win64; x64) AppleWebKit/537.36 (KHTML, like Gecko) Chrome/90.0.4430.85 Safari/537.36" 
37.0.8.242 - - [11/Apr/2022:05:45:25 -0700] "GET /wp-admin/css/ HTTP/1.1" 200 1811 "binance.com" "Mozilla/5.0 (Windows NT 10.0; Win64; x64) AppleWebKit/537.36 (KHTML, like Gecko) Chrome/90.0.4430.85 Safari/537.36" 
37.0.8.242 - - [11/Apr/2022:05:45:26 -0700] "GET /wp-content/uploads/2022/04/ HTTP/1.1" 301 555 "binance.com" "Mozilla/5.0 (Windows NT 10.0; Win64; x64) AppleWebKit/537.36 (KHTML, like Gecko) Chrome/90.0.4430.85 Safari/537.36" 
37.0.8.242 - - [11/Apr/2022:05:45:27 -0700] "GET /wp-content/uploads/2022/04/ HTTP/1.1" 404 33289 "binance.com" "Mozilla/5.0 (Windows NT 10.0; Win64; x64) AppleWebKit/537.36 (KHTML, like Gecko) Chrome/90.0.4430.85 Safari/537.36" 
208.113.197.84 - - [11/Apr/2022:05:45:28 -0700] "POST /wp-cron.php?doing_wp_cron=1649681128.3939869403839111328125 HTTP/1.1" 200 258 "http://www.unstructureddatatips.com/wp-cron.php?doing_wp_cron=1649681128.3939869403839111328125" "WordPress/5.9.3; http://www.unstructureddatatips.com" 
37.0.8.242 - - [11/Apr/2022:05:45:31 -0700] "GET /wp-content/uploads/2022/03/ HTTP/1.1" 301 555 "binance.com" "Mozilla/5.0 (Windows NT 10.0; Win64; x64) AppleWebKit/537.36 (KHTML, like Gecko) Chrome/90.0.4430.85 Safari/537.36" 
37.0.8.242 - - [11/Apr/2022:05:45:33 -0700] "GET /wp-content/uploads/2022/03/ HTTP/1.1" 404 33289 "binance.com" "Mozilla/5.0 (Windows NT 10.0; Win64; x64) AppleWebKit/537.36 (KHTML, like Gecko) Chrome/90.0.4430.85 Safari/537.36" 
37.0.8.242 - - [11/Apr/2022:05:45:34 -0700] "GET /wp-content/uploads/ HTTP/1.1" 301 539 "binance.com" "Mozilla/5.0 (Windows NT 10.0; Win64; x64) AppleWebKit/537.36 (KHTML, like Gecko) Chrome/90.0.4430.85 Safari/537.36" 
208.113.197.84 - - [11/Apr/2022:05:45:37 -0700] "POST /wp-cron.php?doing_wp_cron=1649681137.2743051052093505859375 HTTP/1.1" 200 258 "http://www.unstructureddatatips.com/wp-cron.php?doing_wp_cron=1649681137.2743051052093505859375" "WordPress/5.9.3; http://www.unstructureddatatips.com" 
37.0.8.242 - - [11/Apr/2022:05:45:36 -0700] "GET /wp-content/uploads/ HTTP/1.1" 404 33289 "binance.com" "Mozilla/5.0 (Windows NT 10.0; Win64; x64) AppleWebKit/537.36 (KHTML, like Gecko) Chrome/90.0.4430.85 Safari/537.36" 
37.0.8.242 - - [11/Apr/2022:05:45:40 -0700] "GET /wp-content/upgrade/ HTTP/1.1" 301 539 "binance.com" "Mozilla/5.0 (Windows NT 10.0; Win64; x64) AppleWebKit/537.36 (KHTML, like Gecko) Chrome/90.0.4430.85 Safari/537.36" 
37.0.8.242 - - [11/Apr/2022:05:45:42 -0700] "GET /wp-content/upgrade/ HTTP/1.1" 200 601 "binance.com" "Mozilla/5.0 (Windows NT 10.0; Win64; x64) AppleWebKit/537.36 (KHTML, like Gecko) Chrome/90.0.4430.85 Safari/537.36" 
37.0.8.242 - - [11/Apr/2022:05:45:43 -0700] "GET /wp-content/languages/ HTTP/1.1" 301 543 "binance.com" "Mozilla/5.0 (Windows NT 10.0; Win64; x64) AppleWebKit/537.36 (KHTML, like Gecko) Chrome/90.0.4430.85 Safari/537.36" 
37.0.8.242 - - [11/Apr/2022:05:45:46 -0700] "GET /wp-content/languages/ HTTP/1.1" 404 33289 "binance.com" "Mozilla/5.0 (Windows NT 10.0; Win64; x64) AppleWebKit/537.36 (KHTML, like Gecko) Chrome/90.0.4430.85 Safari/537.36" 
37.0.8.242 - - [11/Apr/2022:05:45:48 -0700] "GET /wp-admin/includes/ HTTP/1.1" 301 537 "binance.com" "Mozilla/5.0 (Windows NT 10.0; Win64; x64) AppleWebKit/537.36 (KHTML, like Gecko) Chrome/90.0.4430.85 Safari/537.36" 
37.0.8.242 - - [11/Apr/2022:05:45:49 -0700] "GET /wp-admin/includes/ HTTP/1.1" 200 2264 "binance.com" "Mozilla/5.0 (Windows NT 10.0; Win64; x64) AppleWebKit/537.36 (KHTML, like Gecko) Chrome/90.0.4430.85 Safari/537.36" 
37.0.8.242 - - [11/Apr/2022:05:45:52 -0700] "GET /wp-admin/includes/ HTTP/1.1" 301 537 "binance.com" "Mozilla/5.0 (Windows NT 10.0; Win64; x64) AppleWebKit/537.36 (KHTML, like Gecko) Chrome/90.0.4430.85 Safari/537.36" 
37.0.8.242 - - [11/Apr/2022:05:45:54 -0700] "GET /wp-admin/includes/ HTTP/1.1" 200 2264 "binance.com" "Mozilla/5.0 (Windows NT 10.0; Win64; x64) AppleWebKit/537.36 (KHTML, like Gecko) Chrome/90.0.4430.85 Safari/537.36" 
37.0.8.242 - - [11/Apr/2022:05:45:57 -0700] "GET /wp-admin/maint/ HTTP/1.1" 301 531 "binance.com" "Mozilla/5.0 (Windows NT 10.0; Win64; x64) AppleWebKit/537.36 (KHTML, like Gecko) Chrome/90.0.4430.85 Safari/537.36" 
37.0.8.242 - - [11/Apr/2022:05:45:59 -0700] "GET /wp-admin/maint/ HTTP/1.1" 200 633 "binance.com" "Mozilla/5.0 (Windows NT 10.0; Win64; x64) AppleWebKit/537.36 (KHTML, like Gecko) Chrome/90.0.4430.85 Safari/537.36" 
37.0.8.242 - - [11/Apr/2022:05:46:02 -0700] "GET /wp-admin/maint/ HTTP/1.1" 301 531 "binance.com" "Mozilla/5.0 (Windows NT 10.0; Win64; x64) AppleWebKit/537.36 (KHTML, like Gecko) Chrome/90.0.4430.85 Safari/537.36" 
37.0.8.242 - - [11/Apr/2022:05:46:04 -0700] "GET /wp-admin/maint/ HTTP/1.1" 200 633 "binance.com" "Mozilla/5.0 (Windows NT 10.0; Win64; x64) AppleWebKit/537.36 (KHTML, like Gecko) Chrome/90.0.4430.85 Safari/537.36" 
37.0.8.242 - - [11/Apr/2022:05:46:08 -0700] "GET /wp-admin/network/ HTTP/1.1" 301 535 "binance.com" "Mozilla/5.0 (Windows NT 10.0; Win64; x64) AppleWebKit/537.36 (KHTML, like Gecko) Chrome/90.0.4430.85 Safari/537.36" 
37.0.8.242 - - [11/Apr/2022:05:46:10 -0700] "GET /wp-admin/network/ HTTP/1.1" 302 496 "binance.com" "Mozilla/5.0 (Windows NT 10.0; Win64; x64) AppleWebKit/537.36 (KHTML, like Gecko) Chrome/90.0.4430.85 Safari/537.36" 
37.0.8.242 - - [11/Apr/2022:05:46:13 -0700] "GET /wp-login.php?redirect_to=http%3A%2F%2Fwww.unstructureddatatips.com%2Fwp-admin%2Fnetwork%2F&reauth=1 HTTP/1.1" 200 4553 "binance.com" "Mozilla/5.0 (Windows NT 10.0; Win64; x64) AppleWebKit/537.36 (KHTML, like Gecko) Chrome/90.0.4430.85 Safari/537.36" 
37.0.8.242 - - [11/Apr/2022:05:46:15 -0700] "GET /wp-admin/user/ HTTP/1.1" 301 529 "binance.com" "Mozilla/5.0 (Windows NT 10.0; Win64; x64) AppleWebKit/537.36 (KHTML, like Gecko) Chrome/90.0.4430.85 Safari/537.36" 
37.0.8.242 - - [11/Apr/2022:05:46:16 -0700] "GET /wp-admin/user/ HTTP/1.1" 302 493 "binance.com" "Mozilla/5.0 (Windows NT 10.0; Win64; x64) AppleWebKit/537.36 (KHTML, like Gecko) Chrome/90.0.4430.85 Safari/537.36" 
37.0.8.242 - - [11/Apr/2022:05:46:17 -0700] "GET /wp-login.php?redirect_to=http%3A%2F%2Fwww.unstructureddatatips.com%2Fwp-admin%2Fuser%2F&reauth=1 HTTP/1.1" 200 4550 "binance.com" "Mozilla/5.0 (Windows NT 10.0; Win64; x64) AppleWebKit/537.36 (KHTML, like Gecko) Chrome/90.0.4430.85 Safari/537.36" 
37.0.8.242 - - [11/Apr/2022:05:46:19 -0700] "GET /wp-admin/css/ HTTP/1.1" 301 527 "binance.com" "Mozilla/5.0 (Windows NT 10.0; Win64; x64) AppleWebKit/537.36 (KHTML, like Gecko) Chrome/90.0.4430.85 Safari/537.36" 
37.0.8.242 - - [11/Apr/2022:05:46:20 -0700] "GET /wp-admin/css/ HTTP/1.1" 200 1811 "binance.com" "Mozilla/5.0 (Windows NT 10.0; Win64; x64) AppleWebKit/537.36 (KHTML, like Gecko) Chrome/90.0.4430.85 Safari/537.36" 
37.0.8.242 - - [11/Apr/2022:05:46:22 -0700] "GET /wp-admin/css/colors/ HTTP/1.1" 301 541 "binance.com" "Mozilla/5.0 (Windows NT 10.0; Win64; x64) AppleWebKit/537.36 (KHTML, like Gecko) Chrome/90.0.4430.85 Safari/537.36" 
37.0.8.242 - - [11/Apr/2022:05:46:23 -0700] "GET /wp-admin/css/colors/ HTTP/1.1" 200 800 "binance.com" "Mozilla/5.0 (Windows NT 10.0; Win64; x64) AppleWebKit/537.36 (KHTML, like Gecko) Chrome/90.0.4430.85 Safari/537.36" 
37.0.8.242 - - [11/Apr/2022:05:46:24 -0700] "GET /wp-admin/css/colors/blue/ HTTP/1.1" 301 551 "binance.com" "Mozilla/5.0 (Windows NT 10.0; Win64; x64) AppleWebKit/537.36 (KHTML, like Gecko) Chrome/90.0.4430.85 Safari/537.36" 
37.0.8.242 - - [11/Apr/2022:05:46:26 -0700] "GET /wp-admin/css/colors/blue/ HTTP/1.1" 200 684 "binance.com" "Mozilla/5.0 (Windows NT 10.0; Win64; x64) AppleWebKit/537.36 (KHTML, like Gecko) Chrome/90.0.4430.85 Safari/537.36" 
37.0.8.242 - - [11/Apr/2022:05:46:27 -0700] "GET /wp-admin/css/colors/coffee/ HTTP/1.1" 301 555 "binance.com" "Mozilla/5.0 (Windows NT 10.0; Win64; x64) AppleWebKit/537.36 (KHTML, like Gecko) Chrome/90.0.4430.85 Safari/537.36" 
37.0.8.242 - - [11/Apr/2022:05:46:28 -0700] "GET /wp-admin/css/colors/coffee/ HTTP/1.1" 200 685 "binance.com" "Mozilla/5.0 (Windows NT 10.0; Win64; x64) AppleWebKit/537.36 (KHTML, like Gecko) Chrome/90.0.4430.85 Safari/537.36" 
37.0.8.242 - - [11/Apr/2022:05:46:29 -0700] "GET /wp-admin/css/colors/ectoplasm/ HTTP/1.1" 301 561 "binance.com" "Mozilla/5.0 (Windows NT 10.0; Win64; x64) AppleWebKit/537.36 (KHTML, like Gecko) Chrome/90.0.4430.85 Safari/537.36" 
2.59.133.147 - - [11/Apr/2022:05:46:29 -0700] "GET /feed/ HTTP/1.1" 200 148871 "-" "NextCloud-News/1.0" 
37.0.8.242 - - [11/Apr/2022:05:46:31 -0700] "GET /wp-admin/css/colors/ectoplasm/ HTTP/1.1" 200 686 "binance.com" "Mozilla/5.0 (Windows NT 10.0; Win64; x64) AppleWebKit/537.36 (KHTML, like Gecko) Chrome/90.0.4430.85 Safari/537.36" 
37.0.8.242 - - [11/Apr/2022:05:46:34 -0700] "GET /wp-admin/css/colors/light/ HTTP/1.1" 301 553 "binance.com" "Mozilla/5.0 (Windows NT 10.0; Win64; x64) AppleWebKit/537.36 (KHTML, like Gecko) Chrome/90.0.4430.85 Safari/537.36" 
37.0.8.242 - - [11/Apr/2022:05:46:36 -0700] "GET /wp-admin/css/colors/light/ HTTP/1.1" 200 685 "binance.com" "Mozilla/5.0 (Windows NT 10.0; Win64; x64) AppleWebKit/537.36 (KHTML, like Gecko) Chrome/90.0.4430.85 Safari/537.36" 
37.0.8.242 - - [11/Apr/2022:05:46:40 -0700] "GET /wp-admin/css/colors/midnight/ HTTP/1.1" 301 559 "binance.com" "Mozilla/5.0 (Windows NT 10.0; Win64; x64) AppleWebKit/537.36 (KHTML, like Gecko) Chrome/90.0.4430.85 Safari/537.36" 
37.0.8.242 - - [11/Apr/2022:05:46:43 -0700] "GET /wp-admin/css/colors/midnight/ HTTP/1.1" 200 687 "binance.com" "Mozilla/5.0 (Windows NT 10.0; Win64; x64) AppleWebKit/537.36 (KHTML, like Gecko) Chrome/90.0.4430.85 Safari/537.36" 
37.0.8.242 - - [11/Apr/2022:05:46:48 -0700] "GET /wp-admin/css/colors/modern/ HTTP/1.1" 301 555 "binance.com" "Mozilla/5.0 (Windows NT 10.0; Win64; x64) AppleWebKit/537.36 (KHTML, like Gecko) Chrome/90.0.4430.85 Safari/537.36" 
37.0.8.242 - - [11/Apr/2022:05:46:51 -0700] "GET /wp-admin/css/colors/modern/ HTTP/1.1" 200 684 "binance.com" "Mozilla/5.0 (Windows NT 10.0; Win64; x64) AppleWebKit/537.36 (KHTML, like Gecko) Chrome/90.0.4430.85 Safari/537.36" 
37.0.8.242 - - [11/Apr/2022:05:46:52 -0700] "GET /wp-admin/css/colors/ocean/ HTTP/1.1" 301 553 "binance.com" "Mozilla/5.0 (Windows NT 10.0; Win64; x64) AppleWebKit/537.36 (KHTML, like Gecko) Chrome/90.0.4430.85 Safari/537.36" 
37.0.8.242 - - [11/Apr/2022:05:46:55 -0700] "GET /wp-admin/css/colors/ocean/ HTTP/1.1" 200 685 "binance.com" "Mozilla/5.0 (Windows NT 10.0; Win64; x64) AppleWebKit/537.36 (KHTML, like Gecko) Chrome/90.0.4430.85 Safari/537.36" 
37.0.8.242 - - [11/Apr/2022:05:46:58 -0700] "GET /wp-admin/css/colors/sunrise/%20 HTTP/1.1" 301 559 "binance.com" "Mozilla/5.0 (Windows NT 10.0; Win64; x64) AppleWebKit/537.36 (KHTML, like Gecko) Chrome/90.0.4430.85 Safari/537.36" 
37.0.8.242 - - [11/Apr/2022:05:47:02 -0700] "GET /wp-admin/css/colors/sunrise/ HTTP/1.1" 200 686 "binance.com" "Mozilla/5.0 (Windows NT 10.0; Win64; x64) AppleWebKit/537.36 (KHTML, like Gecko) Chrome/90.0.4430.85 Safari/537.36" 
37.0.8.242 - - [11/Apr/2022:05:47:04 -0700] "GET /wp-admin/images/ HTTP/1.1" 301 533 "binance.com" "Mozilla/5.0 (Windows NT 10.0; Win64; x64) AppleWebKit/537.36 (KHTML, like Gecko) Chrome/90.0.4430.85 Safari/537.36" 
37.0.8.242 - - [11/Apr/2022:05:47:05 -0700] "GET /wp-admin/images/ HTTP/1.1" 200 1809 "binance.com" "Mozilla/5.0 (Windows NT 10.0; Win64; x64) AppleWebKit/537.36 (KHTML, like Gecko) Chrome/90.0.4430.85 Safari/537.36" 
37.0.8.242 - - [11/Apr/2022:05:47:08 -0700] "GET /wp-admin/js/ HTTP/1.1" 301 525 "binance.com" "Mozilla/5.0 (Windows NT 10.0; Win64; x64) AppleWebKit/537.36 (KHTML, like Gecko) Chrome/90.0.4430.85 Safari/537.36" 
37.0.8.242 - - [11/Apr/2022:05:47:10 -0700] "GET /wp-admin/js/ HTTP/1.1" 200 2017 "binance.com" "Mozilla/5.0 (Windows NT 10.0; Win64; x64) AppleWebKit/537.36 (KHTML, like Gecko) Chrome/90.0.4430.85 Safari/537.36" 
37.0.8.242 - - [11/Apr/2022:05:47:12 -0700] "GET /wp-admin/js/widgets/ HTTP/1.1" 301 541 "binance.com" "Mozilla/5.0 (Windows NT 10.0; Win64; x64) AppleWebKit/537.36 (KHTML, like Gecko) Chrome/90.0.4430.85 Safari/537.36" 
37.0.8.242 - - [11/Apr/2022:05:47:13 -0700] "GET /wp-admin/js/widgets/ HTTP/1.1" 200 856 "binance.com" "Mozilla/5.0 (Windows NT 10.0; Win64; x64) AppleWebKit/537.36 (KHTML, like Gecko) Chrome/90.0.4430.85 Safari/537.36" 
37.0.8.242 - - [11/Apr/2022:05:47:15 -0700] "GET /wp-includes/ HTTP/1.1" 301 525 "binance.com" "Mozilla/5.0 (Windows NT 10.0; Win64; x64) AppleWebKit/537.36 (KHTML, like Gecko) Chrome/90.0.4430.85 Safari/537.36" 
37.0.8.242 - - [11/Apr/2022:05:47:16 -0700] "GET /wp-includes/ HTTP/1.1" 200 4180 "binance.com" "Mozilla/5.0 (Windows NT 10.0; Win64; x64) AppleWebKit/537.36 (KHTML, like Gecko) Chrome/90.0.4430.85 Safari/537.36" 
37.0.8.242 - - [11/Apr/2022:05:47:17 -0700] "GET /wp-includes/ HTTP/1.1" 301 525 "binance.com" "Mozilla/5.0 (Windows NT 10.0; Win64; x64) AppleWebKit/537.36 (KHTML, like Gecko) Chrome/90.0.4430.85 Safari/537.36" 
37.0.8.242 - - [11/Apr/2022:05:47:19 -0700] "GET /wp-includes/ HTTP/1.1" 200 4180 "binance.com" "Mozilla/5.0 (Windows NT 10.0; Win64; x64) AppleWebKit/537.36 (KHTML, like Gecko) Chrome/90.0.4430.85 Safari/537.36" 
37.0.8.242 - - [11/Apr/2022:05:47:20 -0700] "GET /wp-includes/block-editor.php HTTP/1.1" 301 557 "binance.com" "Mozilla/5.0 (Windows NT 10.0; Win64; x64) AppleWebKit/537.36 (KHTML, like Gecko) Chrome/90.0.4430.85 Safari/537.36" 
37.0.8.242 - - [11/Apr/2022:05:47:22 -0700] "GET /wp-includes/block-editor.php HTTP/1.1" 200 295 "binance.com" "Mozilla/5.0 (Windows NT 10.0; Win64; x64) AppleWebKit/537.36 (KHTML, like Gecko) Chrome/90.0.4430.85 Safari/537.36" 
37.0.8.242 - - [11/Apr/2022:05:47:23 -0700] "GET /wp-includes/block-template-utils.php HTTP/1.1" 301 573 "binance.com" "Mozilla/5.0 (Windows NT 10.0; Win64; x64) AppleWebKit/537.36 (KHTML, like Gecko) Chrome/90.0.4430.85 Safari/537.36" 
37.0.8.242 - - [11/Apr/2022:05:47:25 -0700] "GET /wp-includes/block-template-utils.php HTTP/1.1" 200 295 "binance.com" "Mozilla/5.0 (Windows NT 10.0; Win64; x64) AppleWebKit/537.36 (KHTML, like Gecko) Chrome/90.0.4430.85 Safari/537.36" 
37.0.8.242 - - [11/Apr/2022:05:47:28 -0700] "GET /wp-includes/block-template.php HTTP/1.1" 301 561 "binance.com" "Mozilla/5.0 (Windows NT 10.0; Win64; x64) AppleWebKit/537.36 (KHTML, like Gecko) Chrome/90.0.4430.85 Safari/537.36" 
37.0.8.242 - - [11/Apr/2022:05:47:31 -0700] "GET /wp-includes/block-template.php HTTP/1.1" 200 295 "binance.com" "Mozilla/5.0 (Windows NT 10.0; Win64; x64) AppleWebKit/537.36 (KHTML, like Gecko) Chrome/90.0.4430.85 Safari/537.36" 
37.0.8.242 - - [11/Apr/2022:05:47:34 -0700] "GET /wp-includes/class-wp-block-editor-context.php HTTP/1.1" 301 591 "binance.com" "Mozilla/5.0 (Windows NT 10.0; Win64; x64) AppleWebKit/537.36 (KHTML, like Gecko) Chrome/90.0.4430.85 Safari/537.36" 
37.0.8.242 - - [11/Apr/2022:05:47:38 -0700] "GET /wp-includes/class-wp-block-editor-context.php HTTP/1.1" 200 295 "binance.com" "Mozilla/5.0 (Windows NT 10.0; Win64; x64) AppleWebKit/537.36 (KHTML, like Gecko) Chrome/90.0.4430.85 Safari/537.36" 
37.0.8.242 - - [11/Apr/2022:05:47:42 -0700] "GET /wp-includes/class-wp-block-template.php HTTP/1.1" 301 579 "binance.com" "Mozilla/5.0 (Windows NT 10.0; Win64; x64) AppleWebKit/537.36 (KHTML, like Gecko) Chrome/90.0.4430.85 Safari/537.36" 
37.0.8.242 - - [11/Apr/2022:05:47:43 -0700] "GET /wp-includes/class-wp-block-template.php HTTP/1.1" 200 295 "binance.com" "Mozilla/5.0 (Windows NT 10.0; Win64; x64) AppleWebKit/537.36 (KHTML, like Gecko) Chrome/90.0.4430.85 Safari/537.36" 
37.0.8.242 - - [11/Apr/2022:05:47:44 -0700] "GET /wp-includes/class-wp-http.php HTTP/1.1" 301 559 "binance.com" "Mozilla/5.0 (Windows NT 10.0; Win64; x64) AppleWebKit/537.36 (KHTML, like Gecko) Chrome/90.0.4430.85 Safari/537.36" 
37.0.8.242 - - [11/Apr/2022:05:47:45 -0700] "GET /wp-includes/class-wp-http.php HTTP/1.1" 500 209 "binance.com" "Mozilla/5.0 (Windows NT 10.0; Win64; x64) AppleWebKit/537.36 (KHTML, like Gecko) Chrome/90.0.4430.85 Safari/537.36" 
37.0.8.242 - - [11/Apr/2022:05:47:46 -0700] "GET /wp-includes/class-wp-theme-json-resolver.php HTTP/1.1" 301 589 "binance.com" "Mozilla/5.0 (Windows NT 10.0; Win64; x64) AppleWebKit/537.36 (KHTML, like Gecko) Chrome/90.0.4430.85 Safari/537.36" 
37.0.8.242 - - [11/Apr/2022:05:47:48 -0700] "GET /wp-includes/class-wp-theme-json-resolver.php HTTP/1.1" 200 295 "binance.com" "Mozilla/5.0 (Windows NT 10.0; Win64; x64) AppleWebKit/537.36 (KHTML, like Gecko) Chrome/90.0.4430.85 Safari/537.36" 
196.242.84.208 - - [11/Apr/2022:05:47:47 -0700] "GET /?p= HTTP/1.1" 301 384 "-" "Mozilla/5.0 (X11; Linux x86_64) AppleWebKit/537.36 (KHTML, like Gecko) Ubuntu Chromium/66.0.3359.181 Chrome/66.0.3359.181 Safari/537.36" 
37.0.8.242 - - [11/Apr/2022:05:47:50 -0700] "GET /wp-includes/class-wp-theme-json-schema.php HTTP/1.1" 301 585 "binance.com" "Mozilla/5.0 (Windows NT 10.0; Win64; x64) AppleWebKit/537.36 (KHTML, like Gecko) Chrome/90.0.4430.85 Safari/537.36" 
208.113.197.84 - - [11/Apr/2022:05:47:48 -0700] "POST /wp-cron.php?doing_wp_cron=1649681268.5225920677185058593750 HTTP/1.1" 200 258 "http://www.unstructureddatatips.com/wp-cron.php?doing_wp_cron=1649681268.5225920677185058593750" "WordPress/5.9.3; http://www.unstructureddatatips.com" 
37.0.8.242 - - [11/Apr/2022:05:47:51 -0700] "GET /wp-includes/class-wp-theme-json-schema.php HTTP/1.1" 200 295 "binance.com" "Mozilla/5.0 (Windows NT 10.0; Win64; x64) AppleWebKit/537.36 (KHTML, like Gecko) Chrome/90.0.4430.85 Safari/537.36" 
196.242.84.208 - - [11/Apr/2022:05:47:49 -0700] "GET / HTTP/1.1" 200 44830 "-" "Mozilla/5.0 (X11; Linux x86_64) AppleWebKit/537.36 (KHTML, like Gecko) Ubuntu Chromium/66.0.3359.181 Chrome/66.0.3359.181 Safari/537.36" 
37.0.8.242 - - [11/Apr/2022:05:47:52 -0700] "GET /wp-includes/class-wp-theme-json.php HTTP/1.1" 301 571 "binance.com" "Mozilla/5.0 (Windows NT 10.0; Win64; x64) AppleWebKit/537.36 (KHTML, like Gecko) Chrome/90.0.4430.85 Safari/537.36" 
37.0.8.242 - - [11/Apr/2022:05:47:55 -0700] "GET /wp-includes/class-wp-theme-json.php HTTP/1.1" 200 295 "binance.com" "Mozilla/5.0 (Windows NT 10.0; Win64; x64) AppleWebKit/537.36 (KHTML, like Gecko) Chrome/90.0.4430.85 Safari/537.36" 
37.0.8.242 - - [11/Apr/2022:05:47:57 -0700] "GET /wp-includes/global-styles-and-settings.php HTTP/1.1" 301 585 "binance.com" "Mozilla/5.0 (Windows NT 10.0; Win64; x64) AppleWebKit/537.36 (KHTML, like Gecko) Chrome/90.0.4430.85 Safari/537.36" 
37.0.8.242 - - [11/Apr/2022:05:48:02 -0700] "GET /wp-includes/global-styles-and-settings.php HTTP/1.1" 200 295 "binance.com" "Mozilla/5.0 (Windows NT 10.0; Win64; x64) AppleWebKit/537.36 (KHTML, like Gecko) Chrome/90.0.4430.85 Safari/537.36" 
37.0.8.242 - - [11/Apr/2022:05:48:05 -0700] "GET /wp-includes/https-detection.php HTTP/1.1" 301 563 "binance.com" "Mozilla/5.0 (Windows NT 10.0; Win64; x64) AppleWebKit/537.36 (KHTML, like Gecko) Chrome/90.0.4430.85 Safari/537.36" 
37.0.8.242 - - [11/Apr/2022:05:48:09 -0700] "GET /wp-includes/https-detection.php HTTP/1.1" 200 295 "binance.com" "Mozilla/5.0 (Windows NT 10.0; Win64; x64) AppleWebKit/537.36 (KHTML, like Gecko) Chrome/90.0.4430.85 Safari/537.36" 
37.0.8.242 - - [11/Apr/2022:05:48:12 -0700] "GET /wp-includes/https-migration.php HTTP/1.1" 301 563 "binance.com" "Mozilla/5.0 (Windows NT 10.0; Win64; x64) AppleWebKit/537.36 (KHTML, like Gecko) Chrome/90.0.4430.85 Safari/537.36" 
37.0.8.242 - - [11/Apr/2022:05:48:14 -0700] "GET /wp-includes/https-migration.php HTTP/1.1" 200 295 "binance.com" "Mozilla/5.0 (Windows NT 10.0; Win64; x64) AppleWebKit/537.36 (KHTML, like Gecko) Chrome/90.0.4430.85 Safari/537.36" 
37.0.8.242 - - [11/Apr/2022:05:48:20 -0700] "GET /wp-includes/robots-template.php HTTP/1.1" 301 563 "binance.com" "Mozilla/5.0 (Windows NT 10.0; Win64; x64) AppleWebKit/537.36 (KHTML, like Gecko) Chrome/90.0.4430.85 Safari/537.36" 
66.249.70.21 - - [11/Apr/2022:05:48:27 -0700] "GET / HTTP/1.1" 200 44829 "-" "Mozilla/5.0 (compatible; Googlebot/2.1; +http://www.google.com/bot.html)" 
37.0.8.242 - - [11/Apr/2022:05:48:28 -0700] "GET /wp-includes/robots-template.php HTTP/1.1" 200 295 "binance.com" "Mozilla/5.0 (Windows NT 10.0; Win64; x64) AppleWebKit/537.36 (KHTML, like Gecko) Chrome/90.0.4430.85 Safari/537.36" 
37.0.8.242 - - [11/Apr/2022:05:48:34 -0700] "GET /wp-includes/template-canvas.php HTTP/1.1" 301 563 "binance.com" "Mozilla/5.0 (Windows NT 10.0; Win64; x64) AppleWebKit/537.36 (KHTML, like Gecko) Chrome/90.0.4430.85 Safari/537.36" 
37.0.8.242 - - [11/Apr/2022:05:48:37 -0700] "GET /wp-includes/template-canvas.php HTTP/1.1" 500 209 "binance.com" "Mozilla/5.0 (Windows NT 10.0; Win64; x64) AppleWebKit/537.36 (KHTML, like Gecko) Chrome/90.0.4430.85 Safari/537.36" 
37.0.8.242 - - [11/Apr/2022:05:48:38 -0700] "GET /wp-includes/theme-templates.php HTTP/1.1" 301 563 "binance.com" "Mozilla/5.0 (Windows NT 10.0; Win64; x64) AppleWebKit/537.36 (KHTML, like Gecko) Chrome/90.0.4430.85 Safari/537.36" 
37.0.8.242 - - [11/Apr/2022:05:48:40 -0700] "GET /wp-includes/theme-templates.php HTTP/1.1" 200 295 "binance.com" "Mozilla/5.0 (Windows NT 10.0; Win64; x64) AppleWebKit/537.36 (KHTML, like Gecko) Chrome/90.0.4430.85 Safari/537.36" 
