134.209.30.2 - - [11/Apr/2022:02:16:51 -0700] "GET /wp-includes/c.php HTTP/1.1" 404 33289 "-" "Mozilla/5.0 (Windows NT 6.1; Win64; x64) AppleWebKit/537.36 (KHTML, like Gecko) Chrome/96.0.4664.110 Safari/537.36" 
134.209.30.2 - - [11/Apr/2022:02:16:53 -0700] "GET /wp-includes/s.php HTTP/1.1" 404 33289 "-" "Mozilla/5.0 (Windows NT 6.1; Win64; x64) AppleWebKit/537.36 (KHTML, like Gecko) Chrome/96.0.4664.110 Safari/537.36" 
134.209.30.2 - - [11/Apr/2022:02:16:53 -0700] "GET /wp-includes/alfashell.php HTTP/1.1" 404 33289 "-" "Mozilla/5.0 (Windows NT 6.1; Win64; x64) AppleWebKit/537.36 (KHTML, like Gecko) Chrome/96.0.4664.110 Safari/537.36" 
93.240.113.11 - - [11/Apr/2022:02:16:58 -0700] "GET /wp-content/uploads/2022/03/neighborhood_2.png HTTP/1.1" 200 201741 "http://www.unstructureddatatips.com/" "Mozilla/5.0 (Macintosh; Intel Mac OS X 10_15_7) AppleWebKit/605.1.15 (KHTML, like Gecko) Version/15.4 Safari/605.1.15" 
134.209.30.2 - - [11/Apr/2022:02:16:59 -0700] "GET /wp-includes/alf4.php HTTP/1.1" 404 33289 "-" "Mozilla/5.0 (Windows NT 6.1; Win64; x64) AppleWebKit/537.36 (KHTML, like Gecko) Chrome/96.0.4664.110 Safari/537.36" 
134.209.30.2 - - [11/Apr/2022:02:17:01 -0700] "GET /wp-includes/r57.php HTTP/1.1" 404 33289 "-" "Mozilla/5.0 (Windows NT 6.1; Win64; x64) AppleWebKit/537.36 (KHTML, like Gecko) Chrome/96.0.4664.110 Safari/537.36" 
134.209.30.2 - - [11/Apr/2022:02:17:02 -0700] "GET /wp-includes/c99.php HTTP/1.1" 404 33289 "-" "Mozilla/5.0 (Windows NT 6.1; Win64; x64) AppleWebKit/537.36 (KHTML, like Gecko) Chrome/96.0.4664.110 Safari/537.36" 
134.209.30.2 - - [11/Apr/2022:02:17:08 -0700] "GET /wp-includes/shell.php HTTP/1.1" 404 33289 "-" "Mozilla/5.0 (Windows NT 6.1; Win64; x64) AppleWebKit/537.36 (KHTML, like Gecko) Chrome/96.0.4664.110 Safari/537.36" 
134.209.30.2 - - [11/Apr/2022:02:17:09 -0700] "GET /wp-includes/vuln.php HTTP/1.1" 404 33289 "-" "Mozilla/5.0 (Windows NT 6.1; Win64; x64) AppleWebKit/537.36 (KHTML, like Gecko) Chrome/96.0.4664.110 Safari/537.36" 
134.209.30.2 - - [11/Apr/2022:02:17:10 -0700] "GET /wp-includes/exp.php HTTP/1.1" 404 33289 "-" "Mozilla/5.0 (Windows NT 6.1; Win64; x64) AppleWebKit/537.36 (KHTML, like Gecko) Chrome/96.0.4664.110 Safari/537.36" 
134.209.30.2 - - [11/Apr/2022:02:17:11 -0700] "GET /wp-includes/mini.php HTTP/1.1" 404 33289 "-" "Mozilla/5.0 (Windows NT 6.1; Win64; x64) AppleWebKit/537.36 (KHTML, like Gecko) Chrome/96.0.4664.110 Safari/537.36" 
134.209.30.2 - - [11/Apr/2022:02:17:13 -0700] "GET /wp-includes/b374k.php HTTP/1.1" 404 33289 "-" "Mozilla/5.0 (Windows NT 6.1; Win64; x64) AppleWebKit/537.36 (KHTML, like Gecko) Chrome/96.0.4664.110 Safari/537.36" 
134.209.30.2 - - [11/Apr/2022:02:17:14 -0700] "GET /wp-includes/sym.php HTTP/1.1" 404 33289 "-" "Mozilla/5.0 (Windows NT 6.1; Win64; x64) AppleWebKit/537.36 (KHTML, like Gecko) Chrome/96.0.4664.110 Safari/537.36" 
134.209.30.2 - - [11/Apr/2022:02:17:14 -0700] "GET /wp-includes/sym403.php HTTP/1.1" 404 33289 "-" "Mozilla/5.0 (Windows NT 6.1; Win64; x64) AppleWebKit/537.36 (KHTML, like Gecko) Chrome/96.0.4664.110 Safari/537.36" 
134.209.30.2 - - [11/Apr/2022:02:17:15 -0700] "GET /wp-includes/func.php HTTP/1.1" 404 33289 "-" "Mozilla/5.0 (Windows NT 6.1; Win64; x64) AppleWebKit/537.36 (KHTML, like Gecko) Chrome/96.0.4664.110 Safari/537.36" 
134.209.30.2 - - [11/Apr/2022:02:17:17 -0700] "GET /wp-includes/isko.php HTTP/1.1" 404 33289 "-" "Mozilla/5.0 (Windows NT 6.1; Win64; x64) AppleWebKit/537.36 (KHTML, like Gecko) Chrome/96.0.4664.110 Safari/537.36" 
134.209.30.2 - - [11/Apr/2022:02:17:33 -0700] "GET /wp-includes/webadmin.php HTTP/1.1" 404 33289 "-" "Mozilla/5.0 (Windows NT 6.1; Win64; x64) AppleWebKit/537.36 (KHTML, like Gecko) Chrome/96.0.4664.110 Safari/537.36" 
134.209.30.2 - - [11/Apr/2022:02:17:34 -0700] "GET /wp-includes/symlink.php HTTP/1.1" 404 33289 "-" "Mozilla/5.0 (Windows NT 6.1; Win64; x64) AppleWebKit/537.36 (KHTML, like Gecko) Chrome/96.0.4664.110 Safari/537.36" 
134.209.30.2 - - [11/Apr/2022:02:17:36 -0700] "GET /wp-includes/bypass.php HTTP/1.1" 404 33289 "-" "Mozilla/5.0 (Windows NT 6.1; Win64; x64) AppleWebKit/537.36 (KHTML, like Gecko) Chrome/96.0.4664.110 Safari/537.36" 
208.113.197.84 - - [11/Apr/2022:02:17:34 -0700] "POST /wp-cron.php?doing_wp_cron=1649668654.6422779560089111328125 HTTP/1.1" 200 258 "http://www.unstructureddatatips.com/wp-cron.php?doing_wp_cron=1649668654.6422779560089111328125" "WordPress/5.9.3; http://www.unstructureddatatips.com" 
134.209.30.2 - - [11/Apr/2022:02:17:37 -0700] "GET /wp-includes/symlinkbypass.php HTTP/1.1" 404 33289 "-" "Mozilla/5.0 (Windows NT 6.1; Win64; x64) AppleWebKit/537.36 (KHTML, like Gecko) Chrome/96.0.4664.110 Safari/537.36" 
134.209.30.2 - - [11/Apr/2022:02:17:43 -0700] "GET /wp-includes/byp4ss.php HTTP/1.1" 404 33289 "-" "Mozilla/5.0 (Windows NT 6.1; Win64; x64) AppleWebKit/537.36 (KHTML, like Gecko) Chrome/96.0.4664.110 Safari/537.36" 
134.209.30.2 - - [11/Apr/2022:02:17:44 -0700] "GET /wp-includes/syml1nk.php HTTP/1.1" 404 33289 "-" "Mozilla/5.0 (Windows NT 6.1; Win64; x64) AppleWebKit/537.36 (KHTML, like Gecko) Chrome/96.0.4664.110 Safari/537.36" 
134.209.30.2 - - [11/Apr/2022:02:17:45 -0700] "GET /wp-includes/hack.php HTTP/1.1" 404 33289 "-" "Mozilla/5.0 (Windows NT 6.1; Win64; x64) AppleWebKit/537.36 (KHTML, like Gecko) Chrome/96.0.4664.110 Safari/537.36" 
134.209.30.2 - - [11/Apr/2022:02:17:47 -0700] "GET /wp-includes/h4cked.php HTTP/1.1" 404 33289 "-" "Mozilla/5.0 (Windows NT 6.1; Win64; x64) AppleWebKit/537.36 (KHTML, like Gecko) Chrome/96.0.4664.110 Safari/537.36" 
134.209.30.2 - - [11/Apr/2022:02:17:47 -0700] "GET /wp-includes/h4ck.php HTTP/1.1" 404 33289 "-" "Mozilla/5.0 (Windows NT 6.1; Win64; x64) AppleWebKit/537.36 (KHTML, like Gecko) Chrome/96.0.4664.110 Safari/537.36" 
134.209.30.2 - - [11/Apr/2022:02:17:48 -0700] "GET /wp-includes/indoxploit.php HTTP/1.1" 404 33289 "-" "Mozilla/5.0 (Windows NT 6.1; Win64; x64) AppleWebKit/537.36 (KHTML, like Gecko) Chrome/96.0.4664.110 Safari/537.36" 
134.209.30.2 - - [11/Apr/2022:02:17:49 -0700] "GET /wp-includes/filemanager.php HTTP/1.1" 404 33289 "-" "Mozilla/5.0 (Windows NT 6.1; Win64; x64) AppleWebKit/537.36 (KHTML, like Gecko) Chrome/96.0.4664.110 Safari/537.36" 
134.209.30.2 - - [11/Apr/2022:02:17:50 -0700] "GET /wp-includes/webroot.php HTTP/1.1" 404 33289 "-" "Mozilla/5.0 (Windows NT 6.1; Win64; x64) AppleWebKit/537.36 (KHTML, like Gecko) Chrome/96.0.4664.110 Safari/537.36" 
134.209.30.2 - - [11/Apr/2022:02:17:50 -0700] "GET /wp-includes/symbpass.php HTTP/1.1" 404 33289 "-" "Mozilla/5.0 (Windows NT 6.1; Win64; x64) AppleWebKit/537.36 (KHTML, like Gecko) Chrome/96.0.4664.110 Safari/537.36" 
134.209.30.2 - - [11/Apr/2022:02:17:51 -0700] "GET /wp-content/plugins/up.php HTTP/1.1" 404 33289 "-" "Mozilla/5.0 (Windows NT 6.1; Win64; x64) AppleWebKit/537.36 (KHTML, like Gecko) Chrome/96.0.4664.110 Safari/537.36" 
134.209.30.2 - - [11/Apr/2022:02:17:52 -0700] "GET /wp-content/plugins/uploader.php HTTP/1.1" 404 33289 "-" "Mozilla/5.0 (Windows NT 6.1; Win64; x64) AppleWebKit/537.36 (KHTML, like Gecko) Chrome/96.0.4664.110 Safari/537.36" 
134.209.30.2 - - [11/Apr/2022:02:17:54 -0700] "GET /wp-content/plugins/upload.php HTTP/1.1" 404 33289 "-" "Mozilla/5.0 (Windows NT 6.1; Win64; x64) AppleWebKit/537.36 (KHTML, like Gecko) Chrome/96.0.4664.110 Safari/537.36" 
134.209.30.2 - - [11/Apr/2022:02:17:55 -0700] "GET /wp-content/plugins/bypass.php HTTP/1.1" 404 33289 "-" "Mozilla/5.0 (Windows NT 6.1; Win64; x64) AppleWebKit/537.36 (KHTML, like Gecko) Chrome/96.0.4664.110 Safari/537.36" 
134.209.30.2 - - [11/Apr/2022:02:17:56 -0700] "GET /wp-content/plugins/u.php HTTP/1.1" 404 33289 "-" "Mozilla/5.0 (Windows NT 6.1; Win64; x64) AppleWebKit/537.36 (KHTML, like Gecko) Chrome/96.0.4664.110 Safari/537.36" 
134.209.30.2 - - [11/Apr/2022:02:17:58 -0700] "GET /wp-content/plugins/wso.php HTTP/1.1" 404 33289 "-" "Mozilla/5.0 (Windows NT 6.1; Win64; x64) AppleWebKit/537.36 (KHTML, like Gecko) Chrome/96.0.4664.110 Safari/537.36" 
134.209.30.2 - - [11/Apr/2022:02:17:58 -0700] "GET /wp-content/plugins/wsoshell.php HTTP/1.1" 404 33289 "-" "Mozilla/5.0 (Windows NT 6.1; Win64; x64) AppleWebKit/537.36 (KHTML, like Gecko) Chrome/96.0.4664.110 Safari/537.36" 
134.209.30.2 - - [11/Apr/2022:02:17:59 -0700] "GET /wp-content/plugins/alfa.php HTTP/1.1" 404 33289 "-" "Mozilla/5.0 (Windows NT 6.1; Win64; x64) AppleWebKit/537.36 (KHTML, like Gecko) Chrome/96.0.4664.110 Safari/537.36" 
134.209.30.2 - - [11/Apr/2022:02:18:00 -0700] "GET /wp-content/plugins/x.php HTTP/1.1" 404 33289 "-" "Mozilla/5.0 (Windows NT 6.1; Win64; x64) AppleWebKit/537.36 (KHTML, like Gecko) Chrome/96.0.4664.110 Safari/537.36" 
134.209.30.2 - - [11/Apr/2022:02:18:01 -0700] "GET /wp-content/plugins/xx.php HTTP/1.1" 404 33289 "-" "Mozilla/5.0 (Windows NT 6.1; Win64; x64) AppleWebKit/537.36 (KHTML, like Gecko) Chrome/96.0.4664.110 Safari/537.36" 
134.209.30.2 - - [11/Apr/2022:02:18:02 -0700] "GET /wp-content/plugins/xxx.php HTTP/1.1" 404 33289 "-" "Mozilla/5.0 (Windows NT 6.1; Win64; x64) AppleWebKit/537.36 (KHTML, like Gecko) Chrome/96.0.4664.110 Safari/537.36" 
134.209.30.2 - - [11/Apr/2022:02:18:03 -0700] "GET /wp-content/plugins/abc.php HTTP/1.1" 404 33289 "-" "Mozilla/5.0 (Windows NT 6.1; Win64; x64) AppleWebKit/537.36 (KHTML, like Gecko) Chrome/96.0.4664.110 Safari/537.36" 
134.209.30.2 - - [11/Apr/2022:02:18:04 -0700] "GET /wp-content/plugins/a.php HTTP/1.1" 404 33289 "-" "Mozilla/5.0 (Windows NT 6.1; Win64; x64) AppleWebKit/537.36 (KHTML, like Gecko) Chrome/96.0.4664.110 Safari/537.36" 
134.209.30.2 - - [11/Apr/2022:02:18:05 -0700] "GET /wp-content/plugins/b.php HTTP/1.1" 404 33289 "-" "Mozilla/5.0 (Windows NT 6.1; Win64; x64) AppleWebKit/537.36 (KHTML, like Gecko) Chrome/96.0.4664.110 Safari/537.36" 
134.209.30.2 - - [11/Apr/2022:02:18:06 -0700] "GET /wp-content/plugins/c.php HTTP/1.1" 404 33289 "-" "Mozilla/5.0 (Windows NT 6.1; Win64; x64) AppleWebKit/537.36 (KHTML, like Gecko) Chrome/96.0.4664.110 Safari/537.36" 
134.209.30.2 - - [11/Apr/2022:02:18:07 -0700] "GET /wp-content/plugins/s.php HTTP/1.1" 404 33289 "-" "Mozilla/5.0 (Windows NT 6.1; Win64; x64) AppleWebKit/537.36 (KHTML, like Gecko) Chrome/96.0.4664.110 Safari/537.36" 
134.209.30.2 - - [11/Apr/2022:02:18:08 -0700] "GET /wp-content/plugins/alfashell.php HTTP/1.1" 404 33289 "-" "Mozilla/5.0 (Windows NT 6.1; Win64; x64) AppleWebKit/537.36 (KHTML, like Gecko) Chrome/96.0.4664.110 Safari/537.36" 
134.209.30.2 - - [11/Apr/2022:02:18:10 -0700] "GET /wp-content/plugins/alf4.php HTTP/1.1" 404 33289 "-" "Mozilla/5.0 (Windows NT 6.1; Win64; x64) AppleWebKit/537.36 (KHTML, like Gecko) Chrome/96.0.4664.110 Safari/537.36" 
134.209.30.2 - - [11/Apr/2022:02:18:16 -0700] "GET /wp-content/plugins/r57.php HTTP/1.1" 404 33289 "-" "Mozilla/5.0 (Windows NT 6.1; Win64; x64) AppleWebKit/537.36 (KHTML, like Gecko) Chrome/96.0.4664.110 Safari/537.36" 
134.209.30.2 - - [11/Apr/2022:02:18:17 -0700] "GET /wp-content/plugins/c99.php HTTP/1.1" 404 33289 "-" "Mozilla/5.0 (Windows NT 6.1; Win64; x64) AppleWebKit/537.36 (KHTML, like Gecko) Chrome/96.0.4664.110 Safari/537.36" 
134.209.30.2 - - [11/Apr/2022:02:18:18 -0700] "GET /wp-content/plugins/shell.php HTTP/1.1" 404 33289 "-" "Mozilla/5.0 (Windows NT 6.1; Win64; x64) AppleWebKit/537.36 (KHTML, like Gecko) Chrome/96.0.4664.110 Safari/537.36" 
134.209.30.2 - - [11/Apr/2022:02:18:19 -0700] "GET /wp-content/plugins/vuln.php HTTP/1.1" 404 33289 "-" "Mozilla/5.0 (Windows NT 6.1; Win64; x64) AppleWebKit/537.36 (KHTML, like Gecko) Chrome/96.0.4664.110 Safari/537.36" 
134.209.30.2 - - [11/Apr/2022:02:18:20 -0700] "GET /wp-content/plugins/exp.php HTTP/1.1" 404 33289 "-" "Mozilla/5.0 (Windows NT 6.1; Win64; x64) AppleWebKit/537.36 (KHTML, like Gecko) Chrome/96.0.4664.110 Safari/537.36" 
134.209.30.2 - - [11/Apr/2022:02:18:26 -0700] "GET /wp-content/plugins/mini.php HTTP/1.1" 404 33289 "-" "Mozilla/5.0 (Windows NT 6.1; Win64; x64) AppleWebKit/537.36 (KHTML, like Gecko) Chrome/96.0.4664.110 Safari/537.36" 
134.209.30.2 - - [11/Apr/2022:02:18:32 -0700] "GET /wp-content/plugins/b374k.php HTTP/1.1" 404 33289 "-" "Mozilla/5.0 (Windows NT 6.1; Win64; x64) AppleWebKit/537.36 (KHTML, like Gecko) Chrome/96.0.4664.110 Safari/537.36" 
134.209.30.2 - - [11/Apr/2022:02:18:33 -0700] "GET /wp-content/plugins/sym.php HTTP/1.1" 404 33289 "-" "Mozilla/5.0 (Windows NT 6.1; Win64; x64) AppleWebKit/537.36 (KHTML, like Gecko) Chrome/96.0.4664.110 Safari/537.36" 
134.209.30.2 - - [11/Apr/2022:02:18:34 -0700] "GET /wp-content/plugins/sym403.php HTTP/1.1" 404 33289 "-" "Mozilla/5.0 (Windows NT 6.1; Win64; x64) AppleWebKit/537.36 (KHTML, like Gecko) Chrome/96.0.4664.110 Safari/537.36" 
134.209.30.2 - - [11/Apr/2022:02:18:36 -0700] "GET /wp-content/plugins/func.php HTTP/1.1" 404 33289 "-" "Mozilla/5.0 (Windows NT 6.1; Win64; x64) AppleWebKit/537.36 (KHTML, like Gecko) Chrome/96.0.4664.110 Safari/537.36" 
208.113.197.84 - - [11/Apr/2022:02:18:35 -0700] "POST /wp-cron.php?doing_wp_cron=1649668715.0882740020751953125000 HTTP/1.1" 200 258 "http://www.unstructureddatatips.com/wp-cron.php?doing_wp_cron=1649668715.0882740020751953125000" "WordPress/5.9.3; http://www.unstructureddatatips.com" 
134.209.30.2 - - [11/Apr/2022:02:18:37 -0700] "GET /wp-content/plugins/isko.php HTTP/1.1" 404 33289 "-" "Mozilla/5.0 (Windows NT 6.1; Win64; x64) AppleWebKit/537.36 (KHTML, like Gecko) Chrome/96.0.4664.110 Safari/537.36" 
134.209.30.2 - - [11/Apr/2022:02:18:48 -0700] "GET /wp-content/plugins/webadmin.php HTTP/1.1" 404 33289 "-" "Mozilla/5.0 (Windows NT 6.1; Win64; x64) AppleWebKit/537.36 (KHTML, like Gecko) Chrome/96.0.4664.110 Safari/537.36" 
134.209.30.2 - - [11/Apr/2022:02:18:49 -0700] "GET /wp-content/plugins/symlink.php HTTP/1.1" 404 33289 "-" "Mozilla/5.0 (Windows NT 6.1; Win64; x64) AppleWebKit/537.36 (KHTML, like Gecko) Chrome/96.0.4664.110 Safari/537.36" 
134.209.30.2 - - [11/Apr/2022:02:18:50 -0700] "GET /wp-content/plugins/bypass.php HTTP/1.1" 404 33289 "-" "Mozilla/5.0 (Windows NT 6.1; Win64; x64) AppleWebKit/537.36 (KHTML, like Gecko) Chrome/96.0.4664.110 Safari/537.36" 
134.209.30.2 - - [11/Apr/2022:02:18:51 -0700] "GET /wp-content/plugins/symlinkbypass.php HTTP/1.1" 404 33289 "-" "Mozilla/5.0 (Windows NT 6.1; Win64; x64) AppleWebKit/537.36 (KHTML, like Gecko) Chrome/96.0.4664.110 Safari/537.36" 
134.209.30.2 - - [11/Apr/2022:02:18:52 -0700] "GET /wp-content/plugins/byp4ss.php HTTP/1.1" 404 33289 "-" "Mozilla/5.0 (Windows NT 6.1; Win64; x64) AppleWebKit/537.36 (KHTML, like Gecko) Chrome/96.0.4664.110 Safari/537.36" 
134.209.30.2 - - [11/Apr/2022:02:18:53 -0700] "GET /wp-content/plugins/syml1nk.php HTTP/1.1" 404 33289 "-" "Mozilla/5.0 (Windows NT 6.1; Win64; x64) AppleWebKit/537.36 (KHTML, like Gecko) Chrome/96.0.4664.110 Safari/537.36" 
208.113.197.84 - - [11/Apr/2022:02:19:05 -0700] "POST /wp-cron.php?doing_wp_cron=1649668745.2509660720825195312500 HTTP/1.1" 200 258 "http://www.unstructureddatatips.com/wp-cron.php?doing_wp_cron=1649668745.2509660720825195312500" "WordPress/5.9.3; http://www.unstructureddatatips.com" 
134.209.30.2 - - [11/Apr/2022:02:19:04 -0700] "GET /wp-content/plugins/hack.php HTTP/1.1" 404 33289 "-" "Mozilla/5.0 (Windows NT 6.1; Win64; x64) AppleWebKit/537.36 (KHTML, like Gecko) Chrome/96.0.4664.110 Safari/537.36" 
134.209.30.2 - - [11/Apr/2022:02:19:06 -0700] "GET /wp-content/plugins/h4cked.php HTTP/1.1" 404 33289 "-" "Mozilla/5.0 (Windows NT 6.1; Win64; x64) AppleWebKit/537.36 (KHTML, like Gecko) Chrome/96.0.4664.110 Safari/537.36" 
134.209.30.2 - - [11/Apr/2022:02:19:07 -0700] "GET /wp-content/plugins/h4ck.php HTTP/1.1" 404 33289 "-" "Mozilla/5.0 (Windows NT 6.1; Win64; x64) AppleWebKit/537.36 (KHTML, like Gecko) Chrome/96.0.4664.110 Safari/537.36" 
134.209.30.2 - - [11/Apr/2022:02:19:07 -0700] "GET /wp-content/plugins/indoxploit.php HTTP/1.1" 404 33289 "-" "Mozilla/5.0 (Windows NT 6.1; Win64; x64) AppleWebKit/537.36 (KHTML, like Gecko) Chrome/96.0.4664.110 Safari/537.36" 
134.209.30.2 - - [11/Apr/2022:02:19:09 -0700] "GET /wp-content/plugins/filemanager.php HTTP/1.1" 404 33289 "-" "Mozilla/5.0 (Windows NT 6.1; Win64; x64) AppleWebKit/537.36 (KHTML, like Gecko) Chrome/96.0.4664.110 Safari/537.36" 
134.209.30.2 - - [11/Apr/2022:02:19:20 -0700] "GET /wp-content/plugins/webroot.php HTTP/1.1" 404 33289 "-" "Mozilla/5.0 (Windows NT 6.1; Win64; x64) AppleWebKit/537.36 (KHTML, like Gecko) Chrome/96.0.4664.110 Safari/537.36" 
134.209.30.2 - - [11/Apr/2022:02:19:25 -0700] "GET /wp-content/plugins/symbpass.php HTTP/1.1" 404 33289 "-" "Mozilla/5.0 (Windows NT 6.1; Win64; x64) AppleWebKit/537.36 (KHTML, like Gecko) Chrome/96.0.4664.110 Safari/537.36" 
134.209.30.2 - - [11/Apr/2022:02:19:26 -0700] "GET /wp-content/uploads/up.php HTTP/1.1" 404 33289 "-" "Mozilla/5.0 (Windows NT 6.1; Win64; x64) AppleWebKit/537.36 (KHTML, like Gecko) Chrome/96.0.4664.110 Safari/537.36" 
134.209.30.2 - - [11/Apr/2022:02:19:27 -0700] "GET /wp-content/uploads/uploader.php HTTP/1.1" 404 33289 "-" "Mozilla/5.0 (Windows NT 6.1; Win64; x64) AppleWebKit/537.36 (KHTML, like Gecko) Chrome/96.0.4664.110 Safari/537.36" 
134.209.30.2 - - [11/Apr/2022:02:19:28 -0700] "GET /wp-content/uploads/upload.php HTTP/1.1" 404 33289 "-" "Mozilla/5.0 (Windows NT 6.1; Win64; x64) AppleWebKit/537.36 (KHTML, like Gecko) Chrome/96.0.4664.110 Safari/537.36" 
93.240.113.11 - - [11/Apr/2022:02:19:29 -0700] "GET /wp-content/uploads/2022/03/tiers_pools_3.png HTTP/1.1" 200 176035 "http://www.unstructureddatatips.com/" "Mozilla/5.0 (Macintosh; Intel Mac OS X 10_15_7) AppleWebKit/605.1.15 (KHTML, like Gecko) Version/15.4 Safari/605.1.15" 
134.209.30.2 - - [11/Apr/2022:02:19:29 -0700] "GET /wp-content/uploads/bypass.php HTTP/1.1" 404 33289 "-" "Mozilla/5.0 (Windows NT 6.1; Win64; x64) AppleWebKit/537.36 (KHTML, like Gecko) Chrome/96.0.4664.110 Safari/537.36" 
93.240.113.11 - - [11/Apr/2022:02:19:41 -0700] "GET /wp-content/uploads/2022/02/antivirus_2.png HTTP/1.1" 200 13386 "http://www.unstructureddatatips.com/" "Mozilla/5.0 (Macintosh; Intel Mac OS X 10_15_7) AppleWebKit/605.1.15 (KHTML, like Gecko) Version/15.4 Safari/605.1.15" 
208.113.197.84 - - [11/Apr/2022:02:19:40 -0700] "POST /wp-cron.php?doing_wp_cron=1649668780.9566190242767333984375 HTTP/1.1" 200 258 "http://www.unstructureddatatips.com/wp-cron.php?doing_wp_cron=1649668780.9566190242767333984375" "WordPress/5.9.3; http://www.unstructureddatatips.com" 
134.209.30.2 - - [11/Apr/2022:02:19:40 -0700] "GET /wp-content/uploads/u.php HTTP/1.1" 404 33289 "-" "Mozilla/5.0 (Windows NT 6.1; Win64; x64) AppleWebKit/537.36 (KHTML, like Gecko) Chrome/96.0.4664.110 Safari/537.36" 
93.240.113.11 - - [11/Apr/2022:02:19:45 -0700] "GET /wp-content/uploads/2022/02/antivirus_3.png HTTP/1.1" 200 22316 "http://www.unstructureddatatips.com/" "Mozilla/5.0 (Macintosh; Intel Mac OS X 10_15_7) AppleWebKit/605.1.15 (KHTML, like Gecko) Version/15.4 Safari/605.1.15" 
93.240.113.11 - - [11/Apr/2022:02:19:46 -0700] "GET /wp-content/uploads/2022/02/antivirus_4.png HTTP/1.1" 200 15109 "http://www.unstructureddatatips.com/" "Mozilla/5.0 (Macintosh; Intel Mac OS X 10_15_7) AppleWebKit/605.1.15 (KHTML, like Gecko) Version/15.4 Safari/605.1.15" 
93.240.113.11 - - [11/Apr/2022:02:19:47 -0700] "GET /wp-content/uploads/2022/02/antivirus_5.png HTTP/1.1" 200 33673 "http://www.unstructureddatatips.com/" "Mozilla/5.0 (Macintosh; Intel Mac OS X 10_15_7) AppleWebKit/605.1.15 (KHTML, like Gecko) Version/15.4 Safari/605.1.15" 
134.209.30.2 - - [11/Apr/2022:02:19:46 -0700] "GET /wp-content/uploads/wso.php HTTP/1.1" 404 33289 "-" "Mozilla/5.0 (Windows NT 6.1; Win64; x64) AppleWebKit/537.36 (KHTML, like Gecko) Chrome/96.0.4664.110 Safari/537.36" 
134.209.30.2 - - [11/Apr/2022:02:19:52 -0700] "GET /wp-content/uploads/wsoshell.php HTTP/1.1" 404 33289 "-" "Mozilla/5.0 (Windows NT 6.1; Win64; x64) AppleWebKit/537.36 (KHTML, like Gecko) Chrome/96.0.4664.110 Safari/537.36" 
134.209.30.2 - - [11/Apr/2022:02:19:53 -0700] "GET /wp-content/uploads/alfa.php HTTP/1.1" 404 33289 "-" "Mozilla/5.0 (Windows NT 6.1; Win64; x64) AppleWebKit/537.36 (KHTML, like Gecko) Chrome/96.0.4664.110 Safari/537.36" 
134.209.30.2 - - [11/Apr/2022:02:19:54 -0700] "GET /wp-content/uploads/x.php HTTP/1.1" 404 33289 "-" "Mozilla/5.0 (Windows NT 6.1; Win64; x64) AppleWebKit/537.36 (KHTML, like Gecko) Chrome/96.0.4664.110 Safari/537.36" 
134.209.30.2 - - [11/Apr/2022:02:19:55 -0700] "GET /wp-content/uploads/xx.php HTTP/1.1" 404 33289 "-" "Mozilla/5.0 (Windows NT 6.1; Win64; x64) AppleWebKit/537.36 (KHTML, like Gecko) Chrome/96.0.4664.110 Safari/537.36" 
134.209.30.2 - - [11/Apr/2022:02:19:56 -0700] "GET /wp-content/uploads/xxx.php HTTP/1.1" 404 33289 "-" "Mozilla/5.0 (Windows NT 6.1; Win64; x64) AppleWebKit/537.36 (KHTML, like Gecko) Chrome/96.0.4664.110 Safari/537.36" 
93.240.113.11 - - [11/Apr/2022:02:20:02 -0700] "GET /wp-content/uploads/2022/02/smartlock_2-768x586.png HTTP/1.1" 200 82800 "http://www.unstructureddatatips.com/" "Mozilla/5.0 (Macintosh; Intel Mac OS X 10_15_7) AppleWebKit/605.1.15 (KHTML, like Gecko) Version/15.4 Safari/605.1.15" 
93.240.113.11 - - [11/Apr/2022:02:20:05 -0700] "GET /wp-content/uploads/2022/02/smartlock_3.png HTTP/1.1" 200 16397 "http://www.unstructureddatatips.com/" "Mozilla/5.0 (Macintosh; Intel Mac OS X 10_15_7) AppleWebKit/605.1.15 (KHTML, like Gecko) Version/15.4 Safari/605.1.15" 
134.209.30.2 - - [11/Apr/2022:02:20:18 -0700] "GET /wp-content/uploads/a.php HTTP/1.1" 404 33289 "-" "Mozilla/5.0 (Windows NT 6.1; Win64; x64) AppleWebKit/537.36 (KHTML, like Gecko) Chrome/96.0.4664.110 Safari/537.36" 
134.209.30.2 - - [11/Apr/2022:02:20:19 -0700] "GET /wp-content/uploads/b.php HTTP/1.1" 404 33289 "-" "Mozilla/5.0 (Windows NT 6.1; Win64; x64) AppleWebKit/537.36 (KHTML, like Gecko) Chrome/96.0.4664.110 Safari/537.36" 
89.187.185.49 - - [11/Apr/2022:02:20:21 -0700] "GET /configuring-onefs-synciq-encryption/ HTTP/1.1" 200 11145 "http://www.unstructureddatatips.com" "Mozilla/5.0 (Windows NT 10.0; Win64; x64) AppleWebKit/537.36 (KHTML, like Gecko) Chrome/62.0.3202.94 Safari/537.36" 
134.209.30.2 - - [11/Apr/2022:02:20:20 -0700] "GET /wp-content/uploads/c.php HTTP/1.1" 404 33289 "-" "Mozilla/5.0 (Windows NT 6.1; Win64; x64) AppleWebKit/537.36 (KHTML, like Gecko) Chrome/96.0.4664.110 Safari/537.36" 
134.209.30.2 - - [11/Apr/2022:02:20:22 -0700] "GET /wp-content/uploads/s.php HTTP/1.1" 404 33289 "-" "Mozilla/5.0 (Windows NT 6.1; Win64; x64) AppleWebKit/537.36 (KHTML, like Gecko) Chrome/96.0.4664.110 Safari/537.36" 
89.187.185.49 - - [11/Apr/2022:02:20:24 -0700] "POST /wp-comments-post.php HTTP/1.1" 302 908 "http://www.unstructureddatatips.com" "Mozilla/5.0 (Windows NT 10.0; Win64; x64) AppleWebKit/537.36 (KHTML, like Gecko) Chrome/62.0.3202.94 Safari/537.36" 
89.187.185.49 - - [11/Apr/2022:02:20:27 -0700] "GET /configuring-onefs-synciq-encryption/ HTTP/1.1" 200 11194 "http://www.unstructureddatatips.com" "Mozilla/4.0 (compatible; MSIE 6.0; Windows NT 5.1; en) Opera 8.50" 
134.209.30.2 - - [11/Apr/2022:02:20:38 -0700] "GET /wp-content/uploads/alfashell.php HTTP/1.1" 404 33289 "-" "Mozilla/5.0 (Windows NT 6.1; Win64; x64) AppleWebKit/537.36 (KHTML, like Gecko) Chrome/96.0.4664.110 Safari/537.36" 
208.113.197.84 - - [11/Apr/2022:02:20:39 -0700] "POST /wp-cron.php?doing_wp_cron=1649668839.2513799667358398437500 HTTP/1.1" 200 258 "http://www.unstructureddatatips.com/wp-cron.php?doing_wp_cron=1649668839.2513799667358398437500" "WordPress/5.9.3; http://www.unstructureddatatips.com" 
134.209.30.2 - - [11/Apr/2022:02:20:40 -0700] "GET /wp-content/uploads/alf4.php HTTP/1.1" 404 33289 "-" "Mozilla/5.0 (Windows NT 6.1; Win64; x64) AppleWebKit/537.36 (KHTML, like Gecko) Chrome/96.0.4664.110 Safari/537.36" 
134.209.30.2 - - [11/Apr/2022:02:20:42 -0700] "GET /wp-content/uploads/r57.php HTTP/1.1" 404 33289 "-" "Mozilla/5.0 (Windows NT 6.1; Win64; x64) AppleWebKit/537.36 (KHTML, like Gecko) Chrome/96.0.4664.110 Safari/537.36" 
134.209.30.2 - - [11/Apr/2022:02:20:43 -0700] "GET /wp-content/uploads/c99.php HTTP/1.1" 404 33289 "-" "Mozilla/5.0 (Windows NT 6.1; Win64; x64) AppleWebKit/537.36 (KHTML, like Gecko) Chrome/96.0.4664.110 Safari/537.36" 
134.209.30.2 - - [11/Apr/2022:02:20:44 -0700] "GET /wp-content/uploads/shell.php HTTP/1.1" 404 33289 "-" "Mozilla/5.0 (Windows NT 6.1; Win64; x64) AppleWebKit/537.36 (KHTML, like Gecko) Chrome/96.0.4664.110 Safari/537.36" 
134.209.30.2 - - [11/Apr/2022:02:20:50 -0700] "GET /wp-content/uploads/vuln.php HTTP/1.1" 404 33289 "-" "Mozilla/5.0 (Windows NT 6.1; Win64; x64) AppleWebKit/537.36 (KHTML, like Gecko) Chrome/96.0.4664.110 Safari/537.36" 
134.209.30.2 - - [11/Apr/2022:02:20:56 -0700] "GET /wp-content/uploads/exp.php HTTP/1.1" 404 33289 "-" "Mozilla/5.0 (Windows NT 6.1; Win64; x64) AppleWebKit/537.36 (KHTML, like Gecko) Chrome/96.0.4664.110 Safari/537.36" 
134.209.30.2 - - [11/Apr/2022:02:20:58 -0700] "GET /wp-content/uploads/mini.php HTTP/1.1" 404 33289 "-" "Mozilla/5.0 (Windows NT 6.1; Win64; x64) AppleWebKit/537.36 (KHTML, like Gecko) Chrome/96.0.4664.110 Safari/537.36" 
134.209.30.2 - - [11/Apr/2022:02:21:03 -0700] "GET /wp-content/uploads/b374k.php HTTP/1.1" 404 33289 "-" "Mozilla/5.0 (Windows NT 6.1; Win64; x64) AppleWebKit/537.36 (KHTML, like Gecko) Chrome/96.0.4664.110 Safari/537.36" 
134.209.30.2 - - [11/Apr/2022:02:21:04 -0700] "GET /wp-content/uploads/sym.php HTTP/1.1" 404 33289 "-" "Mozilla/5.0 (Windows NT 6.1; Win64; x64) AppleWebKit/537.36 (KHTML, like Gecko) Chrome/96.0.4664.110 Safari/537.36" 
134.209.30.2 - - [11/Apr/2022:02:21:05 -0700] "GET /wp-content/uploads/sym403.php HTTP/1.1" 404 33289 "-" "Mozilla/5.0 (Windows NT 6.1; Win64; x64) AppleWebKit/537.36 (KHTML, like Gecko) Chrome/96.0.4664.110 Safari/537.36" 
134.209.30.2 - - [11/Apr/2022:02:21:06 -0700] "GET /wp-content/uploads/func.php HTTP/1.1" 404 33289 "-" "Mozilla/5.0 (Windows NT 6.1; Win64; x64) AppleWebKit/537.36 (KHTML, like Gecko) Chrome/96.0.4664.110 Safari/537.36" 
134.209.30.2 - - [11/Apr/2022:02:21:07 -0700] "GET /wp-content/uploads/isko.php HTTP/1.1" 404 33289 "-" "Mozilla/5.0 (Windows NT 6.1; Win64; x64) AppleWebKit/537.36 (KHTML, like Gecko) Chrome/96.0.4664.110 Safari/537.36" 
134.209.30.2 - - [11/Apr/2022:02:21:09 -0700] "GET /wp-content/uploads/webadmin.php HTTP/1.1" 404 33289 "-" "Mozilla/5.0 (Windows NT 6.1; Win64; x64) AppleWebKit/537.36 (KHTML, like Gecko) Chrome/96.0.4664.110 Safari/537.36" 
134.209.30.2 - - [11/Apr/2022:02:21:10 -0700] "GET /wp-content/uploads/symlink.php HTTP/1.1" 404 33289 "-" "Mozilla/5.0 (Windows NT 6.1; Win64; x64) AppleWebKit/537.36 (KHTML, like Gecko) Chrome/96.0.4664.110 Safari/537.36" 
49.7.21.95 - - [11/Apr/2022:02:21:09 -0700] "GET / HTTP/1.1" 200 44792 "-" "Sogou web spider/4.0(+http://www.sogou.com/docs/help/webmasters.htm#07)" 
134.209.30.2 - - [11/Apr/2022:02:21:11 -0700] "GET /wp-content/uploads/bypass.php HTTP/1.1" 404 33289 "-" "Mozilla/5.0 (Windows NT 6.1; Win64; x64) AppleWebKit/537.36 (KHTML, like Gecko) Chrome/96.0.4664.110 Safari/537.36" 
134.209.30.2 - - [11/Apr/2022:02:21:12 -0700] "GET /wp-content/uploads/symlinkbypass.php HTTP/1.1" 404 33289 "-" "Mozilla/5.0 (Windows NT 6.1; Win64; x64) AppleWebKit/537.36 (KHTML, like Gecko) Chrome/96.0.4664.110 Safari/537.36" 
134.209.30.2 - - [11/Apr/2022:02:21:18 -0700] "GET /wp-content/uploads/byp4ss.php HTTP/1.1" 404 33289 "-" "Mozilla/5.0 (Windows NT 6.1; Win64; x64) AppleWebKit/537.36 (KHTML, like Gecko) Chrome/96.0.4664.110 Safari/537.36" 
134.209.30.2 - - [11/Apr/2022:02:21:25 -0700] "GET /wp-content/uploads/syml1nk.php HTTP/1.1" 404 33289 "-" "Mozilla/5.0 (Windows NT 6.1; Win64; x64) AppleWebKit/537.36 (KHTML, like Gecko) Chrome/96.0.4664.110 Safari/537.36" 
134.209.30.2 - - [11/Apr/2022:02:21:25 -0700] "GET /wp-content/uploads/hack.php HTTP/1.1" 404 33289 "-" "Mozilla/5.0 (Windows NT 6.1; Win64; x64) AppleWebKit/537.36 (KHTML, like Gecko) Chrome/96.0.4664.110 Safari/537.36" 
134.209.30.2 - - [11/Apr/2022:02:21:26 -0700] "GET /wp-content/uploads/h4cked.php HTTP/1.1" 404 33289 "-" "Mozilla/5.0 (Windows NT 6.1; Win64; x64) AppleWebKit/537.36 (KHTML, like Gecko) Chrome/96.0.4664.110 Safari/537.36" 
134.209.30.2 - - [11/Apr/2022:02:21:28 -0700] "GET /wp-content/uploads/h4ck.php HTTP/1.1" 404 33289 "-" "Mozilla/5.0 (Windows NT 6.1; Win64; x64) AppleWebKit/537.36 (KHTML, like Gecko) Chrome/96.0.4664.110 Safari/537.36" 
134.209.30.2 - - [11/Apr/2022:02:21:29 -0700] "GET /wp-content/uploads/indoxploit.php HTTP/1.1" 404 33289 "-" "Mozilla/5.0 (Windows NT 6.1; Win64; x64) AppleWebKit/537.36 (KHTML, like Gecko) Chrome/96.0.4664.110 Safari/537.36" 
134.209.30.2 - - [11/Apr/2022:02:21:30 -0700] "GET /wp-content/uploads/filemanager.php HTTP/1.1" 404 33289 "-" "Mozilla/5.0 (Windows NT 6.1; Win64; x64) AppleWebKit/537.36 (KHTML, like Gecko) Chrome/96.0.4664.110 Safari/537.36" 
134.209.30.2 - - [11/Apr/2022:02:21:31 -0700] "GET /wp-content/uploads/webroot.php HTTP/1.1" 404 33289 "-" "Mozilla/5.0 (Windows NT 6.1; Win64; x64) AppleWebKit/537.36 (KHTML, like Gecko) Chrome/96.0.4664.110 Safari/537.36" 
134.209.30.2 - - [11/Apr/2022:02:21:32 -0700] "GET /wp-content/uploads/symbpass.php HTTP/1.1" 404 33289 "-" "Mozilla/5.0 (Windows NT 6.1; Win64; x64) AppleWebKit/537.36 (KHTML, like Gecko) Chrome/96.0.4664.110 Safari/537.36" 
208.113.197.84 - - [11/Apr/2022:02:21:34 -0700] "POST /wp-cron.php?doing_wp_cron=1649668894.0191090106964111328125 HTTP/1.1" 200 258 "http://www.unstructureddatatips.com/wp-cron.php?doing_wp_cron=1649668894.0191090106964111328125" "WordPress/5.9.3; http://www.unstructureddatatips.com" 
134.209.30.2 - - [11/Apr/2022:02:21:33 -0700] "GET /wp-content/themes/up.php HTTP/1.1" 404 33289 "-" "Mozilla/5.0 (Windows NT 6.1; Win64; x64) AppleWebKit/537.36 (KHTML, like Gecko) Chrome/96.0.4664.110 Safari/537.36" 
134.209.30.2 - - [11/Apr/2022:02:21:40 -0700] "GET /wp-content/themes/uploader.php HTTP/1.1" 404 33289 "-" "Mozilla/5.0 (Windows NT 6.1; Win64; x64) AppleWebKit/537.36 (KHTML, like Gecko) Chrome/96.0.4664.110 Safari/537.36" 
134.209.30.2 - - [11/Apr/2022:02:21:42 -0700] "GET /wp-content/themes/upload.php HTTP/1.1" 404 33289 "-" "Mozilla/5.0 (Windows NT 6.1; Win64; x64) AppleWebKit/537.36 (KHTML, like Gecko) Chrome/96.0.4664.110 Safari/537.36" 
134.209.30.2 - - [11/Apr/2022:02:21:43 -0700] "GET /wp-content/themes/bypass.php HTTP/1.1" 404 33289 "-" "Mozilla/5.0 (Windows NT 6.1; Win64; x64) AppleWebKit/537.36 (KHTML, like Gecko) Chrome/96.0.4664.110 Safari/537.36" 
134.209.30.2 - - [11/Apr/2022:02:21:44 -0700] "GET /wp-content/themes/u.php HTTP/1.1" 404 33289 "-" "Mozilla/5.0 (Windows NT 6.1; Win64; x64) AppleWebKit/537.36 (KHTML, like Gecko) Chrome/96.0.4664.110 Safari/537.36" 
134.209.30.2 - - [11/Apr/2022:02:21:50 -0700] "GET /wp-content/themes/wso.php HTTP/1.1" 404 33289 "-" "Mozilla/5.0 (Windows NT 6.1; Win64; x64) AppleWebKit/537.36 (KHTML, like Gecko) Chrome/96.0.4664.110 Safari/537.36" 
134.209.30.2 - - [11/Apr/2022:02:21:52 -0700] "GET /wp-content/themes/wsoshell.php HTTP/1.1" 404 33289 "-" "Mozilla/5.0 (Windows NT 6.1; Win64; x64) AppleWebKit/537.36 (KHTML, like Gecko) Chrome/96.0.4664.110 Safari/537.36" 
134.209.30.2 - - [11/Apr/2022:02:21:58 -0700] "GET /wp-content/themes/alfa.php HTTP/1.1" 404 33289 "-" "Mozilla/5.0 (Windows NT 6.1; Win64; x64) AppleWebKit/537.36 (KHTML, like Gecko) Chrome/96.0.4664.110 Safari/537.36" 
134.209.30.2 - - [11/Apr/2022:02:21:58 -0700] "GET /wp-content/themes/x.php HTTP/1.1" 404 33289 "-" "Mozilla/5.0 (Windows NT 6.1; Win64; x64) AppleWebKit/537.36 (KHTML, like Gecko) Chrome/96.0.4664.110 Safari/537.36" 
134.209.30.2 - - [11/Apr/2022:02:21:59 -0700] "GET /wp-content/themes/xx.php HTTP/1.1" 404 33289 "-" "Mozilla/5.0 (Windows NT 6.1; Win64; x64) AppleWebKit/537.36 (KHTML, like Gecko) Chrome/96.0.4664.110 Safari/537.36" 
134.209.30.2 - - [11/Apr/2022:02:22:00 -0700] "GET /wp-content/themes/xxx.php HTTP/1.1" 404 33289 "-" "Mozilla/5.0 (Windows NT 6.1; Win64; x64) AppleWebKit/537.36 (KHTML, like Gecko) Chrome/96.0.4664.110 Safari/537.36" 
134.209.30.2 - - [11/Apr/2022:02:22:11 -0700] "GET /wp-content/themes/abc.php HTTP/1.1" 404 33289 "-" "Mozilla/5.0 (Windows NT 6.1; Win64; x64) AppleWebKit/537.36 (KHTML, like Gecko) Chrome/96.0.4664.110 Safari/537.36" 
134.209.30.2 - - [11/Apr/2022:02:22:12 -0700] "GET /wp-content/themes/a.php HTTP/1.1" 404 33289 "-" "Mozilla/5.0 (Windows NT 6.1; Win64; x64) AppleWebKit/537.36 (KHTML, like Gecko) Chrome/96.0.4664.110 Safari/537.36" 
134.209.30.2 - - [11/Apr/2022:02:22:14 -0700] "GET /wp-content/themes/b.php HTTP/1.1" 404 33289 "-" "Mozilla/5.0 (Windows NT 6.1; Win64; x64) AppleWebKit/537.36 (KHTML, like Gecko) Chrome/96.0.4664.110 Safari/537.36" 
134.209.30.2 - - [11/Apr/2022:02:22:15 -0700] "GET /wp-content/themes/c.php HTTP/1.1" 404 33289 "-" "Mozilla/5.0 (Windows NT 6.1; Win64; x64) AppleWebKit/537.36 (KHTML, like Gecko) Chrome/96.0.4664.110 Safari/537.36" 
134.209.30.2 - - [11/Apr/2022:02:22:21 -0700] "GET /wp-content/themes/s.php HTTP/1.1" 404 33289 "-" "Mozilla/5.0 (Windows NT 6.1; Win64; x64) AppleWebKit/537.36 (KHTML, like Gecko) Chrome/96.0.4664.110 Safari/537.36" 
134.209.30.2 - - [11/Apr/2022:02:22:27 -0700] "GET /wp-content/themes/alfashell.php HTTP/1.1" 404 33289 "-" "Mozilla/5.0 (Windows NT 6.1; Win64; x64) AppleWebKit/537.36 (KHTML, like Gecko) Chrome/96.0.4664.110 Safari/537.36" 
8.29.198.25 - - [11/Apr/2022:02:22:32 -0700] "GET /feed/ HTTP/1.1" 200 38359 "-" "Feedly/1.0 (+http://www.feedly.com/fetcher.html; 8 subscribers; like FeedFetcher-Google)" 
208.113.197.84 - - [11/Apr/2022:02:22:34 -0700] "POST /wp-cron.php?doing_wp_cron=1649668954.0635631084442138671875 HTTP/1.1" 200 258 "http://www.unstructureddatatips.com/wp-cron.php?doing_wp_cron=1649668954.0635631084442138671875" "WordPress/5.9.3; http://www.unstructureddatatips.com" 
134.209.30.2 - - [11/Apr/2022:02:22:33 -0700] "GET /wp-content/themes/alf4.php HTTP/1.1" 404 33289 "-" "Mozilla/5.0 (Windows NT 6.1; Win64; x64) AppleWebKit/537.36 (KHTML, like Gecko) Chrome/96.0.4664.110 Safari/537.36" 
134.209.30.2 - - [11/Apr/2022:02:22:35 -0700] "GET /wp-content/themes/r57.php HTTP/1.1" 404 33289 "-" "Mozilla/5.0 (Windows NT 6.1; Win64; x64) AppleWebKit/537.36 (KHTML, like Gecko) Chrome/96.0.4664.110 Safari/537.36" 
134.209.30.2 - - [11/Apr/2022:02:22:36 -0700] "GET /wp-content/themes/c99.php HTTP/1.1" 404 33289 "-" "Mozilla/5.0 (Windows NT 6.1; Win64; x64) AppleWebKit/537.36 (KHTML, like Gecko) Chrome/96.0.4664.110 Safari/537.36" 
134.209.30.2 - - [11/Apr/2022:02:22:37 -0700] "GET /wp-content/themes/shell.php HTTP/1.1" 404 33289 "-" "Mozilla/5.0 (Windows NT 6.1; Win64; x64) AppleWebKit/537.36 (KHTML, like Gecko) Chrome/96.0.4664.110 Safari/537.36" 
192.0.91.22 - - [11/Apr/2022:02:22:38 -0700] "GET /feed/ HTTP/1.1" 200 38352 "-" "wp.com feedbot/1.0 (+https://wp.com;subscribers=1;feed-id=101267370)" 
134.209.30.2 - - [11/Apr/2022:02:22:43 -0700] "GET /wp-content/themes/vuln.php HTTP/1.1" 404 33289 "-" "Mozilla/5.0 (Windows NT 6.1; Win64; x64) AppleWebKit/537.36 (KHTML, like Gecko) Chrome/96.0.4664.110 Safari/537.36" 
134.209.30.2 - - [11/Apr/2022:02:22:49 -0700] "GET /wp-content/themes/exp.php HTTP/1.1" 404 33289 "-" "Mozilla/5.0 (Windows NT 6.1; Win64; x64) AppleWebKit/537.36 (KHTML, like Gecko) Chrome/96.0.4664.110 Safari/537.36" 
134.209.30.2 - - [11/Apr/2022:02:22:50 -0700] "GET /wp-content/themes/mini.php HTTP/1.1" 404 33289 "-" "Mozilla/5.0 (Windows NT 6.1; Win64; x64) AppleWebKit/537.36 (KHTML, like Gecko) Chrome/96.0.4664.110 Safari/537.36" 
192.0.91.22 - - [11/Apr/2022:02:22:51 -0700] "GET /feed HTTP/1.1" 301 446 "-" "wp.com feedbot/1.0 (+https://wp.com;subscribers=1;feed-id=101267370)" 
134.209.30.2 - - [11/Apr/2022:02:22:51 -0700] "GET /wp-content/themes/b374k.php HTTP/1.1" 404 33289 "-" "Mozilla/5.0 (Windows NT 6.1; Win64; x64) AppleWebKit/537.36 (KHTML, like Gecko) Chrome/96.0.4664.110 Safari/537.36" 
192.0.91.22 - - [11/Apr/2022:02:22:51 -0700] "GET /feed/ HTTP/1.1" 200 38318 "-" "wp.com feedbot/1.0 (+https://wp.com;subscribers=1;feed-id=101267370)" 
134.209.30.2 - - [11/Apr/2022:02:22:52 -0700] "GET /wp-content/themes/sym.php HTTP/1.1" 404 33289 "-" "Mozilla/5.0 (Windows NT 6.1; Win64; x64) AppleWebKit/537.36 (KHTML, like Gecko) Chrome/96.0.4664.110 Safari/537.36" 
134.209.30.2 - - [11/Apr/2022:02:22:53 -0700] "GET /wp-content/themes/sym403.php HTTP/1.1" 404 33289 "-" "Mozilla/5.0 (Windows NT 6.1; Win64; x64) AppleWebKit/537.36 (KHTML, like Gecko) Chrome/96.0.4664.110 Safari/537.36" 
134.209.30.2 - - [11/Apr/2022:02:22:54 -0700] "GET /wp-content/themes/func.php HTTP/1.1" 404 33289 "-" "Mozilla/5.0 (Windows NT 6.1; Win64; x64) AppleWebKit/537.36 (KHTML, like Gecko) Chrome/96.0.4664.110 Safari/537.36" 
134.209.30.2 - - [11/Apr/2022:02:23:05 -0700] "GET /wp-content/themes/isko.php HTTP/1.1" 404 33289 "-" "Mozilla/5.0 (Windows NT 6.1; Win64; x64) AppleWebKit/537.36 (KHTML, like Gecko) Chrome/96.0.4664.110 Safari/537.36" 
134.209.30.2 - - [11/Apr/2022:02:23:10 -0700] "GET /wp-content/themes/webadmin.php HTTP/1.1" 404 33289 "-" "Mozilla/5.0 (Windows NT 6.1; Win64; x64) AppleWebKit/537.36 (KHTML, like Gecko) Chrome/96.0.4664.110 Safari/537.36" 
134.209.30.2 - - [11/Apr/2022:02:23:16 -0700] "GET /wp-content/themes/symlink.php HTTP/1.1" 404 33289 "-" "Mozilla/5.0 (Windows NT 6.1; Win64; x64) AppleWebKit/537.36 (KHTML, like Gecko) Chrome/96.0.4664.110 Safari/537.36" 
134.209.30.2 - - [11/Apr/2022:02:23:18 -0700] "GET /wp-content/themes/bypass.php HTTP/1.1" 404 33289 "-" "Mozilla/5.0 (Windows NT 6.1; Win64; x64) AppleWebKit/537.36 (KHTML, like Gecko) Chrome/96.0.4664.110 Safari/537.36" 
134.209.30.2 - - [11/Apr/2022:02:23:19 -0700] "GET /wp-content/themes/symlinkbypass.php HTTP/1.1" 404 33289 "-" "Mozilla/5.0 (Windows NT 6.1; Win64; x64) AppleWebKit/537.36 (KHTML, like Gecko) Chrome/96.0.4664.110 Safari/537.36" 
134.209.30.2 - - [11/Apr/2022:02:23:20 -0700] "GET /wp-content/themes/byp4ss.php HTTP/1.1" 404 33289 "-" "Mozilla/5.0 (Windows NT 6.1; Win64; x64) AppleWebKit/537.36 (KHTML, like Gecko) Chrome/96.0.4664.110 Safari/537.36" 
134.209.30.2 - - [11/Apr/2022:02:23:21 -0700] "GET /wp-content/themes/syml1nk.php HTTP/1.1" 404 33289 "-" "Mozilla/5.0 (Windows NT 6.1; Win64; x64) AppleWebKit/537.36 (KHTML, like Gecko) Chrome/96.0.4664.110 Safari/537.36" 
134.209.30.2 - - [11/Apr/2022:02:23:22 -0700] "GET /wp-content/themes/hack.php HTTP/1.1" 404 33289 "-" "Mozilla/5.0 (Windows NT 6.1; Win64; x64) AppleWebKit/537.36 (KHTML, like Gecko) Chrome/96.0.4664.110 Safari/537.36" 
134.209.30.2 - - [11/Apr/2022:02:23:24 -0700] "GET /wp-content/themes/h4cked.php HTTP/1.1" 404 33289 "-" "Mozilla/5.0 (Windows NT 6.1; Win64; x64) AppleWebKit/537.36 (KHTML, like Gecko) Chrome/96.0.4664.110 Safari/537.36" 
134.209.30.2 - - [11/Apr/2022:02:23:25 -0700] "GET /wp-content/themes/h4ck.php HTTP/1.1" 404 33289 "-" "Mozilla/5.0 (Windows NT 6.1; Win64; x64) AppleWebKit/537.36 (KHTML, like Gecko) Chrome/96.0.4664.110 Safari/537.36" 
134.209.30.2 - - [11/Apr/2022:02:23:31 -0700] "GET /wp-content/themes/indoxploit.php HTTP/1.1" 404 33289 "-" "Mozilla/5.0 (Windows NT 6.1; Win64; x64) AppleWebKit/537.36 (KHTML, like Gecko) Chrome/96.0.4664.110 Safari/537.36" 
134.209.30.2 - - [11/Apr/2022:02:23:37 -0700] "GET /wp-content/themes/filemanager.php HTTP/1.1" 404 33289 "-" "Mozilla/5.0 (Windows NT 6.1; Win64; x64) AppleWebKit/537.36 (KHTML, like Gecko) Chrome/96.0.4664.110 Safari/537.36" 
208.113.197.84 - - [11/Apr/2022:02:23:38 -0700] "POST /wp-cron.php?doing_wp_cron=1649669018.0442819595336914062500 HTTP/1.1" 200 258 "http://www.unstructureddatatips.com/wp-cron.php?doing_wp_cron=1649669018.0442819595336914062500" "WordPress/5.9.3; http://www.unstructureddatatips.com" 
134.209.30.2 - - [11/Apr/2022:02:23:39 -0700] "GET /wp-content/themes/webroot.php HTTP/1.1" 404 33289 "-" "Mozilla/5.0 (Windows NT 6.1; Win64; x64) AppleWebKit/537.36 (KHTML, like Gecko) Chrome/96.0.4664.110 Safari/537.36" 
134.209.30.2 - - [11/Apr/2022:02:23:41 -0700] "GET /wp-content/themes/symbpass.php HTTP/1.1" 404 33289 "-" "Mozilla/5.0 (Windows NT 6.1; Win64; x64) AppleWebKit/537.36 (KHTML, like Gecko) Chrome/96.0.4664.110 Safari/537.36" 
134.209.30.2 - - [11/Apr/2022:02:23:42 -0700] "GET /wp-content/themes/twentytwentyone/404.php HTTP/1.1" 500 209 "-" "Mozilla/5.0 (Windows NT 6.1; Win64; x64) AppleWebKit/537.36 (KHTML, like Gecko) Chrome/96.0.4664.110 Safari/537.36" 
134.209.30.2 - - [11/Apr/2022:02:23:43 -0700] "GET /wp-content/themes/twentytwentyone/page.php HTTP/1.1" 500 209 "-" "Mozilla/5.0 (Windows NT 6.1; Win64; x64) AppleWebKit/537.36 (KHTML, like Gecko) Chrome/96.0.4664.110 Safari/537.36" 
134.209.30.2 - - [11/Apr/2022:02:23:49 -0700] "GET /wp-content/themes/twentytwentyone/up.php HTTP/1.1" 404 33289 "-" "Mozilla/5.0 (Windows NT 6.1; Win64; x64) AppleWebKit/537.36 (KHTML, like Gecko) Chrome/96.0.4664.110 Safari/537.36" 
134.209.30.2 - - [11/Apr/2022:02:23:50 -0700] "GET /wp-content/themes/twentytwentyone/uploader.php HTTP/1.1" 404 33289 "-" "Mozilla/5.0 (Windows NT 6.1; Win64; x64) AppleWebKit/537.36 (KHTML, like Gecko) Chrome/96.0.4664.110 Safari/537.36" 
134.209.30.2 - - [11/Apr/2022:02:23:51 -0700] "GET /wp-content/themes/twentytwentyone/upload.php HTTP/1.1" 404 33289 "-" "Mozilla/5.0 (Windows NT 6.1; Win64; x64) AppleWebKit/537.36 (KHTML, like Gecko) Chrome/96.0.4664.110 Safari/537.36" 
134.209.30.2 - - [11/Apr/2022:02:23:52 -0700] "GET /wp-content/themes/twentytwentyone/bypass.php HTTP/1.1" 404 33289 "-" "Mozilla/5.0 (Windows NT 6.1; Win64; x64) AppleWebKit/537.36 (KHTML, like Gecko) Chrome/96.0.4664.110 Safari/537.36" 
134.209.30.2 - - [11/Apr/2022:02:23:58 -0700] "GET /wp-content/themes/twentytwentyone/u.php HTTP/1.1" 404 33289 "-" "Mozilla/5.0 (Windows NT 6.1; Win64; x64) AppleWebKit/537.36 (KHTML, like Gecko) Chrome/96.0.4664.110 Safari/537.36" 
134.209.30.2 - - [11/Apr/2022:02:24:00 -0700] "GET /wp-content/themes/twentytwentyone/wso.php HTTP/1.1" 404 33289 "-" "Mozilla/5.0 (Windows NT 6.1; Win64; x64) AppleWebKit/537.36 (KHTML, like Gecko) Chrome/96.0.4664.110 Safari/537.36" 
134.209.30.2 - - [11/Apr/2022:02:24:01 -0700] "GET /wp-content/themes/twentytwentyone/wsoshell.php HTTP/1.1" 404 33289 "-" "Mozilla/5.0 (Windows NT 6.1; Win64; x64) AppleWebKit/537.36 (KHTML, like Gecko) Chrome/96.0.4664.110 Safari/537.36" 
134.209.30.2 - - [11/Apr/2022:02:24:02 -0700] "GET /wp-content/themes/twentytwentyone/alfa.php HTTP/1.1" 404 33289 "-" "Mozilla/5.0 (Windows NT 6.1; Win64; x64) AppleWebKit/537.36 (KHTML, like Gecko) Chrome/96.0.4664.110 Safari/537.36" 
134.209.30.2 - - [11/Apr/2022:02:24:04 -0700] "GET /wp-content/themes/twentytwentyone/x.php HTTP/1.1" 404 33289 "-" "Mozilla/5.0 (Windows NT 6.1; Win64; x64) AppleWebKit/537.36 (KHTML, like Gecko) Chrome/96.0.4664.110 Safari/537.36" 
208.113.197.84 - - [11/Apr/2022:02:24:05 -0700] "POST /wp-cron.php?doing_wp_cron=1649669045.4180250167846679687500 HTTP/1.1" 200 258 "http://www.unstructureddatatips.com/wp-cron.php?doing_wp_cron=1649669045.4180250167846679687500" "WordPress/5.9.3; http://www.unstructureddatatips.com" 
134.209.30.2 - - [11/Apr/2022:02:24:05 -0700] "GET /wp-content/themes/twentytwentyone/xx.php HTTP/1.1" 404 33289 "-" "Mozilla/5.0 (Windows NT 6.1; Win64; x64) AppleWebKit/537.36 (KHTML, like Gecko) Chrome/96.0.4664.110 Safari/537.36" 
134.209.30.2 - - [11/Apr/2022:02:24:07 -0700] "GET /wp-content/themes/twentytwentyone/xxx.php HTTP/1.1" 404 33289 "-" "Mozilla/5.0 (Windows NT 6.1; Win64; x64) AppleWebKit/537.36 (KHTML, like Gecko) Chrome/96.0.4664.110 Safari/537.36" 
134.209.30.2 - - [11/Apr/2022:02:24:08 -0700] "GET /wp-content/themes/twentytwentyone/abc.php HTTP/1.1" 404 33289 "-" "Mozilla/5.0 (Windows NT 6.1; Win64; x64) AppleWebKit/537.36 (KHTML, like Gecko) Chrome/96.0.4664.110 Safari/537.36" 
134.209.30.2 - - [11/Apr/2022:02:24:09 -0700] "GET /wp-content/themes/twentytwentyone/a.php HTTP/1.1" 404 33289 "-" "Mozilla/5.0 (Windows NT 6.1; Win64; x64) AppleWebKit/537.36 (KHTML, like Gecko) Chrome/96.0.4664.110 Safari/537.36" 
134.209.30.2 - - [11/Apr/2022:02:24:10 -0700] "GET /wp-content/themes/twentytwentyone/b.php HTTP/1.1" 404 33289 "-" "Mozilla/5.0 (Windows NT 6.1; Win64; x64) AppleWebKit/537.36 (KHTML, like Gecko) Chrome/96.0.4664.110 Safari/537.36" 
134.209.30.2 - - [11/Apr/2022:02:24:12 -0700] "GET /wp-content/themes/twentytwentyone/c.php HTTP/1.1" 404 33289 "-" "Mozilla/5.0 (Windows NT 6.1; Win64; x64) AppleWebKit/537.36 (KHTML, like Gecko) Chrome/96.0.4664.110 Safari/537.36" 
134.209.30.2 - - [11/Apr/2022:02:24:12 -0700] "GET /wp-content/themes/twentytwentyone/s.php HTTP/1.1" 404 33289 "-" "Mozilla/5.0 (Windows NT 6.1; Win64; x64) AppleWebKit/537.36 (KHTML, like Gecko) Chrome/96.0.4664.110 Safari/537.36" 
134.209.30.2 - - [11/Apr/2022:02:24:18 -0700] "GET /wp-content/themes/twentytwentyone/alfashell.php HTTP/1.1" 404 33289 "-" "Mozilla/5.0 (Windows NT 6.1; Win64; x64) AppleWebKit/537.36 (KHTML, like Gecko) Chrome/96.0.4664.110 Safari/537.36" 
134.209.30.2 - - [11/Apr/2022:02:24:24 -0700] "GET /wp-content/themes/twentytwentyone/alf4.php HTTP/1.1" 404 33289 "-" "Mozilla/5.0 (Windows NT 6.1; Win64; x64) AppleWebKit/537.36 (KHTML, like Gecko) Chrome/96.0.4664.110 Safari/537.36" 
134.209.30.2 - - [11/Apr/2022:02:24:26 -0700] "GET /wp-content/themes/twentytwentyone/r57.php HTTP/1.1" 404 33289 "-" "Mozilla/5.0 (Windows NT 6.1; Win64; x64) AppleWebKit/537.36 (KHTML, like Gecko) Chrome/96.0.4664.110 Safari/537.36" 
134.209.30.2 - - [11/Apr/2022:02:24:27 -0700] "GET /wp-content/themes/twentytwentyone/c99.php HTTP/1.1" 404 33289 "-" "Mozilla/5.0 (Windows NT 6.1; Win64; x64) AppleWebKit/537.36 (KHTML, like Gecko) Chrome/96.0.4664.110 Safari/537.36" 
134.209.30.2 - - [11/Apr/2022:02:24:28 -0700] "GET /wp-content/themes/twentytwentyone/shell.php HTTP/1.1" 404 33289 "-" "Mozilla/5.0 (Windows NT 6.1; Win64; x64) AppleWebKit/537.36 (KHTML, like Gecko) Chrome/96.0.4664.110 Safari/537.36" 
165.225.125.47 - - [11/Apr/2022:02:24:28 -0700] "GET /onefs-cluster-configuration-export-import/ HTTP/1.1" 200 10725 "https://www.google.co.in/" "Mozilla/5.0 (Windows NT 10.0; Win64; x64) AppleWebKit/537.36 (KHTML, like Gecko) Chrome/99.0.4844.51 Safari/537.36 Edg/99.0.1150.36" 
165.225.125.47 - - [11/Apr/2022:02:24:29 -0700] "GET /wp-content/plugins/jetpack/modules/theme-tools/compat/twentysixteen.css?ver=10.6 HTTP/1.1" 200 3555 "http://www.unstructureddatatips.com/onefs-cluster-configuration-export-import/" "Mozilla/5.0 (Windows NT 10.0; Win64; x64) AppleWebKit/537.36 (KHTML, like Gecko) Chrome/99.0.4844.51 Safari/537.36 Edg/99.0.1150.36" 
165.225.125.47 - - [11/Apr/2022:02:24:29 -0700] "GET /wp-includes/js/mediaelement/mediaelementplayer-legacy.min.css?ver=4.2.16 HTTP/1.1" 200 2941 "http://www.unstructureddatatips.com/onefs-cluster-configuration-export-import/" "Mozilla/5.0 (Windows NT 10.0; Win64; x64) AppleWebKit/537.36 (KHTML, like Gecko) Chrome/99.0.4844.51 Safari/537.36 Edg/99.0.1150.36" 
165.225.125.47 - - [11/Apr/2022:02:24:29 -0700] "GET /wp-includes/css/dist/block-library/style.min.css?ver=5.9.3 HTTP/1.1" 200 12079 "http://www.unstructureddatatips.com/onefs-cluster-configuration-export-import/" "Mozilla/5.0 (Windows NT 10.0; Win64; x64) AppleWebKit/537.36 (KHTML, like Gecko) Chrome/99.0.4844.51 Safari/537.36 Edg/99.0.1150.36" 
134.209.30.2 - - [11/Apr/2022:02:24:29 -0700] "GET /wp-content/themes/twentytwentyone/vuln.php HTTP/1.1" 404 33289 "-" "Mozilla/5.0 (Windows NT 6.1; Win64; x64) AppleWebKit/537.36 (KHTML, like Gecko) Chrome/96.0.4664.110 Safari/537.36" 
165.225.125.47 - - [11/Apr/2022:02:24:30 -0700] "GET /wp-includes/js/mediaelement/wp-mediaelement.min.css?ver=5.9.3 HTTP/1.1" 200 1544 "http://www.unstructureddatatips.com/onefs-cluster-configuration-export-import/" "Mozilla/5.0 (Windows NT 10.0; Win64; x64) AppleWebKit/537.36 (KHTML, like Gecko) Chrome/99.0.4844.51 Safari/537.36 Edg/99.0.1150.36" 
165.225.125.47 - - [11/Apr/2022:02:24:30 -0700] "GET /wp-content/plugins/jetpack/_inc/genericons/genericons/genericons.css?ver=3.1 HTTP/1.1" 200 16676 "http://www.unstructureddatatips.com/onefs-cluster-configuration-export-import/" "Mozilla/5.0 (Windows NT 10.0; Win64; x64) AppleWebKit/537.36 (KHTML, like Gecko) Chrome/99.0.4844.51 Safari/537.36 Edg/99.0.1150.36" 
165.225.125.47 - - [11/Apr/2022:02:24:30 -0700] "GET /wp-content/themes/twentysixteen/style.css?ver=5.9.3 HTTP/1.1" 200 13954 "http://www.unstructureddatatips.com/onefs-cluster-configuration-export-import/" "Mozilla/5.0 (Windows NT 10.0; Win64; x64) AppleWebKit/537.36 (KHTML, like Gecko) Chrome/99.0.4844.51 Safari/537.36 Edg/99.0.1150.36" 
165.225.125.47 - - [11/Apr/2022:02:24:30 -0700] "GET /wp-content/themes/twentysixteen/css/blocks.css?ver=20181230 HTTP/1.1" 200 2193 "http://www.unstructureddatatips.com/onefs-cluster-configuration-export-import/" "Mozilla/5.0 (Windows NT 10.0; Win64; x64) AppleWebKit/537.36 (KHTML, like Gecko) Chrome/99.0.4844.51 Safari/537.36 Edg/99.0.1150.36" 
165.225.125.47 - - [11/Apr/2022:02:24:30 -0700] "GET /wp-content/plugins/jetpack/css/jetpack.css?ver=10.6 HTTP/1.1" 200 17402 "http://www.unstructureddatatips.com/onefs-cluster-configuration-export-import/" "Mozilla/5.0 (Windows NT 10.0; Win64; x64) AppleWebKit/537.36 (KHTML, like Gecko) Chrome/99.0.4844.51 Safari/537.36 Edg/99.0.1150.36" 
165.225.125.47 - - [11/Apr/2022:02:24:30 -0700] "GET /wp-includes/js/jquery/jquery.min.js?ver=3.6.0 HTTP/1.1" 200 31805 "http://www.unstructureddatatips.com/onefs-cluster-configuration-export-import/" "Mozilla/5.0 (Windows NT 10.0; Win64; x64) AppleWebKit/537.36 (KHTML, like Gecko) Chrome/99.0.4844.51 Safari/537.36 Edg/99.0.1150.36" 
165.225.125.47 - - [11/Apr/2022:02:24:30 -0700] "GET /wp-includes/js/jquery/jquery-migrate.min.js?ver=3.3.2 HTTP/1.1" 200 4567 "http://www.unstructureddatatips.com/onefs-cluster-configuration-export-import/" "Mozilla/5.0 (Windows NT 10.0; Win64; x64) AppleWebKit/537.36 (KHTML, like Gecko) Chrome/99.0.4844.51 Safari/537.36 Edg/99.0.1150.36" 
